Archive member included to satisfy reference by file (symbol)

C:/ST/STM32CubeIDE_1.17.0/STM32CubeIDE/plugins/com.st.stm32cube.ide.mcu.externaltools.gnu-tools-for-stm32.12.3.rel1.win32_1.1.0.202410251130/tools/bin/../lib/gcc/arm-none-eabi/12.3.1/../../../../arm-none-eabi/lib/thumb/v7e-m+fp/hard\libc_nano.a(libc_a-exit.o)
                              C:/ST/STM32CubeIDE_1.17.0/STM32CubeIDE/plugins/com.st.stm32cube.ide.mcu.externaltools.gnu-tools-for-stm32.12.3.rel1.win32_1.1.0.202410251130/tools/bin/../lib/gcc/arm-none-eabi/12.3.1/../../../../arm-none-eabi/lib/thumb/v7e-m+fp/hard/crt0.o (exit)
C:/ST/STM32CubeIDE_1.17.0/STM32CubeIDE/plugins/com.st.stm32cube.ide.mcu.externaltools.gnu-tools-for-stm32.12.3.rel1.win32_1.1.0.202410251130/tools/bin/../lib/gcc/arm-none-eabi/12.3.1/../../../../arm-none-eabi/lib/thumb/v7e-m+fp/hard\libc_nano.a(libc_a-itoa.o)
                              ./Core/Src/main.o (itoa)
C:/ST/STM32CubeIDE_1.17.0/STM32CubeIDE/plugins/com.st.stm32cube.ide.mcu.externaltools.gnu-tools-for-stm32.12.3.rel1.win32_1.1.0.202410251130/tools/bin/../lib/gcc/arm-none-eabi/12.3.1/../../../../arm-none-eabi/lib/thumb/v7e-m+fp/hard\libc_nano.a(libc_a-utoa.o)
                              C:/ST/STM32CubeIDE_1.17.0/STM32CubeIDE/plugins/com.st.stm32cube.ide.mcu.externaltools.gnu-tools-for-stm32.12.3.rel1.win32_1.1.0.202410251130/tools/bin/../lib/gcc/arm-none-eabi/12.3.1/../../../../arm-none-eabi/lib/thumb/v7e-m+fp/hard\libc_nano.a(libc_a-itoa.o) (__utoa)
C:/ST/STM32CubeIDE_1.17.0/STM32CubeIDE/plugins/com.st.stm32cube.ide.mcu.externaltools.gnu-tools-for-stm32.12.3.rel1.win32_1.1.0.202410251130/tools/bin/../lib/gcc/arm-none-eabi/12.3.1/../../../../arm-none-eabi/lib/thumb/v7e-m+fp/hard\libc_nano.a(libc_a-findfp.o)
                              C:/ST/STM32CubeIDE_1.17.0/STM32CubeIDE/plugins/com.st.stm32cube.ide.mcu.externaltools.gnu-tools-for-stm32.12.3.rel1.win32_1.1.0.202410251130/tools/bin/../lib/gcc/arm-none-eabi/12.3.1/../../../../arm-none-eabi/lib/thumb/v7e-m+fp/hard\libc_nano.a(libc_a-exit.o) (__stdio_exit_handler)
C:/ST/STM32CubeIDE_1.17.0/STM32CubeIDE/plugins/com.st.stm32cube.ide.mcu.externaltools.gnu-tools-for-stm32.12.3.rel1.win32_1.1.0.202410251130/tools/bin/../lib/gcc/arm-none-eabi/12.3.1/../../../../arm-none-eabi/lib/thumb/v7e-m+fp/hard\libc_nano.a(libc_a-fwalk.o)
                              C:/ST/STM32CubeIDE_1.17.0/STM32CubeIDE/plugins/com.st.stm32cube.ide.mcu.externaltools.gnu-tools-for-stm32.12.3.rel1.win32_1.1.0.202410251130/tools/bin/../lib/gcc/arm-none-eabi/12.3.1/../../../../arm-none-eabi/lib/thumb/v7e-m+fp/hard\libc_nano.a(libc_a-findfp.o) (_fwalk_sglue)
C:/ST/STM32CubeIDE_1.17.0/STM32CubeIDE/plugins/com.st.stm32cube.ide.mcu.externaltools.gnu-tools-for-stm32.12.3.rel1.win32_1.1.0.202410251130/tools/bin/../lib/gcc/arm-none-eabi/12.3.1/../../../../arm-none-eabi/lib/thumb/v7e-m+fp/hard\libc_nano.a(libc_a-stdio.o)
                              C:/ST/STM32CubeIDE_1.17.0/STM32CubeIDE/plugins/com.st.stm32cube.ide.mcu.externaltools.gnu-tools-for-stm32.12.3.rel1.win32_1.1.0.202410251130/tools/bin/../lib/gcc/arm-none-eabi/12.3.1/../../../../arm-none-eabi/lib/thumb/v7e-m+fp/hard\libc_nano.a(libc_a-findfp.o) (__sread)
C:/ST/STM32CubeIDE_1.17.0/STM32CubeIDE/plugins/com.st.stm32cube.ide.mcu.externaltools.gnu-tools-for-stm32.12.3.rel1.win32_1.1.0.202410251130/tools/bin/../lib/gcc/arm-none-eabi/12.3.1/../../../../arm-none-eabi/lib/thumb/v7e-m+fp/hard\libc_nano.a(libc_a-memset.o)
                              C:/ST/STM32CubeIDE_1.17.0/STM32CubeIDE/plugins/com.st.stm32cube.ide.mcu.externaltools.gnu-tools-for-stm32.12.3.rel1.win32_1.1.0.202410251130/tools/bin/../lib/gcc/arm-none-eabi/12.3.1/../../../../arm-none-eabi/lib/thumb/v7e-m+fp/hard/crt0.o (memset)
C:/ST/STM32CubeIDE_1.17.0/STM32CubeIDE/plugins/com.st.stm32cube.ide.mcu.externaltools.gnu-tools-for-stm32.12.3.rel1.win32_1.1.0.202410251130/tools/bin/../lib/gcc/arm-none-eabi/12.3.1/../../../../arm-none-eabi/lib/thumb/v7e-m+fp/hard\libc_nano.a(libc_a-closer.o)
                              C:/ST/STM32CubeIDE_1.17.0/STM32CubeIDE/plugins/com.st.stm32cube.ide.mcu.externaltools.gnu-tools-for-stm32.12.3.rel1.win32_1.1.0.202410251130/tools/bin/../lib/gcc/arm-none-eabi/12.3.1/../../../../arm-none-eabi/lib/thumb/v7e-m+fp/hard\libc_nano.a(libc_a-stdio.o) (_close_r)
C:/ST/STM32CubeIDE_1.17.0/STM32CubeIDE/plugins/com.st.stm32cube.ide.mcu.externaltools.gnu-tools-for-stm32.12.3.rel1.win32_1.1.0.202410251130/tools/bin/../lib/gcc/arm-none-eabi/12.3.1/../../../../arm-none-eabi/lib/thumb/v7e-m+fp/hard\libc_nano.a(libc_a-reent.o)
                              C:/ST/STM32CubeIDE_1.17.0/STM32CubeIDE/plugins/com.st.stm32cube.ide.mcu.externaltools.gnu-tools-for-stm32.12.3.rel1.win32_1.1.0.202410251130/tools/bin/../lib/gcc/arm-none-eabi/12.3.1/../../../../arm-none-eabi/lib/thumb/v7e-m+fp/hard\libc_nano.a(libc_a-closer.o) (errno)
[...]
Memory Configuration

Name             Origin             Length             Attributes
RAM              0x20000000         0x00010000         xrw
FLASH            0x08000000         0x00040000         xr
*default*        0x00000000         0xffffffff

Linker script and memory map

LOAD C:/ST/STM32CubeIDE_1.17.0/STM32CubeIDE/plugins/com.st.stm32cube.ide.mcu.externaltools.gnu-tools-for-stm32.12.3.rel1.win32_1.1.0.202410251130/tools/bin/../lib/gcc/arm-none-eabi/12.3.1/thumb/v7e-m+fp/hard/crti.o
LOAD C:/ST/STM32CubeIDE_1.17.0/STM32CubeIDE/plugins/com.st.stm32cube.ide.mcu.externaltools.gnu-tools-for-stm32.12.3.rel1.win32_1.1.0.202410251130/tools/bin/../lib/gcc/arm-none-eabi/12.3.1/thumb/v7e-m+fp/hard/crtbegin.o
LOAD C:/ST/STM32CubeIDE_1.17.0/STM32CubeIDE/plugins/com.st.stm32cube.ide.mcu.externaltools.gnu-tools-for-stm32.12.3.rel1.win32_1.1.0.202410251130/tools/bin/../lib/gcc/arm-none-eabi/12.3.1/../../../../arm-none-eabi/lib/thumb/v7e-m+fp/hard/crt0.o
LOAD ./Core/Src/gpio.o
LOAD ./Core/Src/i2c.o
LOAD ./Core/Src/main.o
LOAD ./Core/Src/stm32f4xx_hal_msp.o
LOAD ./Core/Src/stm32f4xx_it.o
LOAD ./Core/Src/syscalls.o
LOAD ./Core/Src/sysmem.o
LOAD ./Core/Src/system_stm32f4xx.o
LOAD ./Core/Startup/startup_stm32f401ccux.o
LOAD ./Drivers/STM32F4xx_HAL_Driver/stm32f4xx_hal.o
LOAD ./Drivers/STM32F4xx_HAL_Driver/stm32f4xx_hal_cortex.o
LOAD ./Drivers/STM32F4xx_HAL_Driver/stm32f4xx_hal_dma.o
LOAD ./Drivers/STM32F4xx_HAL_Driver/stm32f4xx_hal_dma_ex.o
LOAD ./Drivers/STM32F4xx_HAL_Driver/stm32f4xx_hal_exti.o
LOAD ./Drivers/STM32F4xx_HAL_Driver/stm32f4xx_hal_flash.o
LOAD ./Drivers/STM32F4xx_HAL_Driver/stm32f4xx_hal_flash_ex.o
LOAD ./Drivers/STM32F4xx_HAL_Driver/stm32f4xx_hal_flash_ramfunc.o
LOAD ./Drivers/STM32F4xx_HAL_Driver/stm32f4xx_hal_gpio.o
LOAD ./Drivers/STM32F4xx_HAL_Driver/stm32f4xx_hal_i2c.o
LOAD ./Drivers/STM32F4xx_HAL_Driver/stm32f4xx_hal_i2c_ex.o
LOAD ./Drivers/STM32F4xx_HAL_Driver/stm32f4xx_hal_pcd.o
LOAD ./Drivers/STM32F4xx_HAL_Driver/stm32f4xx_hal_pcd_ex.o
LOAD ./Drivers/STM32F4xx_HAL_Driver/stm32f4xx_hal_pwr.o
LOAD ./Drivers/STM32F4xx_HAL_Driver/stm32f4xx_hal_pwr_ex.o
LOAD ./Drivers/STM32F4xx_HAL_Driver/stm32f4xx_hal_rcc.o
LOAD ./Drivers/STM32F4xx_HAL_Driver/stm32f4xx_hal_rcc_ex.o
LOAD ./Drivers/STM32F4xx_HAL_Driver/stm32f4xx_ll_usb.o
LOAD ./Middlewares/USB_Device_Library/usbd_cdc.o
LOAD ./Middlewares/USB_Device_Library/usbd_core.o
LOAD ./Middlewares/USB_Device_Library/usbd_ctlreq.o
LOAD ./Middlewares/USB_Device_Library/usbd_ioreq.o
LOAD ./USB_DEVICE/App/usb_device.o
LOAD ./USB_DEVICE/App/usbd_cdc_if.o
LOAD ./USB_DEVICE/App/usbd_desc.o
LOAD ./USB_DEVICE/Target/usbd_conf.o
START GROUP
LOAD C:/ST/STM32CubeIDE_1.17.0/STM32CubeIDE/plugins/com.st.stm32cube.ide.mcu.externaltools.gnu-tools-for-stm32.12.3.rel1.win32_1.1.0.202410251130/tools/bin/../lib/gcc/arm-none-eabi/12.3.1/../../../../arm-none-eabi/lib/thumb/v7e-m+fp/hard\libstdc++_nano.a
LOAD C:/ST/STM32CubeIDE_1.17.0/STM32CubeIDE/plugins/com.st.stm32cube.ide.mcu.externaltools.gnu-tools-for-stm32.12.3.rel1.win32_1.1.0.202410251130/tools/bin/../lib/gcc/arm-none-eabi/12.3.1/../../../../arm-none-eabi/lib/thumb/v7e-m+fp/hard\libsupc++_nano.a
END GROUP
LOAD C:/ST/STM32CubeIDE_1.17.0/STM32CubeIDE/plugins/com.st.stm32cube.ide.mcu.externaltools.gnu-tools-for-stm32.12.3.rel1.win32_1.1.0.202410251130/tools/bin/../lib/gcc/arm-none-eabi/12.3.1/../../../../arm-none-eabi/lib/thumb/v7e-m+fp/hard\libstdc++_nano.a
LOAD C:/ST/STM32CubeIDE_1.17.0/STM32CubeIDE/plugins/com.st.stm32cube.ide.mcu.externaltools.gnu-tools-for-stm32.12.3.rel1.win32_1.1.0.202410251130/tools/bin/../lib/gcc/arm-none-eabi/12.3.1/../../../../arm-none-eabi/lib/thumb/v7e-m+fp/hard\libm.a
LOAD C:/ST/STM32CubeIDE_1.17.0/STM32CubeIDE/plugins/com.st.stm32cube.ide.mcu.externaltools.gnu-tools-for-stm32.12.3.rel1.win32_1.1.0.202410251130/tools/bin/../lib/gcc/arm-none-eabi/12.3.1/../../../../arm-none-eabi/lib/thumb/v7e-m+fp/hard\libc_nano.a
START GROUP
LOAD C:/ST/STM32CubeIDE_1.17.0/STM32CubeIDE/plugins/com.st.stm32cube.ide.mcu.externaltools.gnu-tools-for-stm32.12.3.rel1.win32_1.1.0.202410251130/tools/bin/../lib/gcc/arm-none-eabi/12.3.1/thumb/v7e-m+fp/hard\libgcc.a
LOAD C:/ST/STM32CubeIDE_1.17.0/STM32CubeIDE/plugins/com.st.stm32cube.ide.mcu.externaltools.gnu-tools-for-stm32.12.3.rel1.win32_1.1.0.202410251130/tools/bin/../lib/gcc/arm-none-eabi/12.3.1/../../../../arm-none-eabi/lib/thumb/v7e-m+fp/hard\libc_nano.a
END GROUP
START GROUP
LOAD C:/ST/STM32CubeIDE_1.17.0/STM32CubeIDE/plugins/com.st.stm32cube.ide.mcu.externaltools.gnu-tools-for-stm32.12.3.rel1.win32_1.1.0.202410251130/tools/bin/../lib/gcc/arm-none-eabi/12.3.1/thumb/v7e-m+fp/hard\libgcc.a
LOAD C:/ST/STM32CubeIDE_1.17.0/STM32CubeIDE/plugins/com.st.stm32cube.ide.mcu.externaltools.gnu-tools-for-stm32.12.3.rel1.win32_1.1.0.202410251130/tools/bin/../lib/gcc/arm-none-eabi/12.3.1/../../../../arm-none-eabi/lib/thumb/v7e-m+fp/hard\libc_nano.a
LOAD C:/ST/STM32CubeIDE_1.17.0/STM32CubeIDE/plugins/com.st.stm32cube.ide.mcu.externaltools.gnu-tools-for-stm32.12.3.rel1.win32_1.1.0.202410251130/tools/bin/../lib/gcc/arm-none-eabi/12.3.1/../../../../arm-none-eabi/lib/thumb/v7e-m+fp/hard\libnosys.a
END GROUP
START GROUP
LOAD C:/ST/STM32CubeIDE_1.17.0/STM32CubeIDE/plugins/com.st.stm32cube.ide.mcu.externaltools.gnu-tools-for-stm32.12.3.rel1.win32_1.1.0.202410251130/tools/bin/../lib/gcc/arm-none-eabi/12.3.1/thumb/v7e-m+fp/hard\libgcc.a
LOAD C:/ST/STM32CubeIDE_1.17.0/STM32CubeIDE/plugins/com.st.stm32cube.ide.mcu.externaltools.gnu-tools-for-stm32.12.3.rel1.win32_1.1.0.202410251130/tools/bin/../lib/gcc/arm-none-eabi/12.3.1/../../../../arm-none-eabi/lib/thumb/v7e-m+fp/hard\libc_nano.a
LOAD C:/ST/STM32CubeIDE_1.17.0/STM32CubeIDE/plugins/com.st.stm32cube.ide.mcu.externaltools.gnu-tools-for-stm32.12.3.rel1.win32_1.1.0.202410251130/tools/bin/../lib/gcc/arm-none-eabi/12.3.1/../../../../arm-none-eabi/lib/thumb/v7e-m+fp/hard\libnosys.a
END GROUP
LOAD C:/ST/STM32CubeIDE_1.17.0/STM32CubeIDE/plugins/com.st.stm32cube.ide.mcu.externaltools.gnu-tools-for-stm32.12.3.rel1.win32_1.1.0.202410251130/tools/bin/../lib/gcc/arm-none-eabi/12.3.1/thumb/v7e-m+fp/hard/crtend.o
LOAD C:/ST/STM32CubeIDE_1.17.0/STM32CubeIDE/plugins/com.st.stm32cube.ide.mcu.externaltools.gnu-tools-for-stm32.12.3.rel1.win32_1.1.0.202410251130/tools/bin/../lib/gcc/arm-none-eabi/12.3.1/thumb/v7e-m+fp/hard/crtn.o
                0x20010000                        _estack = (ORIGIN (RAM) + LENGTH (RAM))
                0x00000200                        _Min_Heap_Size = 0x200
                0x00000400                        _Min_Stack_Size = 0x400

.isr_vector     0x08000000      0x194
                0x08000000                        . = ALIGN (0x4)
 *(.isr_vector)
 .isr_vector    0x08000000      0x194 ./Core/Startup/startup_stm32f401ccux.o
                0x08000000                g_pfnVectors
                0x08000194                        . = ALIGN (0x4)

.text           0x08000194     0x7f58
                0x08000194                        . = ALIGN (0x4)
 *(.text)
 .text          0x08000194       0x40 C:/ST/STM32CubeIDE_1.17.0/STM32CubeIDE/plugins/com.st.stm32cube.ide.mcu.externaltools.gnu-tools-for-stm32.12.3.rel1.win32_1.1.0.202410251130/tools/bin/../lib/gcc/arm-none-eabi/12.3.1/thumb/v7e-m+fp/hard/crtbegin.o
 .text          0x080001d4       0x30 C:/ST/STM32CubeIDE_1.17.0/STM32CubeIDE/plugins/com.st.stm32cube.ide.mcu.externaltools.gnu-tools-for-stm32.12.3.rel1.win32_1.1.0.202410251130/tools/bin/../lib/gcc/arm-none-eabi/12.3.1/thumb/v7e-m+fp/hard\libgcc.a(_aeabi_uldivmod.o)
                0x080001d4                __aeabi_uldivmod
 .text          0x08000204      0x2bc C:/ST/STM32CubeIDE_1.17.0/STM32CubeIDE/plugins/com.st.stm32cube.ide.mcu.externaltools.gnu-tools-for-stm32.12.3.rel1.win32_1.1.0.202410251130/tools/bin/../lib/gcc/arm-none-eabi/12.3.1/thumb/v7e-m+fp/hard\libgcc.a(_udivmoddi4.o)
                0x08000204                __udivmoddi4
 .text          0x080004c0        0x4 C:/ST/STM32CubeIDE_1.17.0/STM32CubeIDE/plugins/com.st.stm32cube.ide.mcu.externaltools.gnu-tools-for-stm32.12.3.rel1.win32_1.1.0.202410251130/tools/bin/../lib/gcc/arm-none-eabi/12.3.1/thumb/v7e-m+fp/hard\libgcc.a(_dvmd_tls.o)
                0x080004c0                __aeabi_idiv0
                0x080004c0                __aeabi_ldiv0
 *(.text*)
 .text.MX_GPIO_Init
                0x080004c4       0xec ./Core/Src/gpio.o
                0x080004c4                MX_GPIO_Init
 .text.MX_I2C1_Init
                0x080005b0       0x5c ./Core/Src/i2c.o
                0x080005b0                MX_I2C1_Init
 .text.HAL_I2C_MspInit
                0x0800060c       0x90 ./Core/Src/i2c.o
                0x0800060c                HAL_I2C_MspInit
 .text.main     0x0800069c      0x2b4 ./Core/Src/main.o
                0x0800069c                main
 .text.SystemClock_Config
                0x08000950       0xd8 ./Core/Src/main.o
                0x08000950                SystemClock_Config
 .text.Error_Handler
                0x08000a28        0xc ./Core/Src/main.o
                0x08000a28                Error_Handler
 .text.HAL_MspInit
                0x08000a34       0x50 ./Core/Src/stm32f4xx_hal_msp.o
                0x08000a34                HAL_MspInit
 .text.NMI_Handler
                0x08000a84        0x8 ./Core/Src/stm32f4xx_it.o
                0x08000a84                NMI_Handler
 .text.HardFault_Handler
                0x08000a8c        0x8 ./Core/Src/stm32f4xx_it.o
                0x08000a8c                HardFault_Handler
 .text.MemManage_Handler
                0x08000a94        0x8 ./Core/Src/stm32f4xx_it.o
                0x08000a94                MemManage_Handler
 .text.BusFault_Handler
                0x08000a9c        0x8 ./Core/Src/stm32f4xx_it.o
                0x08000a9c                BusFault_Handler
 .text.UsageFault_Handler
                0x08000aa4        0x8 ./Core/Src/stm32f4xx_it.o
                0x08000aa4                UsageFault_Handler
 .text.SVC_Handler
                0x08000aac        0xe ./Core/Src/stm32f4xx_it.o
                0x08000aac                SVC_Handler
 .text.DebugMon_Handler
                0x08000aba        0xe ./Core/Src/stm32f4xx_it.o
                0x08000aba                DebugMon_Handler
 .text.PendSV_Handler
                0x08000ac8        0xe ./Core/Src/stm32f4xx_it.o
                0x08000ac8                PendSV_Handler
 .text.SysTick_Handler
                0x08000ad6        0xc ./Core/Src/stm32f4xx_it.o
                0x08000ad6                SysTick_Handler
 *fill*         0x08000ae2        0x2 
 .text.OTG_FS_IRQHandler
                0x08000ae4       0x14 ./Core/Src/stm32f4xx_it.o
                0x08000ae4                OTG_FS_IRQHandler
 .text.SystemInit
                0x08000af8       0x24 ./Core/Src/system_stm32f4xx.o
                0x08000af8                SystemInit
 .text.Reset_Handler
                0x08000b1c       0x50 ./Core/Startup/startup_stm32f401ccux.o
                0x08000b1c                Reset_Handler
 .text.Default_Handler
                0x08000b6c        0x2 ./Core/Startup/startup_stm32f401ccux.o
                0x08000b6c                RTC_Alarm_IRQHandler
                0x08000b6c                EXTI2_IRQHandler
                0x08000b6c                SPI4_IRQHandler
                0x08000b6c                TIM1_CC_IRQHandler
                0x08000b6c                DMA2_Stream5_IRQHandler
                0x08000b6c                DMA1_Stream5_IRQHandler
                0x08000b6c                PVD_IRQHandler
                0x08000b6c                SDIO_IRQHandler
                0x08000b6c                TAMP_STAMP_IRQHandler
                0x08000b6c                EXTI3_IRQHandler
                0x08000b6c                TIM1_UP_TIM10_IRQHandler
                0x08000b6c                I2C3_ER_IRQHandler
                0x08000b6c                EXTI0_IRQHandler
                0x08000b6c                I2C2_EV_IRQHandler
                0x08000b6c                DMA1_Stream2_IRQHandler
                0x08000b6c                FPU_IRQHandler
                0x08000b6c                DMA2_Stream2_IRQHandler
                0x08000b6c                SPI1_IRQHandler
                0x08000b6c                TIM1_BRK_TIM9_IRQHandler
                0x08000b6c                DMA2_Stream3_IRQHandler
                0x08000b6c                USART6_IRQHandler
                0x08000b6c                DMA2_Stream0_IRQHandler
                0x08000b6c                TIM4_IRQHandler
                0x08000b6c                I2C1_EV_IRQHandler
                0x08000b6c                DMA1_Stream6_IRQHandler
                0x08000b6c                DMA1_Stream1_IRQHandler
                0x08000b6c                TIM3_IRQHandler
                0x08000b6c                RCC_IRQHandler
                0x08000b6c                Default_Handler
                0x08000b6c                EXTI15_10_IRQHandler
                0x08000b6c                ADC_IRQHandler
                0x08000b6c                DMA1_Stream7_IRQHandler
                0x08000b6c                TIM5_IRQHandler
                0x08000b6c                DMA2_Stream7_IRQHandler
                0x08000b6c                I2C3_EV_IRQHandler
                0x08000b6c                EXTI9_5_IRQHandler
                0x08000b6c                RTC_WKUP_IRQHandler
                0x08000b6c                SPI2_IRQHandler
                0x08000b6c                DMA1_Stream0_IRQHandler
                0x08000b6c                EXTI4_IRQHandler
                0x08000b6c                WWDG_IRQHandler
                0x08000b6c                TIM2_IRQHandler
                0x08000b6c                OTG_FS_WKUP_IRQHandler
                0x08000b6c                TIM1_TRG_COM_TIM11_IRQHandler
                0x08000b6c                EXTI1_IRQHandler
                0x08000b6c                USART2_IRQHandler
                0x08000b6c                I2C2_ER_IRQHandler
                0x08000b6c                DMA2_Stream1_IRQHandler
                0x08000b6c                FLASH_IRQHandler
                0x08000b6c                DMA2_Stream4_IRQHandler
                0x08000b6c                USART1_IRQHandler
                0x08000b6c                SPI3_IRQHandler
                0x08000b6c                DMA1_Stream4_IRQHandler
                0x08000b6c                I2C1_ER_IRQHandler
                0x08000b6c                DMA2_Stream6_IRQHandler
                0x08000b6c                DMA1_Stream3_IRQHandler
 *fill*         0x08000b6e        0x2 
 .text.HAL_Init
                0x08000b70       0x44 ./Drivers/STM32F4xx_HAL_Driver/stm32f4xx_hal.o
                0x08000b70                HAL_Init
 .text.HAL_InitTick
                0x08000bb4       0x60 ./Drivers/STM32F4xx_HAL_Driver/stm32f4xx_hal.o
                0x08000bb4                HAL_InitTick
 .text.HAL_IncTick
                0x08000c14       0x28 ./Drivers/STM32F4xx_HAL_Driver/stm32f4xx_hal.o
                0x08000c14                HAL_IncTick
 .text.HAL_GetTick
                0x08000c3c       0x18 ./Drivers/STM32F4xx_HAL_Driver/stm32f4xx_hal.o
                0x08000c3c                HAL_GetTick
 .text.HAL_Delay
                0x08000c54       0x48 ./Drivers/STM32F4xx_HAL_Driver/stm32f4xx_hal.o
                0x08000c54                HAL_Delay
 .text.__NVIC_SetPriorityGrouping
                0x08000c9c       0x48 ./Drivers/STM32F4xx_HAL_Driver/stm32f4xx_hal_cortex.o
 .text.__NVIC_GetPriorityGrouping
                0x08000ce4       0x1c ./Drivers/STM32F4xx_HAL_Driver/stm32f4xx_hal_cortex.o
 .text.__NVIC_EnableIRQ
                0x08000d00       0x3c ./Drivers/STM32F4xx_HAL_Driver/stm32f4xx_hal_cortex.o
 .text.__NVIC_SetPriority
                0x08000d3c       0x54 ./Drivers/STM32F4xx_HAL_Driver/stm32f4xx_hal_cortex.o
 .text.NVIC_EncodePriority
                0x08000d90       0x66 ./Drivers/STM32F4xx_HAL_Driver/stm32f4xx_hal_cortex.o
 *fill*         0x08000df6        0x2 
 .text.SysTick_Config
                0x08000df8       0x44 ./Drivers/STM32F4xx_HAL_Driver/stm32f4xx_hal_cortex.o
 .text.HAL_NVIC_SetPriorityGrouping
                0x08000e3c       0x16 ./Drivers/STM32F4xx_HAL_Driver/stm32f4xx_hal_cortex.o
                0x08000e3c                HAL_NVIC_SetPriorityGrouping
 .text.HAL_NVIC_SetPriority
                0x08000e52       0x38 ./Drivers/STM32F4xx_HAL_Driver/stm32f4xx_hal_cortex.o
                0x08000e52                HAL_NVIC_SetPriority
 .text.HAL_NVIC_EnableIRQ
                0x08000e8a       0x1c ./Drivers/STM32F4xx_HAL_Driver/stm32f4xx_hal_cortex.o
                0x08000e8a                HAL_NVIC_EnableIRQ
 .text.HAL_SYSTICK_Config
                0x08000ea6       0x18 ./Drivers/STM32F4xx_HAL_Driver/stm32f4xx_hal_cortex.o
                0x08000ea6                HAL_SYSTICK_Config
 *fill*         0x08000ebe        0x2 
 .text.HAL_GPIO_Init
                0x08000ec0      0x308 ./Drivers/STM32F4xx_HAL_Driver/stm32f4xx_hal_gpio.o
                0x08000ec0                HAL_GPIO_Init
 .text.HAL_GPIO_WritePin
                0x080011c8       0x32 ./Drivers/STM32F4xx_HAL_Driver/stm32f4xx_hal_gpio.o
                0x080011c8                HAL_GPIO_WritePin
 *fill*         0x080011fa        0x2 
 .text.HAL_I2C_Init
                0x080011fc      0x288 ./Drivers/STM32F4xx_HAL_Driver/stm32f4xx_hal_i2c.o
                0x080011fc                HAL_I2C_Init
 .text.HAL_I2C_Mem_Write
                0x08001484      0x1f4 ./Drivers/STM32F4xx_HAL_Driver/stm32f4xx_hal_i2c.o
                0x08001484                HAL_I2C_Mem_Write
 .text.HAL_I2C_Mem_Read
                0x08001678      0x464 ./Drivers/STM32F4xx_HAL_Driver/stm32f4xx_hal_i2c.o
                0x08001678                HAL_I2C_Mem_Read
 .text.I2C_RequestMemoryWrite
                0x08001adc      0x12c ./Drivers/STM32F4xx_HAL_Driver/stm32f4xx_hal_i2c.o
 .text.I2C_RequestMemoryRead
                0x08001c08      0x1d0 ./Drivers/STM32F4xx_HAL_Driver/stm32f4xx_hal_i2c.o
 .text.I2C_WaitOnFlagUntilTimeout
                0x08001dd8       0xf4 ./Drivers/STM32F4xx_HAL_Driver/stm32f4xx_hal_i2c.o
 .text.I2C_WaitOnMasterAddressFlagUntilTimeout
                0x08001ecc      0x140 ./Drivers/STM32F4xx_HAL_Driver/stm32f4xx_hal_i2c.o
 .text.I2C_WaitOnTXEFlagUntilTimeout
                0x0800200c       0x90 ./Drivers/STM32F4xx_HAL_Driver/stm32f4xx_hal_i2c.o
 .text.I2C_WaitOnBTFFlagUntilTimeout
                0x0800209c       0x90 ./Drivers/STM32F4xx_HAL_Driver/stm32f4xx_hal_i2c.o
 .text.I2C_WaitOnRXNEFlagUntilTimeout
                0x0800212c       0xba ./Drivers/STM32F4xx_HAL_Driver/stm32f4xx_hal_i2c.o
 .text.I2C_IsAcknowledgeFailed
                0x080021e6       0x5e ./Drivers/STM32F4xx_HAL_Driver/stm32f4xx_hal_i2c.o
 .text.HAL_PCD_Init
                0x08002244      0x21e ./Drivers/STM32F4xx_HAL_Driver/stm32f4xx_hal_pcd.o
                0x08002244                HAL_PCD_Init
 .text.HAL_PCD_Start
                0x08002462       0x6a ./Drivers/STM32F4xx_HAL_Driver/stm32f4xx_hal_pcd.o
                0x08002462                HAL_PCD_Start
 .text.HAL_PCD_IRQHandler
                0x080024cc      0x942 ./Drivers/STM32F4xx_HAL_Driver/stm32f4xx_hal_pcd.o
                0x080024cc                HAL_PCD_IRQHandler
 .text.HAL_PCD_SetAddress
                0x08002e0e       0x48 ./Drivers/STM32F4xx_HAL_Driver/stm32f4xx_hal_pcd.o
                0x08002e0e                HAL_PCD_SetAddress
 .text.HAL_PCD_EP_Open
                0x08002e56       0xd4 ./Drivers/STM32F4xx_HAL_Driver/stm32f4xx_hal_pcd.o
                0x08002e56                HAL_PCD_EP_Open
 .text.HAL_PCD_EP_Close
                0x08002f2a       0x94 ./Drivers/STM32F4xx_HAL_Driver/stm32f4xx_hal_pcd.o
                0x08002f2a                HAL_PCD_EP_Close
 .text.HAL_PCD_EP_Receive
                0x08002fbe       0x76 ./Drivers/STM32F4xx_HAL_Driver/stm32f4xx_hal_pcd.o
                0x08002fbe                HAL_PCD_EP_Receive
 .text.HAL_PCD_EP_GetRxCount
                0x08003034       0x30 ./Drivers/STM32F4xx_HAL_Driver/stm32f4xx_hal_pcd.o
                0x08003034                HAL_PCD_EP_GetRxCount
 .text.HAL_PCD_EP_Transmit
                0x08003064       0x74 ./Drivers/STM32F4xx_HAL_Driver/stm32f4xx_hal_pcd.o
                0x08003064                HAL_PCD_EP_Transmit
 .text.HAL_PCD_EP_SetStall
                0x080030d8       0xc6 ./Drivers/STM32F4xx_HAL_Driver/stm32f4xx_hal_pcd.o
                0x080030d8                HAL_PCD_EP_SetStall
 .text.HAL_PCD_EP_ClrStall
                0x0800319e       0xac ./Drivers/STM32F4xx_HAL_Driver/stm32f4xx_hal_pcd.o
                0x0800319e                HAL_PCD_EP_ClrStall
 .text.HAL_PCD_EP_Abort
                0x0800324a       0x62 ./Drivers/STM32F4xx_HAL_Driver/stm32f4xx_hal_pcd.o
                0x0800324a                HAL_PCD_EP_Abort
 .text.PCD_WriteEmptyTxFifo
                0x080032ac      0x118 ./Drivers/STM32F4xx_HAL_Driver/stm32f4xx_hal_pcd.o
 .text.PCD_EP_OutXfrComplete_int
                0x080033c4      0x1d0 ./Drivers/STM32F4xx_HAL_Driver/stm32f4xx_hal_pcd.o
 .text.PCD_EP_OutSetupPacket_int
                0x08003594       0x8c ./Drivers/STM32F4xx_HAL_Driver/stm32f4xx_hal_pcd.o
 .text.HAL_PCDEx_SetTxFiFo
                0x08003620       0x8e ./Drivers/STM32F4xx_HAL_Driver/stm32f4xx_hal_pcd_ex.o
                0x08003620                HAL_PCDEx_SetTxFiFo
 .text.HAL_PCDEx_SetRxFiFo
                0x080036ae       0x22 ./Drivers/STM32F4xx_HAL_Driver/stm32f4xx_hal_pcd_ex.o
                0x080036ae                HAL_PCDEx_SetRxFiFo
 .text.HAL_PCDEx_LPM_Callback
                0x080036d0       0x18 ./Drivers/STM32F4xx_HAL_Driver/stm32f4xx_hal_pcd_ex.o
                0x080036d0                HAL_PCDEx_LPM_Callback
 .text.HAL_RCC_OscConfig
                0x080036e8      0x4f0 ./Drivers/STM32F4xx_HAL_Driver/stm32f4xx_hal_rcc.o
                0x080036e8                HAL_RCC_OscConfig
 .text.HAL_RCC_ClockConfig
                0x08003bd8      0x1cc ./Drivers/STM32F4xx_HAL_Driver/stm32f4xx_hal_rcc.o
                0x08003bd8                HAL_RCC_ClockConfig
 .text.HAL_RCC_GetSysClockFreq
                0x08003da4      0x18c ./Drivers/STM32F4xx_HAL_Driver/stm32f4xx_hal_rcc.o
                0x08003da4                HAL_RCC_GetSysClockFreq
 .text.HAL_RCC_GetHCLKFreq
                0x08003f30       0x18 ./Drivers/STM32F4xx_HAL_Driver/stm32f4xx_hal_rcc.o
                0x08003f30                HAL_RCC_GetHCLKFreq
 .text.HAL_RCC_GetPCLK1Freq
                0x08003f48       0x28 ./Drivers/STM32F4xx_HAL_Driver/stm32f4xx_hal_rcc.o
                0x08003f48                HAL_RCC_GetPCLK1Freq
 .text.USB_CoreInit
                0x08003f70       0xc8 ./Drivers/STM32F4xx_HAL_Driver/stm32f4xx_ll_usb.o
                0x08003f70                USB_CoreInit
 .text.USB_SetTurnaroundTime
                0x08004038      0x144 ./Drivers/STM32F4xx_HAL_Driver/stm32f4xx_ll_usb.o
                0x08004038                USB_SetTurnaroundTime
 .text.USB_EnableGlobalInt
                0x0800417c       0x22 ./Drivers/STM32F4xx_HAL_Driver/stm32f4xx_ll_usb.o
                0x0800417c                USB_EnableGlobalInt
 .text.USB_DisableGlobalInt
                0x0800419e       0x22 ./Drivers/STM32F4xx_HAL_Driver/stm32f4xx_ll_usb.o
                0x0800419e                USB_DisableGlobalInt
 .text.USB_SetCurrentMode
                0x080041c0       0x98 ./Drivers/STM32F4xx_HAL_Driver/stm32f4xx_ll_usb.o
                0x080041c0                USB_SetCurrentMode
 .text.USB_DevInit
                0x08004258      0x2c8 ./Drivers/STM32F4xx_HAL_Driver/stm32f4xx_ll_usb.o
                0x08004258                USB_DevInit
 .text.USB_FlushTxFifo
                0x08004520       0x64 ./Drivers/STM32F4xx_HAL_Driver/stm32f4xx_ll_usb.o
                0x08004520                USB_FlushTxFifo
 .text.USB_FlushRxFifo
                0x08004584       0x5c ./Drivers/STM32F4xx_HAL_Driver/stm32f4xx_ll_usb.o
                0x08004584                USB_FlushRxFifo
 .text.USB_SetDevSpeed
                0x080045e0       0x32 ./Drivers/STM32F4xx_HAL_Driver/stm32f4xx_ll_usb.o
                0x080045e0                USB_SetDevSpeed
 .text.USB_GetDevSpeed
                0x08004612       0x4a ./Drivers/STM32F4xx_HAL_Driver/stm32f4xx_ll_usb.o
                0x08004612                USB_GetDevSpeed
 .text.USB_ActivateEndpoint
                0x0800465c      0x10e ./Drivers/STM32F4xx_HAL_Driver/stm32f4xx_ll_usb.o
                0x0800465c                USB_ActivateEndpoint
 *fill*         0x0800476a        0x2 
 .text.USB_DeactivateEndpoint
                0x0800476c      0x1b8 ./Drivers/STM32F4xx_HAL_Driver/stm32f4xx_ll_usb.o
                0x0800476c                USB_DeactivateEndpoint
 .text.USB_EPStartXfer
                0x08004924      0x53c ./Drivers/STM32F4xx_HAL_Driver/stm32f4xx_ll_usb.o
                0x08004924                USB_EPStartXfer
 .text.USB_EPStopXfer
                0x08004e60      0x154 ./Drivers/STM32F4xx_HAL_Driver/stm32f4xx_ll_usb.o
                0x08004e60                USB_EPStopXfer
 .text.USB_WritePacket
                0x08004fb4       0x7c ./Drivers/STM32F4xx_HAL_Driver/stm32f4xx_ll_usb.o
                0x08004fb4                USB_WritePacket
 .text.USB_ReadPacket
                0x08005030       0xb0 ./Drivers/STM32F4xx_HAL_Driver/stm32f4xx_ll_usb.o
                0x08005030                USB_ReadPacket
 .text.USB_EPSetStall
                0x080050e0       0xdc ./Drivers/STM32F4xx_HAL_Driver/stm32f4xx_ll_usb.o
                0x080050e0                USB_EPSetStall
 .text.USB_EPClearStall
                0x080051bc       0xcc ./Drivers/STM32F4xx_HAL_Driver/stm32f4xx_ll_usb.o
                0x080051bc                USB_EPClearStall
 .text.USB_SetDevAddress
                0x08005288       0x4c ./Drivers/STM32F4xx_HAL_Driver/stm32f4xx_ll_usb.o
                0x08005288                USB_SetDevAddress
 .text.USB_DevConnect
                0x080052d4       0x42 ./Drivers/STM32F4xx_HAL_Driver/stm32f4xx_ll_usb.o
                0x080052d4                USB_DevConnect
 .text.USB_DevDisconnect
                0x08005316       0x42 ./Drivers/STM32F4xx_HAL_Driver/stm32f4xx_ll_usb.o
                0x08005316                USB_DevDisconnect
 .text.USB_ReadInterrupts
                0x08005358       0x26 ./Drivers/STM32F4xx_HAL_Driver/stm32f4xx_ll_usb.o
                0x08005358                USB_ReadInterrupts
 .text.USB_ReadDevAllOutEpInterrupt
                0x0800537e       0x34 ./Drivers/STM32F4xx_HAL_Driver/stm32f4xx_ll_usb.o
                0x0800537e                USB_ReadDevAllOutEpInterrupt
 .text.USB_ReadDevAllInEpInterrupt
                0x080053b2       0x34 ./Drivers/STM32F4xx_HAL_Driver/stm32f4xx_ll_usb.o
                0x080053b2                USB_ReadDevAllInEpInterrupt
 .text.USB_ReadDevOutEPInterrupt
                0x080053e6       0x3c ./Drivers/STM32F4xx_HAL_Driver/stm32f4xx_ll_usb.o
                0x080053e6                USB_ReadDevOutEPInterrupt
 .text.USB_ReadDevInEPInterrupt
                0x08005422       0x5c ./Drivers/STM32F4xx_HAL_Driver/stm32f4xx_ll_usb.o
                0x08005422                USB_ReadDevInEPInterrupt
 .text.USB_GetMode
                0x0800547e       0x1c ./Drivers/STM32F4xx_HAL_Driver/stm32f4xx_ll_usb.o
                0x0800547e                USB_GetMode
 .text.USB_ActivateSetup
                0x0800549a       0x46 ./Drivers/STM32F4xx_HAL_Driver/stm32f4xx_ll_usb.o
                0x0800549a                USB_ActivateSetup
 .text.USB_EP0_OutStart
                0x080054e0       0xbc ./Drivers/STM32F4xx_HAL_Driver/stm32f4xx_ll_usb.o
                0x080054e0                USB_EP0_OutStart
 .text.USB_CoreReset
                0x0800559c       0x62 ./Drivers/STM32F4xx_HAL_Driver/stm32f4xx_ll_usb.o
 *fill*         0x080055fe        0x2 
 .text.USBD_CDC_Init
                0x08005600      0x1f0 ./Middlewares/USB_Device_Library/usbd_cdc.o
 .text.USBD_CDC_DeInit
                0x080057f0      0x104 ./Middlewares/USB_Device_Library/usbd_cdc.o
 .text.USBD_CDC_Setup
                0x080058f4      0x1b8 ./Middlewares/USB_Device_Library/usbd_cdc.o
 .text.USBD_CDC_DataIn
                0x08005aac       0xfe ./Middlewares/USB_Device_Library/usbd_cdc.o
 .text.USBD_CDC_DataOut
                0x08005baa       0x70 ./Middlewares/USB_Device_Library/usbd_cdc.o
 .text.USBD_CDC_EP0_RxReady
                0x08005c1a       0x74 ./Middlewares/USB_Device_Library/usbd_cdc.o
 *fill*         0x08005c8e        0x2 
 .text.USBD_CDC_GetFSCfgDesc
                0x08005c90       0x70 ./Middlewares/USB_Device_Library/usbd_cdc.o
 .text.USBD_CDC_GetHSCfgDesc
                0x08005d00       0x70 ./Middlewares/USB_Device_Library/usbd_cdc.o
 .text.USBD_CDC_GetOtherSpeedCfgDesc
                0x08005d70       0x70 ./Middlewares/USB_Device_Library/usbd_cdc.o
 .text.USBD_CDC_GetDeviceQualifierDescriptor
                0x08005de0       0x20 ./Middlewares/USB_Device_Library/usbd_cdc.o
                0x08005de0                USBD_CDC_GetDeviceQualifierDescriptor
 .text.USBD_CDC_RegisterInterface
                0x08005e00       0x34 ./Middlewares/USB_Device_Library/usbd_cdc.o
                0x08005e00                USBD_CDC_RegisterInterface
 .text.USBD_CDC_SetTxBuffer
                0x08005e34       0x44 ./Middlewares/USB_Device_Library/usbd_cdc.o
                0x08005e34                USBD_CDC_SetTxBuffer
 .text.USBD_CDC_SetRxBuffer
                0x08005e78       0x3a ./Middlewares/USB_Device_Library/usbd_cdc.o
                0x08005e78                USBD_CDC_SetRxBuffer
 *fill*         0x08005eb2        0x2 
 .text.USBD_CDC_TransmitPacket
                0x08005eb4       0x80 ./Middlewares/USB_Device_Library/usbd_cdc.o
                0x08005eb4                USBD_CDC_TransmitPacket
 .text.USBD_CDC_ReceivePacket
                0x08005f34       0x6c ./Middlewares/USB_Device_Library/usbd_cdc.o
                0x08005f34                USBD_CDC_ReceivePacket
 .text.USBD_Init
                0x08005fa0       0x60 ./Middlewares/USB_Device_Library/usbd_core.o
                0x08005fa0                USBD_Init
 .text.USBD_RegisterClass
                0x08006000       0x6c ./Middlewares/USB_Device_Library/usbd_core.o
                0x08006000                USBD_RegisterClass
 .text.USBD_Start
                0x0800606c       0x18 ./Middlewares/USB_Device_Library/usbd_core.o
                0x0800606c                USBD_Start
 .text.USBD_RunTestMode
                0x08006084       0x16 ./Middlewares/USB_Device_Library/usbd_core.o
                0x08006084                USBD_RunTestMode
 .text.USBD_SetClassConfig
                0x0800609a       0x38 ./Middlewares/USB_Device_Library/usbd_core.o
                0x0800609a                USBD_SetClassConfig
 .text.USBD_ClrClassConfig
                0x080060d2       0x34 ./Middlewares/USB_Device_Library/usbd_core.o
                0x080060d2                USBD_ClrClassConfig
 .text.USBD_LL_SetupStage
                0x08006106       0xaa ./Middlewares/USB_Device_Library/usbd_core.o
                0x08006106                USBD_LL_SetupStage
 .text.USBD_LL_DataOutStage
                0x080061b0      0x166 ./Middlewares/USB_Device_Library/usbd_core.o
                0x080061b0                USBD_LL_DataOutStage
 .text.USBD_LL_DataInStage
                0x08006316      0x164 ./Middlewares/USB_Device_Library/usbd_core.o
                0x08006316                USBD_LL_DataInStage
 .text.USBD_LL_Reset
                0x0800647a       0xa4 ./Middlewares/USB_Device_Library/usbd_core.o
                0x0800647a                USBD_LL_Reset
 .text.USBD_LL_SetSpeed
                0x0800651e       0x20 ./Middlewares/USB_Device_Library/usbd_core.o
                0x0800651e                USBD_LL_SetSpeed
 .text.USBD_LL_Suspend
                0x0800653e       0x38 ./Middlewares/USB_Device_Library/usbd_core.o
                0x0800653e                USBD_LL_Suspend
 .text.USBD_LL_Resume
                0x08006576       0x30 ./Middlewares/USB_Device_Library/usbd_core.o
                0x08006576                USBD_LL_Resume
 .text.USBD_LL_SOF
                0x080065a6       0x40 ./Middlewares/USB_Device_Library/usbd_core.o
                0x080065a6                USBD_LL_SOF
 .text.USBD_LL_IsoINIncomplete
                0x080065e6       0x64 ./Middlewares/USB_Device_Library/usbd_core.o
                0x080065e6                USBD_LL_IsoINIncomplete
 .text.USBD_LL_IsoOUTIncomplete
                0x0800664a       0x64 ./Middlewares/USB_Device_Library/usbd_core.o
                0x0800664a                USBD_LL_IsoOUTIncomplete
 .text.USBD_LL_DevConnected
                0x080066ae       0x16 ./Middlewares/USB_Device_Library/usbd_core.o
                0x080066ae                USBD_LL_DevConnected
 .text.USBD_LL_DevDisconnected
                0x080066c4       0x46 ./Middlewares/USB_Device_Library/usbd_core.o
                0x080066c4                USBD_LL_DevDisconnected
 .text.USBD_CoreFindIF
                0x0800670a       0x1a ./Middlewares/USB_Device_Library/usbd_core.o
                0x0800670a                USBD_CoreFindIF
 .text.USBD_CoreFindEP
                0x08006724       0x1a ./Middlewares/USB_Device_Library/usbd_core.o
                0x08006724                USBD_CoreFindEP
 .text.USBD_GetEpDesc
                0x0800673e       0x70 ./Middlewares/USB_Device_Library/usbd_core.o
                0x0800673e                USBD_GetEpDesc
 .text.USBD_GetNextDesc
                0x080067ae       0x38 ./Middlewares/USB_Device_Library/usbd_core.o
                0x080067ae                USBD_GetNextDesc
 .text.SWAPBYTE
                0x080067e6       0x3c ./Middlewares/USB_Device_Library/usbd_ctlreq.o
 *fill*         0x08006822        0x2 
 .text.USBD_StdDevReq
                0x08006824       0xe4 ./Middlewares/USB_Device_Library/usbd_ctlreq.o
                0x08006824                USBD_StdDevReq
 .text.USBD_StdItfReq
                0x08006908       0xd8 ./Middlewares/USB_Device_Library/usbd_ctlreq.o
                0x08006908                USBD_StdItfReq
 .text.USBD_StdEPReq
                0x080069e0      0x33a ./Middlewares/USB_Device_Library/usbd_ctlreq.o
                0x080069e0                USBD_StdEPReq
 *fill*         0x08006d1a        0x2 
 .text.USBD_GetDescriptor
                0x08006d1c      0x2d4 ./Middlewares/USB_Device_Library/usbd_ctlreq.o
 .text.USBD_SetAddress
                0x08006ff0       0x88 ./Middlewares/USB_Device_Library/usbd_ctlreq.o
 .text.USBD_SetConfig
                0x08007078      0x154 ./Middlewares/USB_Device_Library/usbd_ctlreq.o
 .text.USBD_GetConfig
                0x080071cc       0x6c ./Middlewares/USB_Device_Library/usbd_ctlreq.o
 .text.USBD_GetStatus
                0x08007238       0x68 ./Middlewares/USB_Device_Library/usbd_ctlreq.o
 .text.USBD_SetFeature
                0x080072a0       0x52 ./Middlewares/USB_Device_Library/usbd_ctlreq.o
 .text.USBD_ClrFeature
                0x080072f2       0x44 ./Middlewares/USB_Device_Library/usbd_ctlreq.o
 .text.USBD_ParseSetupRequest
                0x08007336       0x74 ./Middlewares/USB_Device_Library/usbd_ctlreq.o
                0x08007336                USBD_ParseSetupRequest
 .text.USBD_CtlError
                0x080073aa       0x22 ./Middlewares/USB_Device_Library/usbd_ctlreq.o
                0x080073aa                USBD_CtlError
 .text.USBD_GetString
                0x080073cc       0xa4 ./Middlewares/USB_Device_Library/usbd_ctlreq.o
                0x080073cc                USBD_GetString
 .text.USBD_GetLen
                0x08007470       0x34 ./Middlewares/USB_Device_Library/usbd_ctlreq.o
 .text.USBD_CtlSendData
                0x080074a4       0x36 ./Middlewares/USB_Device_Library/usbd_ioreq.o
                0x080074a4                USBD_CtlSendData
 .text.USBD_CtlContinueSendData
                0x080074da       0x22 ./Middlewares/USB_Device_Library/usbd_ioreq.o
                0x080074da                USBD_CtlContinueSendData
 .text.USBD_CtlPrepareRx
                0x080074fc       0x3a ./Middlewares/USB_Device_Library/usbd_ioreq.o
                0x080074fc                USBD_CtlPrepareRx
 .text.USBD_CtlContinueRx
                0x08007536       0x22 ./Middlewares/USB_Device_Library/usbd_ioreq.o
                0x08007536                USBD_CtlContinueRx
 .text.USBD_CtlSendStatus
                0x08007558       0x26 ./Middlewares/USB_Device_Library/usbd_ioreq.o
                0x08007558                USBD_CtlSendStatus
 .text.USBD_CtlReceiveStatus
                0x0800757e       0x26 ./Middlewares/USB_Device_Library/usbd_ioreq.o
                0x0800757e                USBD_CtlReceiveStatus
 .text.MX_USB_DEVICE_Init
                0x080075a4       0x60 ./USB_DEVICE/App/usb_device.o
                0x080075a4                MX_USB_DEVICE_Init
 .text.CDC_Init_FS
                0x08007604       0x28 ./USB_DEVICE/App/usbd_cdc_if.o
 .text.CDC_DeInit_FS
                0x0800762c       0x10 ./USB_DEVICE/App/usbd_cdc_if.o
 .text.CDC_Control_FS
                0x0800763c       0xbc ./USB_DEVICE/App/usbd_cdc_if.o
 .text.CDC_Receive_FS
                0x080076f8       0x28 ./USB_DEVICE/App/usbd_cdc_if.o
 .text.CDC_Transmit_FS
                0x08007720       0x4c ./USB_DEVICE/App/usbd_cdc_if.o
                0x08007720                CDC_Transmit_FS
 .text.CDC_TransmitCplt_FS
                0x0800776c       0x22 ./USB_DEVICE/App/usbd_cdc_if.o
 *fill*         0x0800778e        0x2 
 .text.USBD_FS_DeviceDescriptor
                0x08007790       0x24 ./USB_DEVICE/App/usbd_desc.o
                0x08007790                USBD_FS_DeviceDescriptor
 .text.USBD_FS_LangIDStrDescriptor
                0x080077b4       0x24 ./USB_DEVICE/App/usbd_desc.o
                0x080077b4                USBD_FS_LangIDStrDescriptor
 .text.USBD_FS_ProductStrDescriptor
                0x080077d8       0x3c ./USB_DEVICE/App/usbd_desc.o
                0x080077d8                USBD_FS_ProductStrDescriptor
 .text.USBD_FS_ManufacturerStrDescriptor
                0x08007814       0x28 ./USB_DEVICE/App/usbd_desc.o
                0x08007814                USBD_FS_ManufacturerStrDescriptor
 .text.USBD_FS_SerialStrDescriptor
                0x0800783c       0x24 ./USB_DEVICE/App/usbd_desc.o
                0x0800783c                USBD_FS_SerialStrDescriptor
 .text.USBD_FS_ConfigStrDescriptor
                0x08007860       0x3c ./USB_DEVICE/App/usbd_desc.o
                0x08007860                USBD_FS_ConfigStrDescriptor
 .text.USBD_FS_InterfaceStrDescriptor
                0x0800789c       0x3c ./USB_DEVICE/App/usbd_desc.o
                0x0800789c                USBD_FS_InterfaceStrDescriptor
 .text.Get_SerialNum
                0x080078d8       0x58 ./USB_DEVICE/App/usbd_desc.o
 .text.IntToUnicode
                0x08007930       0x7e ./USB_DEVICE/App/usbd_desc.o
 *fill*         0x080079ae        0x2 
 .text.HAL_PCD_MspInit
                0x080079b0       0xa8 ./USB_DEVICE/Target/usbd_conf.o
                0x080079b0                HAL_PCD_MspInit
 .text.HAL_PCD_SetupStageCallback
                0x08007a58       0x24 ./USB_DEVICE/Target/usbd_conf.o
                0x08007a58                HAL_PCD_SetupStageCallback
 .text.HAL_PCD_DataOutStageCallback
                0x08007a7c       0x36 ./USB_DEVICE/Target/usbd_conf.o
                0x08007a7c                HAL_PCD_DataOutStageCallback
 .text.HAL_PCD_DataInStageCallback
                0x08007ab2       0x34 ./USB_DEVICE/Target/usbd_conf.o
                0x08007ab2                HAL_PCD_DataInStageCallback
 .text.HAL_PCD_SOFCallback
                0x08007ae6       0x1c ./USB_DEVICE/Target/usbd_conf.o
                0x08007ae6                HAL_PCD_SOFCallback
 .text.HAL_PCD_ResetCallback
                0x08007b02       0x3c ./USB_DEVICE/Target/usbd_conf.o
                0x08007b02                HAL_PCD_ResetCallback
 *fill*         0x08007b3e        0x2 
 .text.HAL_PCD_SuspendCallback
                0x08007b40       0x4c ./USB_DEVICE/Target/usbd_conf.o
                0x08007b40                HAL_PCD_SuspendCallback
 .text.HAL_PCD_ResumeCallback
                0x08007b8c       0x1c ./USB_DEVICE/Target/usbd_conf.o
                0x08007b8c                HAL_PCD_ResumeCallback
 .text.HAL_PCD_ISOOUTIncompleteCallback
                0x08007ba8       0x24 ./USB_DEVICE/Target/usbd_conf.o
                0x08007ba8                HAL_PCD_ISOOUTIncompleteCallback
 .text.HAL_PCD_ISOINIncompleteCallback
                0x08007bcc       0x24 ./USB_DEVICE/Target/usbd_conf.o
                0x08007bcc                HAL_PCD_ISOINIncompleteCallback
 .text.HAL_PCD_ConnectCallback
                0x08007bf0       0x1c ./USB_DEVICE/Target/usbd_conf.o
                0x08007bf0                HAL_PCD_ConnectCallback
 .text.HAL_PCD_DisconnectCallback
                0x08007c0c       0x1c ./USB_DEVICE/Target/usbd_conf.o
                0x08007c0c                HAL_PCD_DisconnectCallback
 .text.USBD_LL_Init
                0x08007c28       0x98 ./USB_DEVICE/Target/usbd_conf.o
                0x08007c28                USBD_LL_Init
 .text.USBD_LL_Start
                0x08007cc0       0x36 ./USB_DEVICE/Target/usbd_conf.o
                0x08007cc0                USBD_LL_Start
 .text.USBD_LL_OpenEP
                0x08007cf6       0x4c ./USB_DEVICE/Target/usbd_conf.o
                0x08007cf6                USBD_LL_OpenEP
 .text.USBD_LL_CloseEP
                0x08007d42       0x3e ./USB_DEVICE/Target/usbd_conf.o
                0x08007d42                USBD_LL_CloseEP
 .text.USBD_LL_StallEP
                0x08007d80       0x3e ./USB_DEVICE/Target/usbd_conf.o
                0x08007d80                USBD_LL_StallEP
 .text.USBD_LL_ClearStallEP
                0x08007dbe       0x3e ./USB_DEVICE/Target/usbd_conf.o
                0x08007dbe                USBD_LL_ClearStallEP
 .text.USBD_LL_IsStallEP
                0x08007dfc       0x58 ./USB_DEVICE/Target/usbd_conf.o
                0x08007dfc                USBD_LL_IsStallEP
 .text.USBD_LL_SetUSBAddress
                0x08007e54       0x3e ./USB_DEVICE/Target/usbd_conf.o
                0x08007e54                USBD_LL_SetUSBAddress
 .text.USBD_LL_Transmit
                0x08007e92       0x42 ./USB_DEVICE/Target/usbd_conf.o
                0x08007e92                USBD_LL_Transmit
 .text.USBD_LL_PrepareReceive
                0x08007ed4       0x42 ./USB_DEVICE/Target/usbd_conf.o
                0x08007ed4                USBD_LL_PrepareReceive
 .text.USBD_LL_GetRxDataSize
                0x08007f16       0x26 ./USB_DEVICE/Target/usbd_conf.o
                0x08007f16                USBD_LL_GetRxDataSize
 .text.USBD_static_malloc
                0x08007f3c       0x1c ./USB_DEVICE/Target/usbd_conf.o
                0x08007f3c                USBD_static_malloc
 .text.USBD_static_free
                0x08007f58       0x14 ./USB_DEVICE/Target/usbd_conf.o
                0x08007f58                USBD_static_free
 .text.USBD_Get_USB_Status
                0x08007f6c       0x58 ./USB_DEVICE/Target/usbd_conf.o
                0x08007f6c                USBD_Get_USB_Status
 .text.__itoa   0x08007fc4       0x30 C:/ST/STM32CubeIDE_1.17.0/STM32CubeIDE/plugins/com.st.stm32cube.ide.mcu.externaltools.gnu-tools-for-stm32.12.3.rel1.win32_1.1.0.202410251130/tools/bin/../lib/gcc/arm-none-eabi/12.3.1/../../../../arm-none-eabi/lib/thumb/v7e-m+fp/hard\libc_nano.a(libc_a-itoa.o)
                0x08007fc4                __itoa
 .text.itoa     0x08007ff4        0x4 C:/ST/STM32CubeIDE_1.17.0/STM32CubeIDE/plugins/com.st.stm32cube.ide.mcu.externaltools.gnu-tools-for-stm32.12.3.rel1.win32_1.1.0.202410251130/tools/bin/../lib/gcc/arm-none-eabi/12.3.1/../../../../arm-none-eabi/lib/thumb/v7e-m+fp/hard\libc_nano.a(libc_a-itoa.o)
                0x08007ff4                itoa
 .text.__utoa   0x08007ff8       0x84 C:/ST/STM32CubeIDE_1.17.0/STM32CubeIDE/plugins/com.st.stm32cube.ide.mcu.externaltools.gnu-tools-for-stm32.12.3.rel1.win32_1.1.0.202410251130/tools/bin/../lib/gcc/arm-none-eabi/12.3.1/../../../../arm-none-eabi/lib/thumb/v7e-m+fp/hard\libc_nano.a(libc_a-utoa.o)
                0x08007ff8                __utoa
 .text.memset   0x0800807c       0x10 C:/ST/STM32CubeIDE_1.17.0/STM32CubeIDE/plugins/com.st.stm32cube.ide.mcu.externaltools.gnu-tools-for-stm32.12.3.rel1.win32_1.1.0.202410251130/tools/bin/../lib/gcc/arm-none-eabi/12.3.1/../../../../arm-none-eabi/lib/thumb/v7e-m+fp/hard\libc_nano.a(libc_a-memset.o)
                0x0800807c                memset
 .text.__libc_init_array
                0x0800808c       0x48 C:/ST/STM32CubeIDE_1.17.0/STM32CubeIDE/plugins/com.st.stm32cube.ide.mcu.externaltools.gnu-tools-for-stm32.12.3.rel1.win32_1.1.0.202410251130/tools/bin/../lib/gcc/arm-none-eabi/12.3.1/../../../../arm-none-eabi/lib/thumb/v7e-m+fp/hard\libc_nano.a(libc_a-init.o)
                0x0800808c                __libc_init_array
 *(.glue_7)
 .glue_7        0x080080d4        0x0 linker stubs
 *(.glue_7t)
 .glue_7t       0x080080d4        0x0 linker stubs
 *(.eh_frame)
 .eh_frame      0x080080d4        0x0 C:/ST/STM32CubeIDE_1.17.0/STM32CubeIDE/plugins/com.st.stm32cube.ide.mcu.externaltools.gnu-tools-for-stm32.12.3.rel1.win32_1.1.0.202410251130/tools/bin/../lib/gcc/arm-none-eabi/12.3.1/thumb/v7e-m+fp/hard/crtbegin.o
 *(.init)
 .init          0x080080d4        0x4 C:/ST/STM32CubeIDE_1.17.0/STM32CubeIDE/plugins/com.st.stm32cube.ide.mcu.externaltools.gnu-tools-for-stm32.12.3.rel1.win32_1.1.0.202410251130/tools/bin/../lib/gcc/arm-none-eabi/12.3.1/thumb/v7e-m+fp/hard/crti.o
                0x080080d4                _init
 .init          0x080080d8        0x8 C:/ST/STM32CubeIDE_1.17.0/STM32CubeIDE/plugins/com.st.stm32cube.ide.mcu.externaltools.gnu-tools-for-stm32.12.3.rel1.win32_1.1.0.202410251130/tools/bin/../lib/gcc/arm-none-eabi/12.3.1/thumb/v7e-m+fp/hard/crtn.o
 *(.fini)
 .fini          0x080080e0        0x4 C:/ST/STM32CubeIDE_1.17.0/STM32CubeIDE/plugins/com.st.stm32cube.ide.mcu.externaltools.gnu-tools-for-stm32.12.3.rel1.win32_1.1.0.202410251130/tools/bin/../lib/gcc/arm-none-eabi/12.3.1/thumb/v7e-m+fp/hard/crti.o
                0x080080e0                _fini
 .fini          0x080080e4        0x8 C:/ST/STM32CubeIDE_1.17.0/STM32CubeIDE/plugins/com.st.stm32cube.ide.mcu.externaltools.gnu-tools-for-stm32.12.3.rel1.win32_1.1.0.202410251130/tools/bin/../lib/gcc/arm-none-eabi/12.3.1/thumb/v7e-m+fp/hard/crtn.o
                0x080080ec                        . = ALIGN (0x4)
                0x080080ec                        _etext = .

.vfp11_veneer   0x080080ec        0x0
 .vfp11_veneer  0x080080ec        0x0 linker stubs

.v4_bx          0x080080ec        0x0
 .v4_bx         0x080080ec        0x0 linker stubs

.iplt           0x080080ec        0x0
 .iplt          0x080080ec        0x0 C:/ST/STM32CubeIDE_1.17.0/STM32CubeIDE/plugins/com.st.stm32cube.ide.mcu.externaltools.gnu-tools-for-stm32.12.3.rel1.win32_1.1.0.202410251130/tools/bin/../lib/gcc/arm-none-eabi/12.3.1/thumb/v7e-m+fp/hard/crtbegin.o

.rodata         0x080080ec      0x118
                0x080080ec                        . = ALIGN (0x4)
 *(.rodata)
 .rodata        0x080080ec       0x90 ./Core/Src/main.o
 .rodata        0x0800817c       0x46 ./USB_DEVICE/App/usbd_desc.o
 *(.rodata*)
 *fill*         0x080081c2        0x2 
 .rodata.AHBPrescTable
                0x080081c4       0x10 ./Core/Src/system_stm32f4xx.o
                0x080081c4                AHBPrescTable
 .rodata.APBPrescTable
                0x080081d4        0x8 ./Core/Src/system_stm32f4xx.o
                0x080081d4                APBPrescTable
 .rodata.__utoa.str1.1
                0x080081dc       0x25 C:/ST/STM32CubeIDE_1.17.0/STM32CubeIDE/plugins/com.st.stm32cube.ide.mcu.externaltools.gnu-tools-for-stm32.12.3.rel1.win32_1.1.0.202410251130/tools/bin/../lib/gcc/arm-none-eabi/12.3.1/../../../../arm-none-eabi/lib/thumb/v7e-m+fp/hard\libc_nano.a(libc_a-utoa.o)
                0x08008204                        . = ALIGN (0x4)
 *fill*         0x08008201        0x3 

.ARM.extab      0x08008204        0x0
                0x08008204                        . = ALIGN (0x4)
 *(.ARM.extab* .gnu.linkonce.armextab.*)
                0x08008204                        . = ALIGN (0x4)

.ARM            0x08008204        0x8
                0x08008204                        . = ALIGN (0x4)
                0x08008204                        __exidx_start = .
 *(.ARM.exidx*)
 .ARM.exidx     0x08008204        0x8 C:/ST/STM32CubeIDE_1.17.0/STM32CubeIDE/plugins/com.st.stm32cube.ide.mcu.externaltools.gnu-tools-for-stm32.12.3.rel1.win32_1.1.0.202410251130/tools/bin/../lib/gcc/arm-none-eabi/12.3.1/thumb/v7e-m+fp/hard\libgcc.a(_udivmoddi4.o)
                0x0800820c                        __exidx_end = .
                0x0800820c                        . = ALIGN (0x4)

.preinit_array  0x0800820c        0x0
                0x0800820c                        . = ALIGN (0x4)
                0x0800820c                        PROVIDE (__preinit_array_start = .)
 *(.preinit_array*)
                0x0800820c                        PROVIDE (__preinit_array_end = .)
                0x0800820c                        . = ALIGN (0x4)

.init_array     0x0800820c        0x4
                0x0800820c                        . = ALIGN (0x4)
                0x0800820c                        PROVIDE (__init_array_start = .)
 *(SORT_BY_NAME(.init_array.*))
 *(.init_array*)
 .init_array    0x0800820c        0x4 C:/ST/STM32CubeIDE_1.17.0/STM32CubeIDE/plugins/com.st.stm32cube.ide.mcu.externaltools.gnu-tools-for-stm32.12.3.rel1.win32_1.1.0.202410251130/tools/bin/../lib/gcc/arm-none-eabi/12.3.1/thumb/v7e-m+fp/hard/crtbegin.o
                0x08008210                        PROVIDE (__init_array_end = .)
                0x08008210                        . = ALIGN (0x4)

.fini_array     0x08008210        0x4
                0x08008210                        . = ALIGN (0x4)
                [!provide]                        PROVIDE (__fini_array_start = .)
 *(SORT_BY_NAME(.fini_array.*))
 *(.fini_array*)
 .fini_array    0x08008210        0x4 C:/ST/STM32CubeIDE_1.17.0/STM32CubeIDE/plugins/com.st.stm32cube.ide.mcu.externaltools.gnu-tools-for-stm32.12.3.rel1.win32_1.1.0.202410251130/tools/bin/../lib/gcc/arm-none-eabi/12.3.1/thumb/v7e-m+fp/hard/crtbegin.o
                [!provide]                        PROVIDE (__fini_array_end = .)
                0x08008214                        . = ALIGN (0x4)
                0x08008214                        _sidata = LOADADDR (.data)

.rel.dyn        0x08008214        0x0
 .rel.iplt      0x08008214        0x0 C:/ST/STM32CubeIDE_1.17.0/STM32CubeIDE/plugins/com.st.stm32cube.ide.mcu.externaltools.gnu-tools-for-stm32.12.3.rel1.win32_1.1.0.202410251130/tools/bin/../lib/gcc/arm-none-eabi/12.3.1/thumb/v7e-m+fp/hard/crtbegin.o

.data           0x20000000       0xfc load address 0x08008214
                0x20000000                        . = ALIGN (0x4)
                0x20000000                        _sdata = .
 *(.data)
 *(.data*)
 .data.SystemCoreClock
                0x20000000        0x4 ./Core/Src/system_stm32f4xx.o
                0x20000000                SystemCoreClock
 .data.uwTickPrio
                0x20000004        0x4 ./Drivers/STM32F4xx_HAL_Driver/stm32f4xx_hal.o
                0x20000004                uwTickPrio
 .data.uwTickFreq
                0x20000008        0x1 ./Drivers/STM32F4xx_HAL_Driver/stm32f4xx_hal.o
                0x20000008                uwTickFreq
 *fill*         0x20000009        0x3 
 .data.USBD_CDC_DeviceQualifierDesc
                0x2000000c        0xa ./Middlewares/USB_Device_Library/usbd_cdc.o
 *fill*         0x20000016        0x2 
 .data.USBD_CDC
                0x20000018       0x38 ./Middlewares/USB_Device_Library/usbd_cdc.o
                0x20000018                USBD_CDC
 .data.USBD_CDC_CfgDesc
                0x20000050       0x43 ./Middlewares/USB_Device_Library/usbd_cdc.o
 .data.CDCInEpAdd
                0x20000093        0x1 ./Middlewares/USB_Device_Library/usbd_cdc.o
 .data.CDCOutEpAdd
                0x20000094        0x1 ./Middlewares/USB_Device_Library/usbd_cdc.o
 .data.CDCCmdEpAdd
                0x20000095        0x1 ./Middlewares/USB_Device_Library/usbd_cdc.o
 *fill*         0x20000096        0x2 
 .data.USBD_Interface_fops_FS
                0x20000098       0x14 ./USB_DEVICE/App/usbd_cdc_if.o
                0x20000098                USBD_Interface_fops_FS
 .data.FS_Desc  0x200000ac       0x1c ./USB_DEVICE/App/usbd_desc.o
                0x200000ac                FS_Desc
 .data.USBD_FS_DeviceDesc
                0x200000c8       0x12 ./USB_DEVICE/App/usbd_desc.o
                0x200000c8                USBD_FS_DeviceDesc
 *fill*         0x200000da        0x2 
 .data.USBD_LangIDDesc
                0x200000dc        0x4 ./USB_DEVICE/App/usbd_desc.o
                0x200000dc                USBD_LangIDDesc
 .data.USBD_StringSerial
                0x200000e0       0x1a ./USB_DEVICE/App/usbd_desc.o
                0x200000e0                USBD_StringSerial
 *(.RamFunc)
 *(.RamFunc*)
                0x200000fc                        . = ALIGN (0x4)
 *fill*         0x200000fa        0x2 
                0x200000fc                        _edata = .

.igot.plt       0x200000fc        0x0 load address 0x08008310
 .igot.plt      0x200000fc        0x0 C:/ST/STM32CubeIDE_1.17.0/STM32CubeIDE/plugins/com.st.stm32cube.ide.mcu.externaltools.gnu-tools-for-stm32.12.3.rel1.win32_1.1.0.202410251130/tools/bin/../lib/gcc/arm-none-eabi/12.3.1/thumb/v7e-m+fp/hard/crtbegin.o
                0x200000fc                        . = ALIGN (0x4)

.bss            0x200000fc     0x1458 load address 0x08008310
                0x200000fc                        _sbss = .
                0x200000fc                        __bss_start__ = _sbss
 *(.bss)
 .bss           0x200000fc       0x1c C:/ST/STM32CubeIDE_1.17.0/STM32CubeIDE/plugins/com.st.stm32cube.ide.mcu.externaltools.gnu-tools-for-stm32.12.3.rel1.win32_1.1.0.202410251130/tools/bin/../lib/gcc/arm-none-eabi/12.3.1/thumb/v7e-m+fp/hard/crtbegin.o
 *(.bss*)
 .bss.hi2c1     0x20000118       0x54 ./Core/Src/i2c.o
                0x20000118                hi2c1
 .bss.uwTick    0x2000016c        0x4 ./Drivers/STM32F4xx_HAL_Driver/stm32f4xx_hal.o
                0x2000016c                uwTick
 .bss.cfgidx.0  0x20000170        0x1 ./Middlewares/USB_Device_Library/usbd_ctlreq.o
 *fill*         0x20000171        0x3 
 .bss.hUsbDeviceFS
                0x20000174      0x2dc ./USB_DEVICE/App/usb_device.o
                0x20000174                hUsbDeviceFS
 .bss.UserRxBufferFS
                0x20000450      0x400 ./USB_DEVICE/App/usbd_cdc_if.o
                0x20000450                UserRxBufferFS
 .bss.UserTxBufferFS
                0x20000850      0x400 ./USB_DEVICE/App/usbd_cdc_if.o
                0x20000850                UserTxBufferFS
 .bss.USBD_StrDesc
                0x20000c50      0x200 ./USB_DEVICE/App/usbd_desc.o
                0x20000c50                USBD_StrDesc
 .bss.hpcd_USB_OTG_FS
                0x20000e50      0x4e4 ./USB_DEVICE/Target/usbd_conf.o
                0x20000e50                hpcd_USB_OTG_FS
 .bss.mem.0     0x20001334      0x220 ./USB_DEVICE/Target/usbd_conf.o
 *(COMMON)
                0x20001554                        . = ALIGN (0x4)
                0x20001554                        _ebss = .
                0x20001554                        __bss_end__ = _ebss

._user_heap_stack
                0x20001554      0x604 load address 0x08008310
                0x20001558                        . = ALIGN (0x8)
 *fill*         0x20001554        0x4 
                [!provide]                        PROVIDE (end = .)
                0x20001558                        PROVIDE (_end = .)
                0x20001758                        . = (. + _Min_Heap_Size)
 *fill*         0x20001558      0x200 
                0x20001b58                        . = (. + _Min_Stack_Size)
 *fill*         0x20001758      0x400 
                0x20001b58                        . = ALIGN (0x8)

/DISCARD/
 libc.a(*)
 libm.a(*)
 libgcc.a(*)

.ARM.attributes
                0x00000000       0x30
 *(.ARM.attributes)
 .ARM.attributes
                0x00000000       0x22 C:/ST/STM32CubeIDE_1.17.0/STM32CubeIDE/plugins/com.st.stm32cube.ide.mcu.externaltools.gnu-tools-for-stm32.12.3.rel1.win32_1.1.0.202410251130/tools/bin/../lib/gcc/arm-none-eabi/12.3.1/thumb/v7e-m+fp/hard/crti.o
 .ARM.attributes
                0x00000022       0x34 C:/ST/STM32CubeIDE_1.17.0/STM32CubeIDE/plugins/com.st.stm32cube.ide.mcu.externaltools.gnu-tools-for-stm32.12.3.rel1.win32_1.1.0.202410251130/tools/bin/../lib/gcc/arm-none-eabi/12.3.1/thumb/v7e-m+fp/hard/crtbegin.o
 .ARM.attributes
                0x00000056       0x34 ./Core/Src/gpio.o
 .ARM.attributes
                0x0000008a       0x34 ./Core/Src/i2c.o
 .ARM.attributes
                0x000000be       0x34 ./Core/Src/main.o
 .ARM.attributes
                0x000000f2       0x34 ./Core/Src/stm32f4xx_hal_msp.o
 .ARM.attributes
                0x00000126       0x34 ./Core/Src/stm32f4xx_it.o
 .ARM.attributes
                0x0000015a       0x34 ./Core/Src/system_stm32f4xx.o
 .ARM.attributes
                0x0000018e       0x21 ./Core/Startup/startup_stm32f401ccux.o
 .ARM.attributes
                0x000001af       0x34 ./Drivers/STM32F4xx_HAL_Driver/stm32f4xx_hal.o
 .ARM.attributes
                0x000001e3       0x34 ./Drivers/STM32F4xx_HAL_Driver/stm32f4xx_hal_cortex.o
 .ARM.attributes
                0x00000217       0x34 ./Drivers/STM32F4xx_HAL_Driver/stm32f4xx_hal_gpio.o
 .ARM.attributes
                0x0000024b       0x34 ./Drivers/STM32F4xx_HAL_Driver/stm32f4xx_hal_i2c.o
 .ARM.attributes
                0x0000027f       0x34 ./Drivers/STM32F4xx_HAL_Driver/stm32f4xx_hal_pcd.o
 .ARM.attributes
                0x000002b3       0x34 ./Drivers/STM32F4xx_HAL_Driver/stm32f4xx_hal_pcd_ex.o
 .ARM.attributes
                0x000002e7       0x34 ./Drivers/STM32F4xx_HAL_Driver/stm32f4xx_hal_rcc.o
 .ARM.attributes
                0x0000031b       0x34 ./Drivers/STM32F4xx_HAL_Driver/stm32f4xx_ll_usb.o
 .ARM.attributes
                0x0000034f       0x34 ./Middlewares/USB_Device_Library/usbd_cdc.o
 .ARM.attributes
                0x00000383       0x34 ./Middlewares/USB_Device_Library/usbd_core.o
 .ARM.attributes
                0x000003b7       0x34 ./Middlewares/USB_Device_Library/usbd_ctlreq.o
 .ARM.attributes
                0x000003eb       0x34 ./Middlewares/USB_Device_Library/usbd_ioreq.o
 .ARM.attributes
                0x0000041f       0x34 ./USB_DEVICE/App/usb_device.o
 .ARM.attributes
                0x00000453       0x34 ./USB_DEVICE/App/usbd_cdc_if.o
 .ARM.attributes
                0x00000487       0x34 ./USB_DEVICE/App/usbd_desc.o
 .ARM.attributes
                0x000004bb       0x34 ./USB_DEVICE/Target/usbd_conf.o
 .ARM.attributes
                0x000004ef       0x34 C:/ST/STM32CubeIDE_1.17.0/STM32CubeIDE/plugins/com.st.stm32cube.ide.mcu.externaltools.gnu-tools-for-stm32.12.3.rel1.win32_1.1.0.202410251130/tools/bin/../lib/gcc/arm-none-eabi/12.3.1/../../../../arm-none-eabi/lib/thumb/v7e-m+fp/hard\libc_nano.a(libc_a-itoa.o)
 .ARM.attributes
                0x00000523       0x34 C:/ST/STM32CubeIDE_1.17.0/STM32CubeIDE/plugins/com.st.stm32cube.ide.mcu.externaltools.gnu-tools-for-stm32.12.3.rel1.win32_1.1.0.202410251130/tools/bin/../lib/gcc/arm-none-eabi/12.3.1/../../../../arm-none-eabi/lib/thumb/v7e-m+fp/hard\libc_nano.a(libc_a-utoa.o)
 .ARM.attributes
                0x00000557       0x34 C:/ST/STM32CubeIDE_1.17.0/STM32CubeIDE/plugins/com.st.stm32cube.ide.mcu.externaltools.gnu-tools-for-stm32.12.3.rel1.win32_1.1.0.202410251130/tools/bin/../lib/gcc/arm-none-eabi/12.3.1/../../../../arm-none-eabi/lib/thumb/v7e-m+fp/hard\libc_nano.a(libc_a-memset.o)
 .ARM.attributes
                0x0000058b       0x34 C:/ST/STM32CubeIDE_1.17.0/STM32CubeIDE/plugins/com.st.stm32cube.ide.mcu.externaltools.gnu-tools-for-stm32.12.3.rel1.win32_1.1.0.202410251130/tools/bin/../lib/gcc/arm-none-eabi/12.3.1/../../../../arm-none-eabi/lib/thumb/v7e-m+fp/hard\libc_nano.a(libc_a-init.o)
 .ARM.attributes
                0x000005bf       0x22 C:/ST/STM32CubeIDE_1.17.0/STM32CubeIDE/plugins/com.st.stm32cube.ide.mcu.externaltools.gnu-tools-for-stm32.12.3.rel1.win32_1.1.0.202410251130/tools/bin/../lib/gcc/arm-none-eabi/12.3.1/thumb/v7e-m+fp/hard\libgcc.a(_aeabi_uldivmod.o)
 .ARM.attributes
                0x000005e1       0x34 C:/ST/STM32CubeIDE_1.17.0/STM32CubeIDE/plugins/com.st.stm32cube.ide.mcu.externaltools.gnu-tools-for-stm32.12.3.rel1.win32_1.1.0.202410251130/tools/bin/../lib/gcc/arm-none-eabi/12.3.1/thumb/v7e-m+fp/hard\libgcc.a(_udivmoddi4.o)
 .ARM.attributes
                0x00000615       0x22 C:/ST/STM32CubeIDE_1.17.0/STM32CubeIDE/plugins/com.st.stm32cube.ide.mcu.externaltools.gnu-tools-for-stm32.12.3.rel1.win32_1.1.0.202410251130/tools/bin/../lib/gcc/arm-none-eabi/12.3.1/thumb/v7e-m+fp/hard\libgcc.a(_dvmd_tls.o)
 .ARM.attributes
                0x00000637       0x22 C:/ST/STM32CubeIDE_1.17.0/STM32CubeIDE/plugins/com.st.stm32cube.ide.mcu.externaltools.gnu-tools-for-stm32.12.3.rel1.win32_1.1.0.202410251130/tools/bin/../lib/gcc/arm-none-eabi/12.3.1/thumb/v7e-m+fp/hard/crtn.o
OUTPUT(stm-accelerometer.elf elf32-littlearm)
LOAD linker stubs
LOAD C:/ST/STM32CubeIDE_1.17.0/STM32CubeIDE/plugins/com.st.stm32cube.ide.mcu.externaltools.gnu-tools-for-stm32.12.3.rel1.win32_1.1.0.202410251130/tools/bin/../lib/gcc/arm-none-eabi/12.3.1/../../../../arm-none-eabi/lib/thumb/v7e-m+fp/hard\libc.a
LOAD C:/ST/STM32CubeIDE_1.17.0/STM32CubeIDE/plugins/com.st.stm32cube.ide.mcu.externaltools.gnu-tools-for-stm32.12.3.rel1.win32_1.1.0.202410251130/tools/bin/../lib/gcc/arm-none-eabi/12.3.1/../../../../arm-none-eabi/lib/thumb/v7e-m+fp/hard\libm.a
LOAD C:/ST/STM32CubeIDE_1.17.0/STM32CubeIDE/plugins/com.st.stm32cube.ide.mcu.externaltools.gnu-tools-for-stm32.12.3.rel1.win32_1.1.0.202410251130/tools/bin/../lib/gcc/arm-none-eabi/12.3.1/thumb/v7e-m+fp/hard\libgcc.a

.debug_info     0x00000000    0x10b2a
 .debug_info    0x00000000      0x433 ./Core/Src/gpio.o
 .debug_info    0x00000433      0x9a5 ./Core/Src/i2c.o
 .debug_info    0x00000dd8      0xc4a ./Core/Src/main.o
 .debug_info    0x00001a22      0x291 ./Core/Src/stm32f4xx_hal_msp.o
 .debug_info    0x00001cb3      0x627 ./Core/Src/stm32f4xx_it.o
 .debug_info    0x000022da      0x53e ./Core/Src/system_stm32f4xx.o
 .debug_info    0x00002818       0x30 ./Core/Startup/startup_stm32f401ccux.o
 .debug_info    0x00002848      0x8bb ./Drivers/STM32F4xx_HAL_Driver/stm32f4xx_hal.o
 .debug_info    0x00003103      0xcf6 ./Drivers/STM32F4xx_HAL_Driver/stm32f4xx_hal_cortex.o
 .debug_info    0x00003df9      0x6f9 ./Drivers/STM32F4xx_HAL_Driver/stm32f4xx_hal_gpio.o
 .debug_info    0x000044f2     0x2426 ./Drivers/STM32F4xx_HAL_Driver/stm32f4xx_hal_i2c.o
 .debug_info    0x00006918     0x1577 ./Drivers/STM32F4xx_HAL_Driver/stm32f4xx_hal_pcd.o
 .debug_info    0x00007e8f      0x6ea ./Drivers/STM32F4xx_HAL_Driver/stm32f4xx_hal_pcd_ex.o
 .debug_info    0x00008579      0x8f1 ./Drivers/STM32F4xx_HAL_Driver/stm32f4xx_hal_rcc.o
 .debug_info    0x00008e6a     0x1993 ./Drivers/STM32F4xx_HAL_Driver/stm32f4xx_ll_usb.o
 .debug_info    0x0000a7fd     0x12a3 ./Middlewares/USB_Device_Library/usbd_cdc.o
 .debug_info    0x0000baa0      0xe05 ./Middlewares/USB_Device_Library/usbd_core.o
 .debug_info    0x0000c8a5      0xade ./Middlewares/USB_Device_Library/usbd_ctlreq.o
 .debug_info    0x0000d383      0x755 ./Middlewares/USB_Device_Library/usbd_ioreq.o
 .debug_info    0x0000dad8      0x701 ./USB_DEVICE/App/usb_device.o
 .debug_info    0x0000e1d9      0x8fa ./USB_DEVICE/App/usbd_cdc_if.o
 .debug_info    0x0000ead3      0x458 ./USB_DEVICE/App/usbd_desc.o
 .debug_info    0x0000ef2b     0x1bff ./USB_DEVICE/Target/usbd_conf.o

.debug_abbrev   0x00000000     0x2fce
 .debug_abbrev  0x00000000      0x151 ./Core/Src/gpio.o
 .debug_abbrev  0x00000151      0x1f0 ./Core/Src/i2c.o
 .debug_abbrev  0x00000341      0x23a ./Core/Src/main.o
 .debug_abbrev  0x0000057b       0xd8 ./Core/Src/stm32f4xx_hal_msp.o
 .debug_abbrev  0x00000653      0x1a4 ./Core/Src/stm32f4xx_it.o
 .debug_abbrev  0x000007f7      0x11a ./Core/Src/system_stm32f4xx.o
 .debug_abbrev  0x00000911       0x24 ./Core/Startup/startup_stm32f401ccux.o
 .debug_abbrev  0x00000935      0x24b ./Drivers/STM32F4xx_HAL_Driver/stm32f4xx_hal.o
 .debug_abbrev  0x00000b80      0x31d ./Drivers/STM32F4xx_HAL_Driver/stm32f4xx_hal_cortex.o
 .debug_abbrev  0x00000e9d      0x1d3 ./Drivers/STM32F4xx_HAL_Driver/stm32f4xx_hal_gpio.o
 .debug_abbrev  0x00001070      0x2bc ./Drivers/STM32F4xx_HAL_Driver/stm32f4xx_hal_i2c.o
 .debug_abbrev  0x0000132c      0x2b6 ./Drivers/STM32F4xx_HAL_Driver/stm32f4xx_hal_pcd.o
 .debug_abbrev  0x000015e2      0x1da ./Drivers/STM32F4xx_HAL_Driver/stm32f4xx_hal_pcd_ex.o
 .debug_abbrev  0x000017bc      0x2b6 ./Drivers/STM32F4xx_HAL_Driver/stm32f4xx_hal_rcc.o
 .debug_abbrev  0x00001a72      0x2b3 ./Drivers/STM32F4xx_HAL_Driver/stm32f4xx_ll_usb.o
 .debug_abbrev  0x00001d25      0x2d2 ./Middlewares/USB_Device_Library/usbd_cdc.o
 .debug_abbrev  0x00001ff7      0x27c ./Middlewares/USB_Device_Library/usbd_core.o
 .debug_abbrev  0x00002273      0x26f ./Middlewares/USB_Device_Library/usbd_ctlreq.o
 .debug_abbrev  0x000024e2      0x19a ./Middlewares/USB_Device_Library/usbd_ioreq.o
 .debug_abbrev  0x0000267c      0x195 ./USB_DEVICE/App/usb_device.o
 .debug_abbrev  0x00002811      0x29d ./USB_DEVICE/App/usbd_cdc_if.o
 .debug_abbrev  0x00002aae      0x1e1 ./USB_DEVICE/App/usbd_desc.o
 .debug_abbrev  0x00002c8f      0x33f ./USB_DEVICE/Target/usbd_conf.o

.debug_aranges  0x00000000      0xe40
 .debug_aranges
                0x00000000       0x20 ./Core/Src/gpio.o
 .debug_aranges
                0x00000020       0x30 ./Core/Src/i2c.o
 .debug_aranges
                0x00000050       0x30 ./Core/Src/main.o
 .debug_aranges
                0x00000080       0x20 ./Core/Src/stm32f4xx_hal_msp.o
 .debug_aranges
                0x000000a0       0x68 ./Core/Src/stm32f4xx_it.o
 .debug_aranges
                0x00000108       0x28 ./Core/Src/system_stm32f4xx.o
 .debug_aranges
                0x00000130       0x28 ./Core/Startup/startup_stm32f401ccux.o
 .debug_aranges
                0x00000158       0xf0 ./Drivers/STM32F4xx_HAL_Driver/stm32f4xx_hal.o
 .debug_aranges
                0x00000248      0x130 ./Drivers/STM32F4xx_HAL_Driver/stm32f4xx_hal_cortex.o
 .debug_aranges
                0x00000378       0x58 ./Drivers/STM32F4xx_HAL_Driver/stm32f4xx_hal_gpio.o
 .debug_aranges
                0x000003d0      0x2a8 ./Drivers/STM32F4xx_HAL_Driver/stm32f4xx_hal_i2c.o
 .debug_aranges
                0x00000678      0x148 ./Drivers/STM32F4xx_HAL_Driver/stm32f4xx_hal_pcd.o
 .debug_aranges
                0x000007c0       0x38 ./Drivers/STM32F4xx_HAL_Driver/stm32f4xx_hal_pcd_ex.o
 .debug_aranges
                0x000007f8       0x88 ./Drivers/STM32F4xx_HAL_Driver/stm32f4xx_hal_rcc.o
 .debug_aranges
                0x00000880      0x1a0 ./Drivers/STM32F4xx_HAL_Driver/stm32f4xx_ll_usb.o
 .debug_aranges
                0x00000a20       0x90 ./Middlewares/USB_Device_Library/usbd_cdc.o
 .debug_aranges
                0x00000ab0       0xd8 ./Middlewares/USB_Device_Library/usbd_core.o
 .debug_aranges
                0x00000b88       0x90 ./Middlewares/USB_Device_Library/usbd_ctlreq.o
 .debug_aranges
                0x00000c18       0x50 ./Middlewares/USB_Device_Library/usbd_ioreq.o
 .debug_aranges
                0x00000c68       0x20 ./USB_DEVICE/App/usb_device.o
 .debug_aranges
                0x00000c88       0x48 ./USB_DEVICE/App/usbd_cdc_if.o
 .debug_aranges
                0x00000cd0       0x60 ./USB_DEVICE/App/usbd_desc.o
 .debug_aranges
                0x00000d30      0x110 ./USB_DEVICE/Target/usbd_conf.o

.debug_rnglists
                0x00000000      0xabe
 .debug_rnglists
                0x00000000       0x14 ./Core/Src/gpio.o
 .debug_rnglists
                0x00000014       0x20 ./Core/Src/i2c.o
 .debug_rnglists
                0x00000034       0x21 ./Core/Src/main.o
 .debug_rnglists
                0x00000055       0x13 ./Core/Src/stm32f4xx_hal_msp.o
 .debug_rnglists
                0x00000068       0x49 ./Core/Src/stm32f4xx_it.o
 .debug_rnglists
                0x000000b1       0x1a ./Core/Src/system_stm32f4xx.o
 .debug_rnglists
                0x000000cb       0x19 ./Core/Startup/startup_stm32f401ccux.o
 .debug_rnglists
                0x000000e4       0xaf ./Drivers/STM32F4xx_HAL_Driver/stm32f4xx_hal.o
 .debug_rnglists
                0x00000193       0xe0 ./Drivers/STM32F4xx_HAL_Driver/stm32f4xx_hal_cortex.o
 .debug_rnglists
                0x00000273       0x3f ./Drivers/STM32F4xx_HAL_Driver/stm32f4xx_hal_gpio.o
 .debug_rnglists
                0x000002b2      0x23c ./Drivers/STM32F4xx_HAL_Driver/stm32f4xx_hal_i2c.o
 .debug_rnglists
                0x000004ee       0xfa ./Drivers/STM32F4xx_HAL_Driver/stm32f4xx_hal_pcd.o
 .debug_rnglists
                0x000005e8       0x26 ./Drivers/STM32F4xx_HAL_Driver/stm32f4xx_hal_pcd_ex.o
 .debug_rnglists
                0x0000060e       0x66 ./Drivers/STM32F4xx_HAL_Driver/stm32f4xx_hal_rcc.o
 .debug_rnglists
                0x00000674      0x147 ./Drivers/STM32F4xx_HAL_Driver/stm32f4xx_ll_usb.o
 .debug_rnglists
                0x000007bb       0x6c ./Middlewares/USB_Device_Library/usbd_cdc.o
 .debug_rnglists
                0x00000827       0xa1 ./Middlewares/USB_Device_Library/usbd_core.o
 .debug_rnglists
                0x000008c8       0x6e ./Middlewares/USB_Device_Library/usbd_ctlreq.o
 .debug_rnglists
                0x00000936       0x37 ./Middlewares/USB_Device_Library/usbd_ioreq.o
 .debug_rnglists
                0x0000096d       0x13 ./USB_DEVICE/App/usb_device.o
 .debug_rnglists
                0x00000980       0x32 ./USB_DEVICE/App/usbd_cdc_if.o
 .debug_rnglists
                0x000009b2       0x43 ./USB_DEVICE/App/usbd_desc.o
 .debug_rnglists
                0x000009f5       0xc9 ./USB_DEVICE/Target/usbd_conf.o

.debug_macro    0x00000000    0x18589
 .debug_macro   0x00000000      0x206 ./Core/Src/gpio.o
 .debug_macro   0x00000206      0xab4 ./Core/Src/gpio.o
 .debug_macro   0x00000cba      0x29b ./Core/Src/gpio.o
 .debug_macro   0x00000f55       0x2e ./Core/Src/gpio.o
 .debug_macro   0x00000f83       0x28 ./Core/Src/gpio.o
 .debug_macro   0x00000fab       0x22 ./Core/Src/gpio.o
 .debug_macro   0x00000fcd       0x8e ./Core/Src/gpio.o
 .debug_macro   0x0000105b       0x51 ./Core/Src/gpio.o
 .debug_macro   0x000010ac      0x103 ./Core/Src/gpio.o
 .debug_macro   0x000011af       0x6a ./Core/Src/gpio.o
 .debug_macro   0x00001219      0x1df ./Core/Src/gpio.o
 .debug_macro   0x000013f8       0x1c ./Core/Src/gpio.o
 .debug_macro   0x00001414       0x22 ./Core/Src/gpio.o
 .debug_macro   0x00001436       0xfb ./Core/Src/gpio.o
 .debug_macro   0x00001531     0x1011 ./Core/Src/gpio.o
 .debug_macro   0x00002542      0x11f ./Core/Src/gpio.o
 .debug_macro   0x00002661     0xb86c ./Core/Src/gpio.o
 .debug_macro   0x0000decd       0x6d ./Core/Src/gpio.o
 .debug_macro   0x0000df3a     0x369a ./Core/Src/gpio.o
 .debug_macro   0x000115d4      0x189 ./Core/Src/gpio.o
 .debug_macro   0x0001175d       0x5c ./Core/Src/gpio.o
 .debug_macro   0x000117b9      0x416 ./Core/Src/gpio.o
 .debug_macro   0x00011bcf      0x9e9 ./Core/Src/gpio.o
 .debug_macro   0x000125b8      0x115 ./Core/Src/gpio.o
 .debug_macro   0x000126cd       0xf8 ./Core/Src/gpio.o
 .debug_macro   0x000127c5       0xa5 ./Core/Src/gpio.o
 .debug_macro   0x0001286a      0x15f ./Core/Src/gpio.o
 .debug_macro   0x000129c9      0x287 ./Core/Src/gpio.o
 .debug_macro   0x00012c50       0x5f ./Core/Src/gpio.o
 .debug_macro   0x00012caf      0x236 ./Core/Src/gpio.o
 .debug_macro   0x00012ee5      0x132 ./Core/Src/gpio.o
 .debug_macro   0x00013017      0x23a ./Core/Src/gpio.o
 .debug_macro   0x00013251       0x2e ./Core/Src/gpio.o
 .debug_macro   0x0001327f      0x1b5 ./Core/Src/gpio.o
 .debug_macro   0x00013434       0x22 ./Core/Src/gpio.o
 .debug_macro   0x00013456       0xd6 ./Core/Src/gpio.o
 .debug_macro   0x0001352c      0x127 ./Core/Src/gpio.o
 .debug_macro   0x00013653       0x85 ./Core/Src/gpio.o
 .debug_macro   0x000136d8       0x89 ./Core/Src/gpio.o
 .debug_macro   0x00013761      0x293 ./Core/Src/gpio.o
 .debug_macro   0x000139f4       0xba ./Core/Src/gpio.o
 .debug_macro   0x00013aae      0x126 ./Core/Src/gpio.o
 .debug_macro   0x00013bd4       0x10 ./Core/Src/gpio.o
 .debug_macro   0x00013be4      0x206 ./Core/Src/i2c.o
 .debug_macro   0x00013dea      0x37e ./Core/Src/main.o
 .debug_macro   0x00014168       0x61 ./Core/Src/main.o
 .debug_macro   0x000141c9       0x2a ./Core/Src/main.o
 .debug_macro   0x000141f3       0x43 ./Core/Src/main.o
 .debug_macro   0x00014236       0x34 ./Core/Src/main.o
 .debug_macro   0x0001426a       0x16 ./Core/Src/main.o
 .debug_macro   0x00014280       0x35 ./Core/Src/main.o
 .debug_macro   0x000142b5      0x369 ./Core/Src/main.o
 .debug_macro   0x0001461e       0x10 ./Core/Src/main.o
 .debug_macro   0x0001462e       0x16 ./Core/Src/main.o
 .debug_macro   0x00014644       0x43 ./Core/Src/main.o
 .debug_macro   0x00014687       0x34 ./Core/Src/main.o
 .debug_macro   0x000146bb       0x10 ./Core/Src/main.o
 .debug_macro   0x000146cb       0x58 ./Core/Src/main.o
 .debug_macro   0x00014723       0x8e ./Core/Src/main.o
 .debug_macro   0x000147b1       0x1c ./Core/Src/main.o
 .debug_macro   0x000147cd      0x177 ./Core/Src/main.o
 .debug_macro   0x00014944       0x16 ./Core/Src/main.o
 .debug_macro   0x0001495a       0x16 ./Core/Src/main.o
 .debug_macro   0x00014970      0x146 ./Core/Src/main.o
 .debug_macro   0x00014ab6       0x16 ./Core/Src/main.o
 .debug_macro   0x00014acc       0x16 ./Core/Src/main.o
 .debug_macro   0x00014ae2       0x29 ./Core/Src/main.o
 .debug_macro   0x00014b0b       0x16 ./Core/Src/main.o
 .debug_macro   0x00014b21       0x20 ./Core/Src/main.o
 .debug_macro   0x00014b41       0x65 ./Core/Src/main.o
 .debug_macro   0x00014ba6      0x20f ./Core/Src/main.o
 .debug_macro   0x00014db5      0x1fc ./Core/Src/stm32f4xx_hal_msp.o
 .debug_macro   0x00014fb1      0x206 ./Core/Src/stm32f4xx_it.o
 .debug_macro   0x000151b7      0x1ed ./Core/Src/system_stm32f4xx.o
 .debug_macro   0x000153a4      0x24d ./Drivers/STM32F4xx_HAL_Driver/stm32f4xx_hal.o
 .debug_macro   0x000155f1      0x1ed ./Drivers/STM32F4xx_HAL_Driver/stm32f4xx_hal_cortex.o
 .debug_macro   0x000157de      0x1f3 ./Drivers/STM32F4xx_HAL_Driver/stm32f4xx_hal_gpio.o
 .debug_macro   0x000159d1      0x23b ./Drivers/STM32F4xx_HAL_Driver/stm32f4xx_hal_i2c.o
 .debug_macro   0x00015c0c      0x1f9 ./Drivers/STM32F4xx_HAL_Driver/stm32f4xx_hal_pcd.o
 .debug_macro   0x00015e05      0x1ed ./Drivers/STM32F4xx_HAL_Driver/stm32f4xx_hal_pcd_ex.o
 .debug_macro   0x00015ff2      0x211 ./Drivers/STM32F4xx_HAL_Driver/stm32f4xx_hal_rcc.o
 .debug_macro   0x00016203      0x1ed ./Drivers/STM32F4xx_HAL_Driver/stm32f4xx_ll_usb.o
 .debug_macro   0x000163f0      0x38b ./Middlewares/USB_Device_Library/usbd_cdc.o
 .debug_macro   0x0001677b       0x9e ./Middlewares/USB_Device_Library/usbd_cdc.o
 .debug_macro   0x00016819      0x10b ./Middlewares/USB_Device_Library/usbd_cdc.o
 .debug_macro   0x00016924       0x56 ./Middlewares/USB_Device_Library/usbd_cdc.o
 .debug_macro   0x0001697a       0x95 ./Middlewares/USB_Device_Library/usbd_cdc.o
 .debug_macro   0x00016a0f      0x372 ./Middlewares/USB_Device_Library/usbd_core.o
 .debug_macro   0x00016d81      0x215 ./Middlewares/USB_Device_Library/usbd_core.o
 .debug_macro   0x00016f96      0x37c ./Middlewares/USB_Device_Library/usbd_ctlreq.o
 .debug_macro   0x00017312      0x378 ./Middlewares/USB_Device_Library/usbd_ioreq.o
 .debug_macro   0x0001768a      0x3ab ./USB_DEVICE/App/usb_device.o
 .debug_macro   0x00017a35       0x16 ./USB_DEVICE/App/usb_device.o
 .debug_macro   0x00017a4b       0x22 ./USB_DEVICE/App/usb_device.o
 .debug_macro   0x00017a6d       0x16 ./USB_DEVICE/App/usb_device.o
 .debug_macro   0x00017a83      0x396 ./USB_DEVICE/App/usbd_cdc_if.o
 .debug_macro   0x00017e19       0x10 ./USB_DEVICE/App/usbd_cdc_if.o
 .debug_macro   0x00017e29      0x3b5 ./USB_DEVICE/App/usbd_desc.o
 .debug_macro   0x000181de       0x1c ./USB_DEVICE/App/usbd_desc.o
 .debug_macro   0x000181fa      0x38f ./USB_DEVICE/Target/usbd_conf.o

.debug_line     0x00000000    0x15d29
 .debug_line    0x00000000      0x877 ./Core/Src/gpio.o
 .debug_line    0x00000877      0x8c3 ./Core/Src/i2c.o
 .debug_line    0x0000113a      0xc59 ./Core/Src/main.o
 .debug_line    0x00001d93      0x859 ./Core/Src/stm32f4xx_hal_msp.o
 .debug_line    0x000025ec      0x934 ./Core/Src/stm32f4xx_it.o
 .debug_line    0x00002f20      0x8de ./Core/Src/system_stm32f4xx.o
 .debug_line    0x000037fe       0x7a ./Core/Startup/startup_stm32f401ccux.o
 .debug_line    0x00003878      0xb80 ./Drivers/STM32F4xx_HAL_Driver/stm32f4xx_hal.o
 .debug_line    0x000043f8      0xe72 ./Drivers/STM32F4xx_HAL_Driver/stm32f4xx_hal_cortex.o
 .debug_line    0x0000526a      0xcd0 ./Drivers/STM32F4xx_HAL_Driver/stm32f4xx_hal_gpio.o
 .debug_line    0x00005f3a     0x3cc6 ./Drivers/STM32F4xx_HAL_Driver/stm32f4xx_hal_i2c.o
 .debug_line    0x00009c00     0x1669 ./Drivers/STM32F4xx_HAL_Driver/stm32f4xx_hal_pcd.o
 .debug_line    0x0000b269      0x95d ./Drivers/STM32F4xx_HAL_Driver/stm32f4xx_hal_pcd_ex.o
 .debug_line    0x0000bbc6      0xf09 ./Drivers/STM32F4xx_HAL_Driver/stm32f4xx_hal_rcc.o
 .debug_line    0x0000cacf     0x1eff ./Drivers/STM32F4xx_HAL_Driver/stm32f4xx_ll_usb.o
 .debug_line    0x0000e9ce     0x1088 ./Middlewares/USB_Device_Library/usbd_cdc.o
 .debug_line    0x0000fa56     0x10c9 ./Middlewares/USB_Device_Library/usbd_core.o
 .debug_line    0x00010b1f     0x12d9 ./Middlewares/USB_Device_Library/usbd_ctlreq.o
 .debug_line    0x00011df8      0xbe3 ./Middlewares/USB_Device_Library/usbd_ioreq.o
 .debug_line    0x000129db      0xb9f ./USB_DEVICE/App/usb_device.o
 .debug_line    0x0001357a      0xc02 ./USB_DEVICE/App/usbd_cdc_if.o
 .debug_line    0x0001417c      0xc2f ./USB_DEVICE/App/usbd_desc.o
 .debug_line    0x00014dab      0xf7e ./USB_DEVICE/Target/usbd_conf.o

.debug_str      0x00000000    0x89026
 .debug_str     0x00000000    0x800fc ./Core/Src/gpio.o
                              0x80386 (size before relaxing)
 .debug_str     0x000800fc      0x553 ./Core/Src/i2c.o
                              0x808ba (size before relaxing)
 .debug_str     0x0008064f     0x4472 ./Core/Src/main.o
                              0x84ce8 (size before relaxing)
 .debug_str     0x00084ac1       0x2c ./Core/Src/stm32f4xx_hal_msp.o
                              0x802bb (size before relaxing)
 .debug_str     0x00084aed      0x460 ./Core/Src/stm32f4xx_it.o
                              0x80662 (size before relaxing)
 .debug_str     0x00084f4d       0xdb ./Core/Src/system_stm32f4xx.o
                              0x80339 (size before relaxing)
 .debug_str     0x00085028       0x44 ./Core/Startup/startup_stm32f401ccux.o
                                 0x89 (size before relaxing)
 .debug_str     0x0008506c      0x9e7 ./Drivers/STM32F4xx_HAL_Driver/stm32f4xx_hal.o
                              0x80d94 (size before relaxing)
 .debug_str     0x00085a53      0x3cb ./Drivers/STM32F4xx_HAL_Driver/stm32f4xx_hal_cortex.o
                              0x80afe (size before relaxing)
 .debug_str     0x00085e1e      0x15a ./Drivers/STM32F4xx_HAL_Driver/stm32f4xx_hal_gpio.o
                              0x804ed (size before relaxing)
 .debug_str     0x00085f78      0xb60 ./Drivers/STM32F4xx_HAL_Driver/stm32f4xx_hal_i2c.o
                              0x81383 (size before relaxing)
 .debug_str     0x00086ad8      0x86a ./Drivers/STM32F4xx_HAL_Driver/stm32f4xx_hal_pcd.o
                              0x80e3e (size before relaxing)
 .debug_str     0x00087342      0x14e ./Drivers/STM32F4xx_HAL_Driver/stm32f4xx_hal_pcd_ex.o
                              0x8072e (size before relaxing)
 .debug_str     0x00087490      0x238 ./Drivers/STM32F4xx_HAL_Driver/stm32f4xx_hal_rcc.o
                              0x807a6 (size before relaxing)
 .debug_str     0x000876c8      0x4e9 ./Drivers/STM32F4xx_HAL_Driver/stm32f4xx_ll_usb.o
                              0x80d19 (size before relaxing)
 .debug_str     0x00087bb1      0xa74 ./Middlewares/USB_Device_Library/usbd_cdc.o
                              0x85363 (size before relaxing)
 .debug_str     0x00088625      0x395 ./Middlewares/USB_Device_Library/usbd_core.o
                              0x84cbc (size before relaxing)
 .debug_str     0x000889ba      0x172 ./Middlewares/USB_Device_Library/usbd_ctlreq.o
                              0x84ae7 (size before relaxing)
 .debug_str     0x00088b2c       0x8a ./Middlewares/USB_Device_Library/usbd_ioreq.o
                              0x849bc (size before relaxing)
 .debug_str     0x00088bb6      0x105 ./USB_DEVICE/App/usb_device.o
                              0x84d36 (size before relaxing)
 .debug_str     0x00088cbb       0x8a ./USB_DEVICE/App/usbd_cdc_if.o
                              0x84d76 (size before relaxing)
 .debug_str     0x00088d45      0x26e ./USB_DEVICE/App/usbd_desc.o
                              0x84883 (size before relaxing)
 .debug_str     0x00088fb3       0x73 ./USB_DEVICE/Target/usbd_conf.o
                              0x85a28 (size before relaxing)

.comment        0x00000000       0x43
 .comment       0x00000000       0x43 ./Core/Src/gpio.o
                                 0x44 (size before relaxing)
 .comment       0x00000043       0x44 ./Core/Src/i2c.o
 .comment       0x00000043       0x44 ./Core/Src/main.o
 .comment       0x00000043       0x44 ./Core/Src/stm32f4xx_hal_msp.o
 .comment       0x00000043       0x44 ./Core/Src/stm32f4xx_it.o
 .comment       0x00000043       0x44 ./Core/Src/system_stm32f4xx.o
 .comment       0x00000043       0x44 ./Drivers/STM32F4xx_HAL_Driver/stm32f4xx_hal.o
 .comment       0x00000043       0x44 ./Drivers/STM32F4xx_HAL_Driver/stm32f4xx_hal_cortex.o
 .comment       0x00000043       0x44 ./Drivers/STM32F4xx_HAL_Driver/stm32f4xx_hal_gpio.o
 .comment       0x00000043       0x44 ./Drivers/STM32F4xx_HAL_Driver/stm32f4xx_hal_i2c.o
 .comment       0x00000043       0x44 ./Drivers/STM32F4xx_HAL_Driver/stm32f4xx_hal_pcd.o
 .comment       0x00000043       0x44 ./Drivers/STM32F4xx_HAL_Driver/stm32f4xx_hal_pcd_ex.o
 .comment       0x00000043       0x44 ./Drivers/STM32F4xx_HAL_Driver/stm32f4xx_hal_rcc.o
 .comment       0x00000043       0x44 ./Drivers/STM32F4xx_HAL_Driver/stm32f4xx_ll_usb.o
 .comment       0x00000043       0x44 ./Middlewares/USB_Device_Library/usbd_cdc.o
 .comment       0x00000043       0x44 ./Middlewares/USB_Device_Library/usbd_core.o
 .comment       0x00000043       0x44 ./Middlewares/USB_Device_Library/usbd_ctlreq.o
 .comment       0x00000043       0x44 ./Middlewares/USB_Device_Library/usbd_ioreq.o
 .comment       0x00000043       0x44 ./USB_DEVICE/App/usb_device.o
 .comment       0x00000043       0x44 ./USB_DEVICE/App/usbd_cdc_if.o
 .comment       0x00000043       0x44 ./USB_DEVICE/App/usbd_desc.o
 .comment       0x00000043       0x44 ./USB_DEVICE/Target/usbd_conf.o

.debug_frame    0x00000000     0x3a5c
 .debug_frame   0x00000000       0x34 ./Core/Src/gpio.o
 .debug_frame   0x00000034       0x74 ./Core/Src/i2c.o
 .debug_frame   0x000000a8       0x70 ./Core/Src/main.o
 .debug_frame   0x00000118       0x38 ./Core/Src/stm32f4xx_hal_msp.o
 .debug_frame   0x00000150      0x120 ./Core/Src/stm32f4xx_it.o
 .debug_frame   0x00000270       0x58 ./Core/Src/system_stm32f4xx.o
 .debug_frame   0x000002c8      0x374 ./Drivers/STM32F4xx_HAL_Driver/stm32f4xx_hal.o
 .debug_frame   0x0000063c      0x508 ./Drivers/STM32F4xx_HAL_Driver/stm32f4xx_hal_cortex.o
 .debug_frame   0x00000b44      0x14c ./Drivers/STM32F4xx_HAL_Driver/stm32f4xx_hal_gpio.o
 .debug_frame   0x00000c90      0xc84 ./Drivers/STM32F4xx_HAL_Driver/stm32f4xx_hal_i2c.o
 .debug_frame   0x00001914      0x5b8 ./Drivers/STM32F4xx_HAL_Driver/stm32f4xx_hal_pcd.o
 .debug_frame   0x00001ecc       0xb0 ./Drivers/STM32F4xx_HAL_Driver/stm32f4xx_hal_pcd_ex.o
 .debug_frame   0x00001f7c      0x1f4 ./Drivers/STM32F4xx_HAL_Driver/stm32f4xx_hal_rcc.o
 .debug_frame   0x00002170      0x7c0 ./Drivers/STM32F4xx_HAL_Driver/stm32f4xx_ll_usb.o
 .debug_frame   0x00002930      0x23c ./Middlewares/USB_Device_Library/usbd_cdc.o
 .debug_frame   0x00002b6c      0x390 ./Middlewares/USB_Device_Library/usbd_core.o
 .debug_frame   0x00002efc      0x23c ./Middlewares/USB_Device_Library/usbd_ctlreq.o
 .debug_frame   0x00003138      0x10c ./Middlewares/USB_Device_Library/usbd_ioreq.o
 .debug_frame   0x00003244       0x2c ./USB_DEVICE/App/usb_device.o
 .debug_frame   0x00003270       0xe4 ./USB_DEVICE/App/usbd_cdc_if.o
 .debug_frame   0x00003354      0x160 ./USB_DEVICE/App/usbd_desc.o
 .debug_frame   0x000034b4      0x47c ./USB_DEVICE/Target/usbd_conf.o
 .debug_frame   0x00003930       0x38 C:/ST/STM32CubeIDE_1.17.0/STM32CubeIDE/plugins/com.st.stm32cube.ide.mcu.externaltools.gnu-tools-for-stm32.12.3.rel1.win32_1.1.0.202410251130/tools/bin/../lib/gcc/arm-none-eabi/12.3.1/../../../../arm-none-eabi/lib/thumb/v7e-m+fp/hard\libc_nano.a(libc_a-itoa.o)
 .debug_frame   0x00003968       0x48 C:/ST/STM32CubeIDE_1.17.0/STM32CubeIDE/plugins/com.st.stm32cube.ide.mcu.externaltools.gnu-tools-for-stm32.12.3.rel1.win32_1.1.0.202410251130/tools/bin/../lib/gcc/arm-none-eabi/12.3.1/../../../../arm-none-eabi/lib/thumb/v7e-m+fp/hard\libc_nano.a(libc_a-utoa.o)
 .debug_frame   0x000039b0       0x20 C:/ST/STM32CubeIDE_1.17.0/STM32CubeIDE/plugins/com.st.stm32cube.ide.mcu.externaltools.gnu-tools-for-stm32.12.3.rel1.win32_1.1.0.202410251130/tools/bin/../lib/gcc/arm-none-eabi/12.3.1/../../../../arm-none-eabi/lib/thumb/v7e-m+fp/hard\libc_nano.a(libc_a-memset.o)
 .debug_frame   0x000039d0       0x2c C:/ST/STM32CubeIDE_1.17.0/STM32CubeIDE/plugins/com.st.stm32cube.ide.mcu.externaltools.gnu-tools-for-stm32.12.3.rel1.win32_1.1.0.202410251130/tools/bin/../lib/gcc/arm-none-eabi/12.3.1/../../../../arm-none-eabi/lib/thumb/v7e-m+fp/hard\libc_nano.a(libc_a-init.o)
 .debug_frame   0x000039fc       0x2c C:/ST/STM32CubeIDE_1.17.0/STM32CubeIDE/plugins/com.st.stm32cube.ide.mcu.externaltools.gnu-tools-for-stm32.12.3.rel1.win32_1.1.0.202410251130/tools/bin/../lib/gcc/arm-none-eabi/12.3.1/thumb/v7e-m+fp/hard\libgcc.a(_aeabi_uldivmod.o)
 .debug_frame   0x00003a28       0x34 C:/ST/STM32CubeIDE_1.17.0/STM32CubeIDE/plugins/com.st.stm32cube.ide.mcu.externaltools.gnu-tools-for-stm32.12.3.rel1.win32_1.1.0.202410251130/tools/bin/../lib/gcc/arm-none-eabi/12.3.1/thumb/v7e-m+fp/hard\libgcc.a(_udivmoddi4.o)

.debug_line_str
                0x00000000       0x6d
 .debug_line_str
                0x00000000       0x6d ./Core/Startup/startup_stm32f401ccux.o
