Archive member included to satisfy reference by file (symbol)

C:/ST/STM32CubeIDE_1.17.0/STM32CubeIDE/plugins/com.st.stm32cube.ide.mcu.externaltools.gnu-tools-for-stm32.12.3.rel1.win32_1.1.0.202410251130/tools/bin/../lib/gcc/arm-none-eabi/12.3.1/../../../../arm-none-eabi/lib/thumb/v7e-m+fp/hard\libc_nano.a(libc_a-exit.o)
                              C:/ST/STM32CubeIDE_1.17.0/STM32CubeIDE/plugins/com.st.stm32cube.ide.mcu.externaltools.gnu-tools-for-stm32.12.3.rel1.win32_1.1.0.202410251130/tools/bin/../lib/gcc/arm-none-eabi/12.3.1/../../../../arm-none-eabi/lib/thumb/v7e-m+fp/hard/crt0.o (exit)
C:/ST/STM32CubeIDE_1.17.0/STM32CubeIDE/plugins/com.st.stm32cube.ide.mcu.externaltools.gnu-tools-for-stm32.12.3.rel1.win32_1.1.0.202410251130/tools/bin/../lib/gcc/arm-none-eabi/12.3.1/../../../../arm-none-eabi/lib/thumb/v7e-m+fp/hard\libc_nano.a(libc_a-itoa.o)
                              ./Core/Src/main.o (itoa)
C:/ST/STM32CubeIDE_1.17.0/STM32CubeIDE/plugins/com.st.stm32cube.ide.mcu.externaltools.gnu-tools-for-stm32.12.3.rel1.win32_1.1.0.202410251130/tools/bin/../lib/gcc/arm-none-eabi/12.3.1/../../../../arm-none-eabi/lib/thumb/v7e-m+fp/hard\libc_nano.a(libc_a-utoa.o)
                              C:/ST/STM32CubeIDE_1.17.0/STM32CubeIDE/plugins/com.st.stm32cube.ide.mcu.externaltools.gnu-tools-for-stm32.12.3.rel1.win32_1.1.0.202410251130/tools/bin/../lib/gcc/arm-none-eabi/12.3.1/../../../../arm-none-eabi/lib/thumb/v7e-m+fp/hard\libc_nano.a(libc_a-itoa.o) (__utoa)
C:/ST/STM32CubeIDE_1.17.0/STM32CubeIDE/plugins/com.st.stm32cube.ide.mcu.externaltools.gnu-tools-for-stm32.12.3.rel1.win32_1.1.0.202410251130/tools/bin/../lib/gcc/arm-none-eabi/12.3.1/../../../../arm-none-eabi/lib/thumb/v7e-m+fp/hard\libc_nano.a(libc_a-findfp.o)
                              C:/ST/STM32CubeIDE_1.17.0/STM32CubeIDE/plugins/com.st.stm32cube.ide.mcu.externaltools.gnu-tools-for-stm32.12.3.rel1.win32_1.1.0.202410251130/tools/bin/../lib/gcc/arm-none-eabi/12.3.1/../../../../arm-none-eabi/lib/thumb/v7e-m+fp/hard\libc_nano.a(libc_a-exit.o) (__stdio_exit_handler)
C:/ST/STM32CubeIDE_1.17.0/STM32CubeIDE/plugins/com.st.stm32cube.ide.mcu.externaltools.gnu-tools-for-stm32.12.3.rel1.win32_1.1.0.202410251130/tools/bin/../lib/gcc/arm-none-eabi/12.3.1/../../../../arm-none-eabi/lib/thumb/v7e-m+fp/hard\libc_nano.a(libc_a-fwalk.o)
                              C:/ST/STM32CubeIDE_1.17.0/STM32CubeIDE/plugins/com.st.stm32cube.ide.mcu.externaltools.gnu-tools-for-stm32.12.3.rel1.win32_1.1.0.202410251130/tools/bin/../lib/gcc/arm-none-eabi/12.3.1/../../../../arm-none-eabi/lib/thumb/v7e-m+fp/hard\libc_nano.a(libc_a-findfp.o) (_fwalk_sglue)
C:/ST/STM32CubeIDE_1.17.0/STM32CubeIDE/plugins/com.st.stm32cube.ide.mcu.externaltools.gnu-tools-for-stm32.12.3.rel1.win32_1.1.0.202410251130/tools/bin/../lib/gcc/arm-none-eabi/12.3.1/../../../../arm-none-eabi/lib/thumb/v7e-m+fp/hard\libc_nano.a(libc_a-stdio.o)
                              C:/ST/STM32CubeIDE_1.17.0/STM32CubeIDE/plugins/com.st.stm32cube.ide.mcu.externaltools.gnu-tools-for-stm32.12.3.rel1.win32_1.1.0.202410251130/tools/bin/../lib/gcc/arm-none-eabi/12.3.1/../../../../arm-none-eabi/lib/thumb/v7e-m+fp/hard\libc_nano.a(libc_a-findfp.o) (__sread)
C:/ST/STM32CubeIDE_1.17.0/STM32CubeIDE/plugins/com.st.stm32cube.ide.mcu.externaltools.gnu-tools-for-stm32.12.3.rel1.win32_1.1.0.202410251130/tools/bin/../lib/gcc/arm-none-eabi/12.3.1/../../../../arm-none-eabi/lib/thumb/v7e-m+fp/hard\libc_nano.a(libc_a-memset.o)
                              C:/ST/STM32CubeIDE_1.17.0/STM32CubeIDE/plugins/com.st.stm32cube.ide.mcu.externaltools.gnu-tools-for-stm32.12.3.rel1.win32_1.1.0.202410251130/tools/bin/../lib/gcc/arm-none-eabi/12.3.1/../../../../arm-none-eabi/lib/thumb/v7e-m+fp/hard/crt0.o (memset)
C:/ST/STM32CubeIDE_1.17.0/STM32CubeIDE/plugins/com.st.stm32cube.ide.mcu.externaltools.gnu-tools-for-stm32.12.3.rel1.win32_1.1.0.202410251130/tools/bin/../lib/gcc/arm-none-eabi/12.3.1/../../../../arm-none-eabi/lib/thumb/v7e-m+fp/hard\libc_nano.a(libc_a-closer.o)
                              C:/ST/STM32CubeIDE_1.17.0/STM32CubeIDE/plugins/com.st.stm32cube.ide.mcu.externaltools.gnu-tools-for-stm32.12.3.rel1.win32_1.1.0.202410251130/tools/bin/../lib/gcc/arm-none-eabi/12.3.1/../../../../arm-none-eabi/lib/thumb/v7e-m+fp/hard\libc_nano.a(libc_a-stdio.o) (_close_r)
C:/ST/STM32CubeIDE_1.17.0/STM32CubeIDE/plugins/com.st.stm32cube.ide.mcu.externaltools.gnu-tools-for-stm32.12.3.rel1.win32_1.1.0.202410251130/tools/bin/../lib/gcc/arm-none-eabi/12.3.1/../../../../arm-none-eabi/lib/thumb/v7e-m+fp/hard\libc_nano.a(libc_a-reent.o)
                              C:/ST/STM32CubeIDE_1.17.0/STM32CubeIDE/plugins/com.st.stm32cube.ide.mcu.externaltools.gnu-tools-for-stm32.12.3.rel1.win32_1.1.0.202410251130/tools/bin/../lib/gcc/arm-none-eabi/12.3.1/../../../../arm-none-eabi/lib/thumb/v7e-m+fp/hard\libc_nano.a(libc_a-closer.o) (errno)
[...]
Memory Configuration

Name             Origin             Length             Attributes
RAM              0x20000000         0x00010000         xrw
FLASH            0x08000000         0x00040000         xr
*default*        0x00000000         0xffffffff

Linker script and memory map

LOAD C:/ST/STM32CubeIDE_1.17.0/STM32CubeIDE/plugins/com.st.stm32cube.ide.mcu.externaltools.gnu-tools-for-stm32.12.3.rel1.win32_1.1.0.202410251130/tools/bin/../lib/gcc/arm-none-eabi/12.3.1/thumb/v7e-m+fp/hard/crti.o
LOAD C:/ST/STM32CubeIDE_1.17.0/STM32CubeIDE/plugins/com.st.stm32cube.ide.mcu.externaltools.gnu-tools-for-stm32.12.3.rel1.win32_1.1.0.202410251130/tools/bin/../lib/gcc/arm-none-eabi/12.3.1/thumb/v7e-m+fp/hard/crtbegin.o
LOAD C:/ST/STM32CubeIDE_1.17.0/STM32CubeIDE/plugins/com.st.stm32cube.ide.mcu.externaltools.gnu-tools-for-stm32.12.3.rel1.win32_1.1.0.202410251130/tools/bin/../lib/gcc/arm-none-eabi/12.3.1/../../../../arm-none-eabi/lib/thumb/v7e-m+fp/hard/crt0.o
LOAD ./Core/Src/gpio.o
LOAD ./Core/Src/i2c.o
LOAD ./Core/Src/main.o
LOAD ./Core/Src/spi.o
LOAD ./Core/Src/stm32f4xx_hal_msp.o
LOAD ./Core/Src/stm32f4xx_it.o
LOAD ./Core/Src/syscalls.o
LOAD ./Core/Src/sysmem.o
LOAD ./Core/Src/system_stm32f4xx.o
LOAD ./Core/Src/stm32-hal-mcp2515/mcp2515.o
LOAD ./Core/Startup/startup_stm32f401ccux.o
LOAD ./Drivers/STM32F4xx_HAL_Driver/stm32f4xx_hal.o
LOAD ./Drivers/STM32F4xx_HAL_Driver/stm32f4xx_hal_cortex.o
LOAD ./Drivers/STM32F4xx_HAL_Driver/stm32f4xx_hal_dma.o
LOAD ./Drivers/STM32F4xx_HAL_Driver/stm32f4xx_hal_dma_ex.o
LOAD ./Drivers/STM32F4xx_HAL_Driver/stm32f4xx_hal_exti.o
LOAD ./Drivers/STM32F4xx_HAL_Driver/stm32f4xx_hal_flash.o
LOAD ./Drivers/STM32F4xx_HAL_Driver/stm32f4xx_hal_flash_ex.o
LOAD ./Drivers/STM32F4xx_HAL_Driver/stm32f4xx_hal_flash_ramfunc.o
LOAD ./Drivers/STM32F4xx_HAL_Driver/stm32f4xx_hal_gpio.o
LOAD ./Drivers/STM32F4xx_HAL_Driver/stm32f4xx_hal_i2c.o
LOAD ./Drivers/STM32F4xx_HAL_Driver/stm32f4xx_hal_i2c_ex.o
LOAD ./Drivers/STM32F4xx_HAL_Driver/stm32f4xx_hal_pcd.o
LOAD ./Drivers/STM32F4xx_HAL_Driver/stm32f4xx_hal_pcd_ex.o
LOAD ./Drivers/STM32F4xx_HAL_Driver/stm32f4xx_hal_pwr.o
LOAD ./Drivers/STM32F4xx_HAL_Driver/stm32f4xx_hal_pwr_ex.o
LOAD ./Drivers/STM32F4xx_HAL_Driver/stm32f4xx_hal_rcc.o
LOAD ./Drivers/STM32F4xx_HAL_Driver/stm32f4xx_hal_rcc_ex.o
LOAD ./Drivers/STM32F4xx_HAL_Driver/stm32f4xx_hal_spi.o
LOAD ./Drivers/STM32F4xx_HAL_Driver/stm32f4xx_ll_usb.o
LOAD ./Middlewares/USB_Device_Library/usbd_cdc.o
LOAD ./Middlewares/USB_Device_Library/usbd_core.o
LOAD ./Middlewares/USB_Device_Library/usbd_ctlreq.o
LOAD ./Middlewares/USB_Device_Library/usbd_ioreq.o
LOAD ./USB_DEVICE/App/usb_device.o
LOAD ./USB_DEVICE/App/usbd_cdc_if.o
LOAD ./USB_DEVICE/App/usbd_desc.o
LOAD ./USB_DEVICE/Target/usbd_conf.o
START GROUP
LOAD C:/ST/STM32CubeIDE_1.17.0/STM32CubeIDE/plugins/com.st.stm32cube.ide.mcu.externaltools.gnu-tools-for-stm32.12.3.rel1.win32_1.1.0.202410251130/tools/bin/../lib/gcc/arm-none-eabi/12.3.1/../../../../arm-none-eabi/lib/thumb/v7e-m+fp/hard\libstdc++_nano.a
LOAD C:/ST/STM32CubeIDE_1.17.0/STM32CubeIDE/plugins/com.st.stm32cube.ide.mcu.externaltools.gnu-tools-for-stm32.12.3.rel1.win32_1.1.0.202410251130/tools/bin/../lib/gcc/arm-none-eabi/12.3.1/../../../../arm-none-eabi/lib/thumb/v7e-m+fp/hard\libsupc++_nano.a
END GROUP
LOAD C:/ST/STM32CubeIDE_1.17.0/STM32CubeIDE/plugins/com.st.stm32cube.ide.mcu.externaltools.gnu-tools-for-stm32.12.3.rel1.win32_1.1.0.202410251130/tools/bin/../lib/gcc/arm-none-eabi/12.3.1/../../../../arm-none-eabi/lib/thumb/v7e-m+fp/hard\libstdc++_nano.a
LOAD C:/ST/STM32CubeIDE_1.17.0/STM32CubeIDE/plugins/com.st.stm32cube.ide.mcu.externaltools.gnu-tools-for-stm32.12.3.rel1.win32_1.1.0.202410251130/tools/bin/../lib/gcc/arm-none-eabi/12.3.1/../../../../arm-none-eabi/lib/thumb/v7e-m+fp/hard\libm.a
LOAD C:/ST/STM32CubeIDE_1.17.0/STM32CubeIDE/plugins/com.st.stm32cube.ide.mcu.externaltools.gnu-tools-for-stm32.12.3.rel1.win32_1.1.0.202410251130/tools/bin/../lib/gcc/arm-none-eabi/12.3.1/../../../../arm-none-eabi/lib/thumb/v7e-m+fp/hard\libc_nano.a
START GROUP
LOAD C:/ST/STM32CubeIDE_1.17.0/STM32CubeIDE/plugins/com.st.stm32cube.ide.mcu.externaltools.gnu-tools-for-stm32.12.3.rel1.win32_1.1.0.202410251130/tools/bin/../lib/gcc/arm-none-eabi/12.3.1/thumb/v7e-m+fp/hard\libgcc.a
LOAD C:/ST/STM32CubeIDE_1.17.0/STM32CubeIDE/plugins/com.st.stm32cube.ide.mcu.externaltools.gnu-tools-for-stm32.12.3.rel1.win32_1.1.0.202410251130/tools/bin/../lib/gcc/arm-none-eabi/12.3.1/../../../../arm-none-eabi/lib/thumb/v7e-m+fp/hard\libc_nano.a
END GROUP
START GROUP
LOAD C:/ST/STM32CubeIDE_1.17.0/STM32CubeIDE/plugins/com.st.stm32cube.ide.mcu.externaltools.gnu-tools-for-stm32.12.3.rel1.win32_1.1.0.202410251130/tools/bin/../lib/gcc/arm-none-eabi/12.3.1/thumb/v7e-m+fp/hard\libgcc.a
LOAD C:/ST/STM32CubeIDE_1.17.0/STM32CubeIDE/plugins/com.st.stm32cube.ide.mcu.externaltools.gnu-tools-for-stm32.12.3.rel1.win32_1.1.0.202410251130/tools/bin/../lib/gcc/arm-none-eabi/12.3.1/../../../../arm-none-eabi/lib/thumb/v7e-m+fp/hard\libc_nano.a
LOAD C:/ST/STM32CubeIDE_1.17.0/STM32CubeIDE/plugins/com.st.stm32cube.ide.mcu.externaltools.gnu-tools-for-stm32.12.3.rel1.win32_1.1.0.202410251130/tools/bin/../lib/gcc/arm-none-eabi/12.3.1/../../../../arm-none-eabi/lib/thumb/v7e-m+fp/hard\libnosys.a
END GROUP
START GROUP
LOAD C:/ST/STM32CubeIDE_1.17.0/STM32CubeIDE/plugins/com.st.stm32cube.ide.mcu.externaltools.gnu-tools-for-stm32.12.3.rel1.win32_1.1.0.202410251130/tools/bin/../lib/gcc/arm-none-eabi/12.3.1/thumb/v7e-m+fp/hard\libgcc.a
LOAD C:/ST/STM32CubeIDE_1.17.0/STM32CubeIDE/plugins/com.st.stm32cube.ide.mcu.externaltools.gnu-tools-for-stm32.12.3.rel1.win32_1.1.0.202410251130/tools/bin/../lib/gcc/arm-none-eabi/12.3.1/../../../../arm-none-eabi/lib/thumb/v7e-m+fp/hard\libc_nano.a
LOAD C:/ST/STM32CubeIDE_1.17.0/STM32CubeIDE/plugins/com.st.stm32cube.ide.mcu.externaltools.gnu-tools-for-stm32.12.3.rel1.win32_1.1.0.202410251130/tools/bin/../lib/gcc/arm-none-eabi/12.3.1/../../../../arm-none-eabi/lib/thumb/v7e-m+fp/hard\libnosys.a
END GROUP
LOAD C:/ST/STM32CubeIDE_1.17.0/STM32CubeIDE/plugins/com.st.stm32cube.ide.mcu.externaltools.gnu-tools-for-stm32.12.3.rel1.win32_1.1.0.202410251130/tools/bin/../lib/gcc/arm-none-eabi/12.3.1/thumb/v7e-m+fp/hard/crtend.o
LOAD C:/ST/STM32CubeIDE_1.17.0/STM32CubeIDE/plugins/com.st.stm32cube.ide.mcu.externaltools.gnu-tools-for-stm32.12.3.rel1.win32_1.1.0.202410251130/tools/bin/../lib/gcc/arm-none-eabi/12.3.1/thumb/v7e-m+fp/hard/crtn.o
                0x20010000                        _estack = (ORIGIN (RAM) + LENGTH (RAM))
                0x00000200                        _Min_Heap_Size = 0x200
                0x00000400                        _Min_Stack_Size = 0x400

.isr_vector     0x08000000      0x194
                0x08000000                        . = ALIGN (0x4)
 *(.isr_vector)
 .isr_vector    0x08000000      0x194 ./Core/Startup/startup_stm32f401ccux.o
                0x08000000                g_pfnVectors
                0x08000194                        . = ALIGN (0x4)

.text           0x08000194     0x82b8
                0x08000194                        . = ALIGN (0x4)
 *(.text)
 .text          0x08000194       0x40 C:/ST/STM32CubeIDE_1.17.0/STM32CubeIDE/plugins/com.st.stm32cube.ide.mcu.externaltools.gnu-tools-for-stm32.12.3.rel1.win32_1.1.0.202410251130/tools/bin/../lib/gcc/arm-none-eabi/12.3.1/thumb/v7e-m+fp/hard/crtbegin.o
 .text          0x080001d4       0x30 C:/ST/STM32CubeIDE_1.17.0/STM32CubeIDE/plugins/com.st.stm32cube.ide.mcu.externaltools.gnu-tools-for-stm32.12.3.rel1.win32_1.1.0.202410251130/tools/bin/../lib/gcc/arm-none-eabi/12.3.1/thumb/v7e-m+fp/hard\libgcc.a(_aeabi_uldivmod.o)
                0x080001d4                __aeabi_uldivmod
 .text          0x08000204      0x2bc C:/ST/STM32CubeIDE_1.17.0/STM32CubeIDE/plugins/com.st.stm32cube.ide.mcu.externaltools.gnu-tools-for-stm32.12.3.rel1.win32_1.1.0.202410251130/tools/bin/../lib/gcc/arm-none-eabi/12.3.1/thumb/v7e-m+fp/hard\libgcc.a(_udivmoddi4.o)
                0x08000204                __udivmoddi4
 .text          0x080004c0        0x4 C:/ST/STM32CubeIDE_1.17.0/STM32CubeIDE/plugins/com.st.stm32cube.ide.mcu.externaltools.gnu-tools-for-stm32.12.3.rel1.win32_1.1.0.202410251130/tools/bin/../lib/gcc/arm-none-eabi/12.3.1/thumb/v7e-m+fp/hard\libgcc.a(_dvmd_tls.o)
                0x080004c0                __aeabi_idiv0
                0x080004c0                __aeabi_ldiv0
 *(.text*)
 .text.MX_GPIO_Init
                0x080004c4      0x118 ./Core/Src/gpio.o
                0x080004c4                MX_GPIO_Init
 .text.MX_I2C1_Init
                0x080005dc       0x5c ./Core/Src/i2c.o
                0x080005dc                MX_I2C1_Init
 .text.HAL_I2C_MspInit
                0x08000638       0x90 ./Core/Src/i2c.o
                0x08000638                HAL_I2C_MspInit
 .text.main     0x080006c8      0x2d0 ./Core/Src/main.o
                0x080006c8                main
 .text.SystemClock_Config
                0x08000998       0xd8 ./Core/Src/main.o
                0x08000998                SystemClock_Config
 .text.Error_Handler
                0x08000a70        0xc ./Core/Src/main.o
                0x08000a70                Error_Handler
 .text.MX_SPI1_Init
                0x08000a7c       0x6c ./Core/Src/spi.o
                0x08000a7c                MX_SPI1_Init
 .text.MX_SPI2_Init
                0x08000ae8       0x6c ./Core/Src/spi.o
                0x08000ae8                MX_SPI2_Init
 .text.HAL_SPI_MspInit
                0x08000b54       0xf8 ./Core/Src/spi.o
                0x08000b54                HAL_SPI_MspInit
 .text.HAL_MspInit
                0x08000c4c       0x50 ./Core/Src/stm32f4xx_hal_msp.o
                0x08000c4c                HAL_MspInit
 .text.NMI_Handler
                0x08000c9c        0x8 ./Core/Src/stm32f4xx_it.o
                0x08000c9c                NMI_Handler
 .text.HardFault_Handler
                0x08000ca4        0x8 ./Core/Src/stm32f4xx_it.o
                0x08000ca4                HardFault_Handler
 .text.MemManage_Handler
                0x08000cac        0x8 ./Core/Src/stm32f4xx_it.o
                0x08000cac                MemManage_Handler
 .text.BusFault_Handler
                0x08000cb4        0x8 ./Core/Src/stm32f4xx_it.o
                0x08000cb4                BusFault_Handler
 .text.UsageFault_Handler
                0x08000cbc        0x8 ./Core/Src/stm32f4xx_it.o
                0x08000cbc                UsageFault_Handler
 .text.SVC_Handler
                0x08000cc4        0xe ./Core/Src/stm32f4xx_it.o
                0x08000cc4                SVC_Handler
 .text.DebugMon_Handler
                0x08000cd2        0xe ./Core/Src/stm32f4xx_it.o
                0x08000cd2                DebugMon_Handler
 .text.PendSV_Handler
                0x08000ce0        0xe ./Core/Src/stm32f4xx_it.o
                0x08000ce0                PendSV_Handler
 .text.SysTick_Handler
                0x08000cee        0xc ./Core/Src/stm32f4xx_it.o
                0x08000cee                SysTick_Handler
 *fill*         0x08000cfa        0x2 
 .text.OTG_FS_IRQHandler
                0x08000cfc       0x14 ./Core/Src/stm32f4xx_it.o
                0x08000cfc                OTG_FS_IRQHandler
 .text.SystemInit
                0x08000d10       0x24 ./Core/Src/system_stm32f4xx.o
                0x08000d10                SystemInit
 .text.Reset_Handler
                0x08000d34       0x50 ./Core/Startup/startup_stm32f401ccux.o
                0x08000d34                Reset_Handler
 .text.Default_Handler
                0x08000d84        0x2 ./Core/Startup/startup_stm32f401ccux.o
                0x08000d84                RTC_Alarm_IRQHandler
                0x08000d84                EXTI2_IRQHandler
                0x08000d84                SPI4_IRQHandler
                0x08000d84                TIM1_CC_IRQHandler
                0x08000d84                DMA2_Stream5_IRQHandler
                0x08000d84                DMA1_Stream5_IRQHandler
                0x08000d84                PVD_IRQHandler
                0x08000d84                SDIO_IRQHandler
                0x08000d84                TAMP_STAMP_IRQHandler
                0x08000d84                EXTI3_IRQHandler
                0x08000d84                TIM1_UP_TIM10_IRQHandler
                0x08000d84                I2C3_ER_IRQHandler
                0x08000d84                EXTI0_IRQHandler
                0x08000d84                I2C2_EV_IRQHandler
                0x08000d84                DMA1_Stream2_IRQHandler
                0x08000d84                FPU_IRQHandler
                0x08000d84                DMA2_Stream2_IRQHandler
                0x08000d84                SPI1_IRQHandler
                0x08000d84                TIM1_BRK_TIM9_IRQHandler
                0x08000d84                DMA2_Stream3_IRQHandler
                0x08000d84                USART6_IRQHandler
                0x08000d84                DMA2_Stream0_IRQHandler
                0x08000d84                TIM4_IRQHandler
                0x08000d84                I2C1_EV_IRQHandler
                0x08000d84                DMA1_Stream6_IRQHandler
                0x08000d84                DMA1_Stream1_IRQHandler
                0x08000d84                TIM3_IRQHandler
                0x08000d84                RCC_IRQHandler
                0x08000d84                Default_Handler
                0x08000d84                EXTI15_10_IRQHandler
                0x08000d84                ADC_IRQHandler
                0x08000d84                DMA1_Stream7_IRQHandler
                0x08000d84                TIM5_IRQHandler
                0x08000d84                DMA2_Stream7_IRQHandler
                0x08000d84                I2C3_EV_IRQHandler
                0x08000d84                EXTI9_5_IRQHandler
                0x08000d84                RTC_WKUP_IRQHandler
                0x08000d84                SPI2_IRQHandler
                0x08000d84                DMA1_Stream0_IRQHandler
                0x08000d84                EXTI4_IRQHandler
                0x08000d84                WWDG_IRQHandler
                0x08000d84                TIM2_IRQHandler
                0x08000d84                OTG_FS_WKUP_IRQHandler
                0x08000d84                TIM1_TRG_COM_TIM11_IRQHandler
                0x08000d84                EXTI1_IRQHandler
                0x08000d84                USART2_IRQHandler
                0x08000d84                I2C2_ER_IRQHandler
                0x08000d84                DMA2_Stream1_IRQHandler
                0x08000d84                FLASH_IRQHandler
                0x08000d84                DMA2_Stream4_IRQHandler
                0x08000d84                USART1_IRQHandler
                0x08000d84                SPI3_IRQHandler
                0x08000d84                DMA1_Stream4_IRQHandler
                0x08000d84                I2C1_ER_IRQHandler
                0x08000d84                DMA2_Stream6_IRQHandler
                0x08000d84                DMA1_Stream3_IRQHandler
 *fill*         0x08000d86        0x2 
 .text.HAL_Init
                0x08000d88       0x44 ./Drivers/STM32F4xx_HAL_Driver/stm32f4xx_hal.o
                0x08000d88                HAL_Init
 .text.HAL_InitTick
                0x08000dcc       0x60 ./Drivers/STM32F4xx_HAL_Driver/stm32f4xx_hal.o
                0x08000dcc                HAL_InitTick
 .text.HAL_IncTick
                0x08000e2c       0x28 ./Drivers/STM32F4xx_HAL_Driver/stm32f4xx_hal.o
                0x08000e2c                HAL_IncTick
 .text.HAL_GetTick
                0x08000e54       0x18 ./Drivers/STM32F4xx_HAL_Driver/stm32f4xx_hal.o
                0x08000e54                HAL_GetTick
 .text.HAL_Delay
                0x08000e6c       0x48 ./Drivers/STM32F4xx_HAL_Driver/stm32f4xx_hal.o
                0x08000e6c                HAL_Delay
 .text.__NVIC_SetPriorityGrouping
                0x08000eb4       0x48 ./Drivers/STM32F4xx_HAL_Driver/stm32f4xx_hal_cortex.o
 .text.__NVIC_GetPriorityGrouping
                0x08000efc       0x1c ./Drivers/STM32F4xx_HAL_Driver/stm32f4xx_hal_cortex.o
 .text.__NVIC_EnableIRQ
                0x08000f18       0x3c ./Drivers/STM32F4xx_HAL_Driver/stm32f4xx_hal_cortex.o
 .text.__NVIC_SetPriority
                0x08000f54       0x54 ./Drivers/STM32F4xx_HAL_Driver/stm32f4xx_hal_cortex.o
 .text.NVIC_EncodePriority
                0x08000fa8       0x66 ./Drivers/STM32F4xx_HAL_Driver/stm32f4xx_hal_cortex.o
 *fill*         0x0800100e        0x2 
 .text.SysTick_Config
                0x08001010       0x44 ./Drivers/STM32F4xx_HAL_Driver/stm32f4xx_hal_cortex.o
 .text.HAL_NVIC_SetPriorityGrouping
                0x08001054       0x16 ./Drivers/STM32F4xx_HAL_Driver/stm32f4xx_hal_cortex.o
                0x08001054                HAL_NVIC_SetPriorityGrouping
 .text.HAL_NVIC_SetPriority
                0x0800106a       0x38 ./Drivers/STM32F4xx_HAL_Driver/stm32f4xx_hal_cortex.o
                0x0800106a                HAL_NVIC_SetPriority
 .text.HAL_NVIC_EnableIRQ
                0x080010a2       0x1c ./Drivers/STM32F4xx_HAL_Driver/stm32f4xx_hal_cortex.o
                0x080010a2                HAL_NVIC_EnableIRQ
 .text.HAL_SYSTICK_Config
                0x080010be       0x18 ./Drivers/STM32F4xx_HAL_Driver/stm32f4xx_hal_cortex.o
                0x080010be                HAL_SYSTICK_Config
 *fill*         0x080010d6        0x2 
 .text.HAL_GPIO_Init
                0x080010d8      0x308 ./Drivers/STM32F4xx_HAL_Driver/stm32f4xx_hal_gpio.o
                0x080010d8                HAL_GPIO_Init
 .text.HAL_GPIO_WritePin
                0x080013e0       0x32 ./Drivers/STM32F4xx_HAL_Driver/stm32f4xx_hal_gpio.o
                0x080013e0                HAL_GPIO_WritePin
 .text.HAL_GPIO_TogglePin
                0x08001412       0x34 ./Drivers/STM32F4xx_HAL_Driver/stm32f4xx_hal_gpio.o
                0x08001412                HAL_GPIO_TogglePin
 *fill*         0x08001446        0x2 
 .text.HAL_I2C_Init
                0x08001448      0x288 ./Drivers/STM32F4xx_HAL_Driver/stm32f4xx_hal_i2c.o
                0x08001448                HAL_I2C_Init
 .text.HAL_I2C_Mem_Write
                0x080016d0      0x1f4 ./Drivers/STM32F4xx_HAL_Driver/stm32f4xx_hal_i2c.o
                0x080016d0                HAL_I2C_Mem_Write
 .text.HAL_I2C_Mem_Read
                0x080018c4      0x464 ./Drivers/STM32F4xx_HAL_Driver/stm32f4xx_hal_i2c.o
                0x080018c4                HAL_I2C_Mem_Read
 .text.I2C_RequestMemoryWrite
                0x08001d28      0x12c ./Drivers/STM32F4xx_HAL_Driver/stm32f4xx_hal_i2c.o
 .text.I2C_RequestMemoryRead
                0x08001e54      0x1d0 ./Drivers/STM32F4xx_HAL_Driver/stm32f4xx_hal_i2c.o
 .text.I2C_WaitOnFlagUntilTimeout
                0x08002024       0xf4 ./Drivers/STM32F4xx_HAL_Driver/stm32f4xx_hal_i2c.o
 .text.I2C_WaitOnMasterAddressFlagUntilTimeout
                0x08002118      0x140 ./Drivers/STM32F4xx_HAL_Driver/stm32f4xx_hal_i2c.o
 .text.I2C_WaitOnTXEFlagUntilTimeout
                0x08002258       0x90 ./Drivers/STM32F4xx_HAL_Driver/stm32f4xx_hal_i2c.o
 .text.I2C_WaitOnBTFFlagUntilTimeout
                0x080022e8       0x90 ./Drivers/STM32F4xx_HAL_Driver/stm32f4xx_hal_i2c.o
 .text.I2C_WaitOnRXNEFlagUntilTimeout
                0x08002378       0xba ./Drivers/STM32F4xx_HAL_Driver/stm32f4xx_hal_i2c.o
 .text.I2C_IsAcknowledgeFailed
                0x08002432       0x5e ./Drivers/STM32F4xx_HAL_Driver/stm32f4xx_hal_i2c.o
 .text.HAL_PCD_Init
                0x08002490      0x21e ./Drivers/STM32F4xx_HAL_Driver/stm32f4xx_hal_pcd.o
                0x08002490                HAL_PCD_Init
 .text.HAL_PCD_Start
                0x080026ae       0x6a ./Drivers/STM32F4xx_HAL_Driver/stm32f4xx_hal_pcd.o
                0x080026ae                HAL_PCD_Start
 .text.HAL_PCD_IRQHandler
                0x08002718      0x942 ./Drivers/STM32F4xx_HAL_Driver/stm32f4xx_hal_pcd.o
                0x08002718                HAL_PCD_IRQHandler
 .text.HAL_PCD_SetAddress
                0x0800305a       0x48 ./Drivers/STM32F4xx_HAL_Driver/stm32f4xx_hal_pcd.o
                0x0800305a                HAL_PCD_SetAddress
 .text.HAL_PCD_EP_Open
                0x080030a2       0xd4 ./Drivers/STM32F4xx_HAL_Driver/stm32f4xx_hal_pcd.o
                0x080030a2                HAL_PCD_EP_Open
 .text.HAL_PCD_EP_Close
                0x08003176       0x94 ./Drivers/STM32F4xx_HAL_Driver/stm32f4xx_hal_pcd.o
                0x08003176                HAL_PCD_EP_Close
 .text.HAL_PCD_EP_Receive
                0x0800320a       0x76 ./Drivers/STM32F4xx_HAL_Driver/stm32f4xx_hal_pcd.o
                0x0800320a                HAL_PCD_EP_Receive
 .text.HAL_PCD_EP_GetRxCount
                0x08003280       0x30 ./Drivers/STM32F4xx_HAL_Driver/stm32f4xx_hal_pcd.o
                0x08003280                HAL_PCD_EP_GetRxCount
 .text.HAL_PCD_EP_Transmit
                0x080032b0       0x74 ./Drivers/STM32F4xx_HAL_Driver/stm32f4xx_hal_pcd.o
                0x080032b0                HAL_PCD_EP_Transmit
 .text.HAL_PCD_EP_SetStall
                0x08003324       0xc6 ./Drivers/STM32F4xx_HAL_Driver/stm32f4xx_hal_pcd.o
                0x08003324                HAL_PCD_EP_SetStall
 .text.HAL_PCD_EP_ClrStall
                0x080033ea       0xac ./Drivers/STM32F4xx_HAL_Driver/stm32f4xx_hal_pcd.o
                0x080033ea                HAL_PCD_EP_ClrStall
 .text.HAL_PCD_EP_Abort
                0x08003496       0x62 ./Drivers/STM32F4xx_HAL_Driver/stm32f4xx_hal_pcd.o
                0x08003496                HAL_PCD_EP_Abort
 .text.PCD_WriteEmptyTxFifo
                0x080034f8      0x118 ./Drivers/STM32F4xx_HAL_Driver/stm32f4xx_hal_pcd.o
 .text.PCD_EP_OutXfrComplete_int
                0x08003610      0x1d0 ./Drivers/STM32F4xx_HAL_Driver/stm32f4xx_hal_pcd.o
 .text.PCD_EP_OutSetupPacket_int
                0x080037e0       0x8c ./Drivers/STM32F4xx_HAL_Driver/stm32f4xx_hal_pcd.o
 .text.HAL_PCDEx_SetTxFiFo
                0x0800386c       0x8e ./Drivers/STM32F4xx_HAL_Driver/stm32f4xx_hal_pcd_ex.o
                0x0800386c                HAL_PCDEx_SetTxFiFo
 .text.HAL_PCDEx_SetRxFiFo
                0x080038fa       0x22 ./Drivers/STM32F4xx_HAL_Driver/stm32f4xx_hal_pcd_ex.o
                0x080038fa                HAL_PCDEx_SetRxFiFo
 .text.HAL_PCDEx_LPM_Callback
                0x0800391c       0x18 ./Drivers/STM32F4xx_HAL_Driver/stm32f4xx_hal_pcd_ex.o
                0x0800391c                HAL_PCDEx_LPM_Callback
 .text.HAL_RCC_OscConfig
                0x08003934      0x4f0 ./Drivers/STM32F4xx_HAL_Driver/stm32f4xx_hal_rcc.o
                0x08003934                HAL_RCC_OscConfig
 .text.HAL_RCC_ClockConfig
                0x08003e24      0x1cc ./Drivers/STM32F4xx_HAL_Driver/stm32f4xx_hal_rcc.o
                0x08003e24                HAL_RCC_ClockConfig
 .text.HAL_RCC_GetSysClockFreq
                0x08003ff0      0x18c ./Drivers/STM32F4xx_HAL_Driver/stm32f4xx_hal_rcc.o
                0x08003ff0                HAL_RCC_GetSysClockFreq
 .text.HAL_RCC_GetHCLKFreq
                0x0800417c       0x18 ./Drivers/STM32F4xx_HAL_Driver/stm32f4xx_hal_rcc.o
                0x0800417c                HAL_RCC_GetHCLKFreq
 .text.HAL_RCC_GetPCLK1Freq
                0x08004194       0x28 ./Drivers/STM32F4xx_HAL_Driver/stm32f4xx_hal_rcc.o
                0x08004194                HAL_RCC_GetPCLK1Freq
 .text.HAL_SPI_Init
                0x080041bc      0x112 ./Drivers/STM32F4xx_HAL_Driver/stm32f4xx_hal_spi.o
                0x080041bc                HAL_SPI_Init
 .text.USB_CoreInit
                0x080042ce       0xc8 ./Drivers/STM32F4xx_HAL_Driver/stm32f4xx_ll_usb.o
                0x080042ce                USB_CoreInit
 *fill*         0x08004396        0x2 
 .text.USB_SetTurnaroundTime
                0x08004398      0x144 ./Drivers/STM32F4xx_HAL_Driver/stm32f4xx_ll_usb.o
                0x08004398                USB_SetTurnaroundTime
 .text.USB_EnableGlobalInt
                0x080044dc       0x22 ./Drivers/STM32F4xx_HAL_Driver/stm32f4xx_ll_usb.o
                0x080044dc                USB_EnableGlobalInt
 .text.USB_DisableGlobalInt
                0x080044fe       0x22 ./Drivers/STM32F4xx_HAL_Driver/stm32f4xx_ll_usb.o
                0x080044fe                USB_DisableGlobalInt
 .text.USB_SetCurrentMode
                0x08004520       0x98 ./Drivers/STM32F4xx_HAL_Driver/stm32f4xx_ll_usb.o
                0x08004520                USB_SetCurrentMode
 .text.USB_DevInit
                0x080045b8      0x2c8 ./Drivers/STM32F4xx_HAL_Driver/stm32f4xx_ll_usb.o
                0x080045b8                USB_DevInit
 .text.USB_FlushTxFifo
                0x08004880       0x64 ./Drivers/STM32F4xx_HAL_Driver/stm32f4xx_ll_usb.o
                0x08004880                USB_FlushTxFifo
 .text.USB_FlushRxFifo
                0x080048e4       0x5c ./Drivers/STM32F4xx_HAL_Driver/stm32f4xx_ll_usb.o
                0x080048e4                USB_FlushRxFifo
 .text.USB_SetDevSpeed
                0x08004940       0x32 ./Drivers/STM32F4xx_HAL_Driver/stm32f4xx_ll_usb.o
                0x08004940                USB_SetDevSpeed
 .text.USB_GetDevSpeed
                0x08004972       0x4a ./Drivers/STM32F4xx_HAL_Driver/stm32f4xx_ll_usb.o
                0x08004972                USB_GetDevSpeed
 .text.USB_ActivateEndpoint
                0x080049bc      0x10e ./Drivers/STM32F4xx_HAL_Driver/stm32f4xx_ll_usb.o
                0x080049bc                USB_ActivateEndpoint
 *fill*         0x08004aca        0x2 
 .text.USB_DeactivateEndpoint
                0x08004acc      0x1b8 ./Drivers/STM32F4xx_HAL_Driver/stm32f4xx_ll_usb.o
                0x08004acc                USB_DeactivateEndpoint
 .text.USB_EPStartXfer
                0x08004c84      0x53c ./Drivers/STM32F4xx_HAL_Driver/stm32f4xx_ll_usb.o
                0x08004c84                USB_EPStartXfer
 .text.USB_EPStopXfer
                0x080051c0      0x154 ./Drivers/STM32F4xx_HAL_Driver/stm32f4xx_ll_usb.o
                0x080051c0                USB_EPStopXfer
 .text.USB_WritePacket
                0x08005314       0x7c ./Drivers/STM32F4xx_HAL_Driver/stm32f4xx_ll_usb.o
                0x08005314                USB_WritePacket
 .text.USB_ReadPacket
                0x08005390       0xb0 ./Drivers/STM32F4xx_HAL_Driver/stm32f4xx_ll_usb.o
                0x08005390                USB_ReadPacket
 .text.USB_EPSetStall
                0x08005440       0xdc ./Drivers/STM32F4xx_HAL_Driver/stm32f4xx_ll_usb.o
                0x08005440                USB_EPSetStall
 .text.USB_EPClearStall
                0x0800551c       0xcc ./Drivers/STM32F4xx_HAL_Driver/stm32f4xx_ll_usb.o
                0x0800551c                USB_EPClearStall
 .text.USB_SetDevAddress
                0x080055e8       0x4c ./Drivers/STM32F4xx_HAL_Driver/stm32f4xx_ll_usb.o
                0x080055e8                USB_SetDevAddress
 .text.USB_DevConnect
                0x08005634       0x42 ./Drivers/STM32F4xx_HAL_Driver/stm32f4xx_ll_usb.o
                0x08005634                USB_DevConnect
 .text.USB_DevDisconnect
                0x08005676       0x42 ./Drivers/STM32F4xx_HAL_Driver/stm32f4xx_ll_usb.o
                0x08005676                USB_DevDisconnect
 .text.USB_ReadInterrupts
                0x080056b8       0x26 ./Drivers/STM32F4xx_HAL_Driver/stm32f4xx_ll_usb.o
                0x080056b8                USB_ReadInterrupts
 .text.USB_ReadDevAllOutEpInterrupt
                0x080056de       0x34 ./Drivers/STM32F4xx_HAL_Driver/stm32f4xx_ll_usb.o
                0x080056de                USB_ReadDevAllOutEpInterrupt
 .text.USB_ReadDevAllInEpInterrupt
                0x08005712       0x34 ./Drivers/STM32F4xx_HAL_Driver/stm32f4xx_ll_usb.o
                0x08005712                USB_ReadDevAllInEpInterrupt
 .text.USB_ReadDevOutEPInterrupt
                0x08005746       0x3c ./Drivers/STM32F4xx_HAL_Driver/stm32f4xx_ll_usb.o
                0x08005746                USB_ReadDevOutEPInterrupt
 .text.USB_ReadDevInEPInterrupt
                0x08005782       0x5c ./Drivers/STM32F4xx_HAL_Driver/stm32f4xx_ll_usb.o
                0x08005782                USB_ReadDevInEPInterrupt
 .text.USB_GetMode
                0x080057de       0x1c ./Drivers/STM32F4xx_HAL_Driver/stm32f4xx_ll_usb.o
                0x080057de                USB_GetMode
 .text.USB_ActivateSetup
                0x080057fa       0x46 ./Drivers/STM32F4xx_HAL_Driver/stm32f4xx_ll_usb.o
                0x080057fa                USB_ActivateSetup
 .text.USB_EP0_OutStart
                0x08005840       0xbc ./Drivers/STM32F4xx_HAL_Driver/stm32f4xx_ll_usb.o
                0x08005840                USB_EP0_OutStart
 .text.USB_CoreReset
                0x080058fc       0x62 ./Drivers/STM32F4xx_HAL_Driver/stm32f4xx_ll_usb.o
 *fill*         0x0800595e        0x2 
 .text.USBD_CDC_Init
                0x08005960      0x1f0 ./Middlewares/USB_Device_Library/usbd_cdc.o
 .text.USBD_CDC_DeInit
                0x08005b50      0x104 ./Middlewares/USB_Device_Library/usbd_cdc.o
 .text.USBD_CDC_Setup
                0x08005c54      0x1b8 ./Middlewares/USB_Device_Library/usbd_cdc.o
 .text.USBD_CDC_DataIn
                0x08005e0c       0xfe ./Middlewares/USB_Device_Library/usbd_cdc.o
 .text.USBD_CDC_DataOut
                0x08005f0a       0x70 ./Middlewares/USB_Device_Library/usbd_cdc.o
 .text.USBD_CDC_EP0_RxReady
                0x08005f7a       0x74 ./Middlewares/USB_Device_Library/usbd_cdc.o
 *fill*         0x08005fee        0x2 
 .text.USBD_CDC_GetFSCfgDesc
                0x08005ff0       0x70 ./Middlewares/USB_Device_Library/usbd_cdc.o
 .text.USBD_CDC_GetHSCfgDesc
                0x08006060       0x70 ./Middlewares/USB_Device_Library/usbd_cdc.o
 .text.USBD_CDC_GetOtherSpeedCfgDesc
                0x080060d0       0x70 ./Middlewares/USB_Device_Library/usbd_cdc.o
 .text.USBD_CDC_GetDeviceQualifierDescriptor
                0x08006140       0x20 ./Middlewares/USB_Device_Library/usbd_cdc.o
                0x08006140                USBD_CDC_GetDeviceQualifierDescriptor
 .text.USBD_CDC_RegisterInterface
                0x08006160       0x34 ./Middlewares/USB_Device_Library/usbd_cdc.o
                0x08006160                USBD_CDC_RegisterInterface
 .text.USBD_CDC_SetTxBuffer
                0x08006194       0x44 ./Middlewares/USB_Device_Library/usbd_cdc.o
                0x08006194                USBD_CDC_SetTxBuffer
 .text.USBD_CDC_SetRxBuffer
                0x080061d8       0x3a ./Middlewares/USB_Device_Library/usbd_cdc.o
                0x080061d8                USBD_CDC_SetRxBuffer
 *fill*         0x08006212        0x2 
 .text.USBD_CDC_TransmitPacket
                0x08006214       0x80 ./Middlewares/USB_Device_Library/usbd_cdc.o
                0x08006214                USBD_CDC_TransmitPacket
 .text.USBD_CDC_ReceivePacket
                0x08006294       0x6c ./Middlewares/USB_Device_Library/usbd_cdc.o
                0x08006294                USBD_CDC_ReceivePacket
 .text.USBD_Init
                0x08006300       0x60 ./Middlewares/USB_Device_Library/usbd_core.o
                0x08006300                USBD_Init
 .text.USBD_RegisterClass
                0x08006360       0x6c ./Middlewares/USB_Device_Library/usbd_core.o
                0x08006360                USBD_RegisterClass
 .text.USBD_Start
                0x080063cc       0x18 ./Middlewares/USB_Device_Library/usbd_core.o
                0x080063cc                USBD_Start
 .text.USBD_RunTestMode
                0x080063e4       0x16 ./Middlewares/USB_Device_Library/usbd_core.o
                0x080063e4                USBD_RunTestMode
 .text.USBD_SetClassConfig
                0x080063fa       0x38 ./Middlewares/USB_Device_Library/usbd_core.o
                0x080063fa                USBD_SetClassConfig
 .text.USBD_ClrClassConfig
                0x08006432       0x34 ./Middlewares/USB_Device_Library/usbd_core.o
                0x08006432                USBD_ClrClassConfig
 .text.USBD_LL_SetupStage
                0x08006466       0xaa ./Middlewares/USB_Device_Library/usbd_core.o
                0x08006466                USBD_LL_SetupStage
 .text.USBD_LL_DataOutStage
                0x08006510      0x166 ./Middlewares/USB_Device_Library/usbd_core.o
                0x08006510                USBD_LL_DataOutStage
 .text.USBD_LL_DataInStage
                0x08006676      0x164 ./Middlewares/USB_Device_Library/usbd_core.o
                0x08006676                USBD_LL_DataInStage
 .text.USBD_LL_Reset
                0x080067da       0xa4 ./Middlewares/USB_Device_Library/usbd_core.o
                0x080067da                USBD_LL_Reset
 .text.USBD_LL_SetSpeed
                0x0800687e       0x20 ./Middlewares/USB_Device_Library/usbd_core.o
                0x0800687e                USBD_LL_SetSpeed
 .text.USBD_LL_Suspend
                0x0800689e       0x38 ./Middlewares/USB_Device_Library/usbd_core.o
                0x0800689e                USBD_LL_Suspend
 .text.USBD_LL_Resume
                0x080068d6       0x30 ./Middlewares/USB_Device_Library/usbd_core.o
                0x080068d6                USBD_LL_Resume
 .text.USBD_LL_SOF
                0x08006906       0x40 ./Middlewares/USB_Device_Library/usbd_core.o
                0x08006906                USBD_LL_SOF
 .text.USBD_LL_IsoINIncomplete
                0x08006946       0x64 ./Middlewares/USB_Device_Library/usbd_core.o
                0x08006946                USBD_LL_IsoINIncomplete
 .text.USBD_LL_IsoOUTIncomplete
                0x080069aa       0x64 ./Middlewares/USB_Device_Library/usbd_core.o
                0x080069aa                USBD_LL_IsoOUTIncomplete
 .text.USBD_LL_DevConnected
                0x08006a0e       0x16 ./Middlewares/USB_Device_Library/usbd_core.o
                0x08006a0e                USBD_LL_DevConnected
 .text.USBD_LL_DevDisconnected
                0x08006a24       0x46 ./Middlewares/USB_Device_Library/usbd_core.o
                0x08006a24                USBD_LL_DevDisconnected
 .text.USBD_CoreFindIF
                0x08006a6a       0x1a ./Middlewares/USB_Device_Library/usbd_core.o
                0x08006a6a                USBD_CoreFindIF
 .text.USBD_CoreFindEP
                0x08006a84       0x1a ./Middlewares/USB_Device_Library/usbd_core.o
                0x08006a84                USBD_CoreFindEP
 .text.USBD_GetEpDesc
                0x08006a9e       0x70 ./Middlewares/USB_Device_Library/usbd_core.o
                0x08006a9e                USBD_GetEpDesc
 .text.USBD_GetNextDesc
                0x08006b0e       0x38 ./Middlewares/USB_Device_Library/usbd_core.o
                0x08006b0e                USBD_GetNextDesc
 .text.SWAPBYTE
                0x08006b46       0x3c ./Middlewares/USB_Device_Library/usbd_ctlreq.o
 *fill*         0x08006b82        0x2 
 .text.USBD_StdDevReq
                0x08006b84       0xe4 ./Middlewares/USB_Device_Library/usbd_ctlreq.o
                0x08006b84                USBD_StdDevReq
 .text.USBD_StdItfReq
                0x08006c68       0xd8 ./Middlewares/USB_Device_Library/usbd_ctlreq.o
                0x08006c68                USBD_StdItfReq
 .text.USBD_StdEPReq
                0x08006d40      0x33a ./Middlewares/USB_Device_Library/usbd_ctlreq.o
                0x08006d40                USBD_StdEPReq
 *fill*         0x0800707a        0x2 
 .text.USBD_GetDescriptor
                0x0800707c      0x2d4 ./Middlewares/USB_Device_Library/usbd_ctlreq.o
 .text.USBD_SetAddress
                0x08007350       0x88 ./Middlewares/USB_Device_Library/usbd_ctlreq.o
 .text.USBD_SetConfig
                0x080073d8      0x154 ./Middlewares/USB_Device_Library/usbd_ctlreq.o
 .text.USBD_GetConfig
                0x0800752c       0x6c ./Middlewares/USB_Device_Library/usbd_ctlreq.o
 .text.USBD_GetStatus
                0x08007598       0x68 ./Middlewares/USB_Device_Library/usbd_ctlreq.o
 .text.USBD_SetFeature
                0x08007600       0x52 ./Middlewares/USB_Device_Library/usbd_ctlreq.o
 .text.USBD_ClrFeature
                0x08007652       0x44 ./Middlewares/USB_Device_Library/usbd_ctlreq.o
 .text.USBD_ParseSetupRequest
                0x08007696       0x74 ./Middlewares/USB_Device_Library/usbd_ctlreq.o
                0x08007696                USBD_ParseSetupRequest
 .text.USBD_CtlError
                0x0800770a       0x22 ./Middlewares/USB_Device_Library/usbd_ctlreq.o
                0x0800770a                USBD_CtlError
 .text.USBD_GetString
                0x0800772c       0xa4 ./Middlewares/USB_Device_Library/usbd_ctlreq.o
                0x0800772c                USBD_GetString
 .text.USBD_GetLen
                0x080077d0       0x34 ./Middlewares/USB_Device_Library/usbd_ctlreq.o
 .text.USBD_CtlSendData
                0x08007804       0x36 ./Middlewares/USB_Device_Library/usbd_ioreq.o
                0x08007804                USBD_CtlSendData
 .text.USBD_CtlContinueSendData
                0x0800783a       0x22 ./Middlewares/USB_Device_Library/usbd_ioreq.o
                0x0800783a                USBD_CtlContinueSendData
 .text.USBD_CtlPrepareRx
                0x0800785c       0x3a ./Middlewares/USB_Device_Library/usbd_ioreq.o
                0x0800785c                USBD_CtlPrepareRx
 .text.USBD_CtlContinueRx
                0x08007896       0x22 ./Middlewares/USB_Device_Library/usbd_ioreq.o
                0x08007896                USBD_CtlContinueRx
 .text.USBD_CtlSendStatus
                0x080078b8       0x26 ./Middlewares/USB_Device_Library/usbd_ioreq.o
                0x080078b8                USBD_CtlSendStatus
 .text.USBD_CtlReceiveStatus
                0x080078de       0x26 ./Middlewares/USB_Device_Library/usbd_ioreq.o
                0x080078de                USBD_CtlReceiveStatus
 .text.MX_USB_DEVICE_Init
                0x08007904       0x60 ./USB_DEVICE/App/usb_device.o
                0x08007904                MX_USB_DEVICE_Init
 .text.CDC_Init_FS
                0x08007964       0x28 ./USB_DEVICE/App/usbd_cdc_if.o
 .text.CDC_DeInit_FS
                0x0800798c       0x10 ./USB_DEVICE/App/usbd_cdc_if.o
 .text.CDC_Control_FS
                0x0800799c       0xbc ./USB_DEVICE/App/usbd_cdc_if.o
 .text.CDC_Receive_FS
                0x08007a58       0x28 ./USB_DEVICE/App/usbd_cdc_if.o
 .text.CDC_Transmit_FS
                0x08007a80       0x4c ./USB_DEVICE/App/usbd_cdc_if.o
                0x08007a80                CDC_Transmit_FS
 .text.CDC_TransmitCplt_FS
                0x08007acc       0x22 ./USB_DEVICE/App/usbd_cdc_if.o
 *fill*         0x08007aee        0x2 
 .text.USBD_FS_DeviceDescriptor
                0x08007af0       0x24 ./USB_DEVICE/App/usbd_desc.o
                0x08007af0                USBD_FS_DeviceDescriptor
 .text.USBD_FS_LangIDStrDescriptor
                0x08007b14       0x24 ./USB_DEVICE/App/usbd_desc.o
                0x08007b14                USBD_FS_LangIDStrDescriptor
 .text.USBD_FS_ProductStrDescriptor
                0x08007b38       0x3c ./USB_DEVICE/App/usbd_desc.o
                0x08007b38                USBD_FS_ProductStrDescriptor
 .text.USBD_FS_ManufacturerStrDescriptor
                0x08007b74       0x28 ./USB_DEVICE/App/usbd_desc.o
                0x08007b74                USBD_FS_ManufacturerStrDescriptor
 .text.USBD_FS_SerialStrDescriptor
                0x08007b9c       0x24 ./USB_DEVICE/App/usbd_desc.o
                0x08007b9c                USBD_FS_SerialStrDescriptor
 .text.USBD_FS_ConfigStrDescriptor
                0x08007bc0       0x3c ./USB_DEVICE/App/usbd_desc.o
                0x08007bc0                USBD_FS_ConfigStrDescriptor
 .text.USBD_FS_InterfaceStrDescriptor
                0x08007bfc       0x3c ./USB_DEVICE/App/usbd_desc.o
                0x08007bfc                USBD_FS_InterfaceStrDescriptor
 .text.Get_SerialNum
                0x08007c38       0x58 ./USB_DEVICE/App/usbd_desc.o
 .text.IntToUnicode
                0x08007c90       0x7e ./USB_DEVICE/App/usbd_desc.o
 *fill*         0x08007d0e        0x2 
 .text.HAL_PCD_MspInit
                0x08007d10       0xa8 ./USB_DEVICE/Target/usbd_conf.o
                0x08007d10                HAL_PCD_MspInit
 .text.HAL_PCD_SetupStageCallback
                0x08007db8       0x24 ./USB_DEVICE/Target/usbd_conf.o
                0x08007db8                HAL_PCD_SetupStageCallback
 .text.HAL_PCD_DataOutStageCallback
                0x08007ddc       0x36 ./USB_DEVICE/Target/usbd_conf.o
                0x08007ddc                HAL_PCD_DataOutStageCallback
 .text.HAL_PCD_DataInStageCallback
                0x08007e12       0x34 ./USB_DEVICE/Target/usbd_conf.o
                0x08007e12                HAL_PCD_DataInStageCallback
 .text.HAL_PCD_SOFCallback
                0x08007e46       0x1c ./USB_DEVICE/Target/usbd_conf.o
                0x08007e46                HAL_PCD_SOFCallback
 .text.HAL_PCD_ResetCallback
                0x08007e62       0x3c ./USB_DEVICE/Target/usbd_conf.o
                0x08007e62                HAL_PCD_ResetCallback
 *fill*         0x08007e9e        0x2 
 .text.HAL_PCD_SuspendCallback
                0x08007ea0       0x4c ./USB_DEVICE/Target/usbd_conf.o
                0x08007ea0                HAL_PCD_SuspendCallback
 .text.HAL_PCD_ResumeCallback
                0x08007eec       0x1c ./USB_DEVICE/Target/usbd_conf.o
                0x08007eec                HAL_PCD_ResumeCallback
 .text.HAL_PCD_ISOOUTIncompleteCallback
                0x08007f08       0x24 ./USB_DEVICE/Target/usbd_conf.o
                0x08007f08                HAL_PCD_ISOOUTIncompleteCallback
 .text.HAL_PCD_ISOINIncompleteCallback
                0x08007f2c       0x24 ./USB_DEVICE/Target/usbd_conf.o
                0x08007f2c                HAL_PCD_ISOINIncompleteCallback
 .text.HAL_PCD_ConnectCallback
                0x08007f50       0x1c ./USB_DEVICE/Target/usbd_conf.o
                0x08007f50                HAL_PCD_ConnectCallback
 .text.HAL_PCD_DisconnectCallback
                0x08007f6c       0x1c ./USB_DEVICE/Target/usbd_conf.o
                0x08007f6c                HAL_PCD_DisconnectCallback
 .text.USBD_LL_Init
                0x08007f88       0x98 ./USB_DEVICE/Target/usbd_conf.o
                0x08007f88                USBD_LL_Init
 .text.USBD_LL_Start
                0x08008020       0x36 ./USB_DEVICE/Target/usbd_conf.o
                0x08008020                USBD_LL_Start
 .text.USBD_LL_OpenEP
                0x08008056       0x4c ./USB_DEVICE/Target/usbd_conf.o
                0x08008056                USBD_LL_OpenEP
 .text.USBD_LL_CloseEP
                0x080080a2       0x3e ./USB_DEVICE/Target/usbd_conf.o
                0x080080a2                USBD_LL_CloseEP
 .text.USBD_LL_StallEP
                0x080080e0       0x3e ./USB_DEVICE/Target/usbd_conf.o
                0x080080e0                USBD_LL_StallEP
 .text.USBD_LL_ClearStallEP
                0x0800811e       0x3e ./USB_DEVICE/Target/usbd_conf.o
                0x0800811e                USBD_LL_ClearStallEP
 .text.USBD_LL_IsStallEP
                0x0800815c       0x58 ./USB_DEVICE/Target/usbd_conf.o
                0x0800815c                USBD_LL_IsStallEP
 .text.USBD_LL_SetUSBAddress
                0x080081b4       0x3e ./USB_DEVICE/Target/usbd_conf.o
                0x080081b4                USBD_LL_SetUSBAddress
 .text.USBD_LL_Transmit
                0x080081f2       0x42 ./USB_DEVICE/Target/usbd_conf.o
                0x080081f2                USBD_LL_Transmit
 .text.USBD_LL_PrepareReceive
                0x08008234       0x42 ./USB_DEVICE/Target/usbd_conf.o
                0x08008234                USBD_LL_PrepareReceive
 .text.USBD_LL_GetRxDataSize
                0x08008276       0x26 ./USB_DEVICE/Target/usbd_conf.o
                0x08008276                USBD_LL_GetRxDataSize
 .text.USBD_static_malloc
                0x0800829c       0x1c ./USB_DEVICE/Target/usbd_conf.o
                0x0800829c                USBD_static_malloc
 .text.USBD_static_free
                0x080082b8       0x14 ./USB_DEVICE/Target/usbd_conf.o
                0x080082b8                USBD_static_free
 .text.USBD_Get_USB_Status
                0x080082cc       0x58 ./USB_DEVICE/Target/usbd_conf.o
                0x080082cc                USBD_Get_USB_Status
 .text.__itoa   0x08008324       0x30 C:/ST/STM32CubeIDE_1.17.0/STM32CubeIDE/plugins/com.st.stm32cube.ide.mcu.externaltools.gnu-tools-for-stm32.12.3.rel1.win32_1.1.0.202410251130/tools/bin/../lib/gcc/arm-none-eabi/12.3.1/../../../../arm-none-eabi/lib/thumb/v7e-m+fp/hard\libc_nano.a(libc_a-itoa.o)
                0x08008324                __itoa
 .text.itoa     0x08008354        0x4 C:/ST/STM32CubeIDE_1.17.0/STM32CubeIDE/plugins/com.st.stm32cube.ide.mcu.externaltools.gnu-tools-for-stm32.12.3.rel1.win32_1.1.0.202410251130/tools/bin/../lib/gcc/arm-none-eabi/12.3.1/../../../../arm-none-eabi/lib/thumb/v7e-m+fp/hard\libc_nano.a(libc_a-itoa.o)
                0x08008354                itoa
 .text.__utoa   0x08008358       0x84 C:/ST/STM32CubeIDE_1.17.0/STM32CubeIDE/plugins/com.st.stm32cube.ide.mcu.externaltools.gnu-tools-for-stm32.12.3.rel1.win32_1.1.0.202410251130/tools/bin/../lib/gcc/arm-none-eabi/12.3.1/../../../../arm-none-eabi/lib/thumb/v7e-m+fp/hard\libc_nano.a(libc_a-utoa.o)
                0x08008358                __utoa
 .text.memset   0x080083dc       0x10 C:/ST/STM32CubeIDE_1.17.0/STM32CubeIDE/plugins/com.st.stm32cube.ide.mcu.externaltools.gnu-tools-for-stm32.12.3.rel1.win32_1.1.0.202410251130/tools/bin/../lib/gcc/arm-none-eabi/12.3.1/../../../../arm-none-eabi/lib/thumb/v7e-m+fp/hard\libc_nano.a(libc_a-memset.o)
                0x080083dc                memset
 .text.__libc_init_array
                0x080083ec       0x48 C:/ST/STM32CubeIDE_1.17.0/STM32CubeIDE/plugins/com.st.stm32cube.ide.mcu.externaltools.gnu-tools-for-stm32.12.3.rel1.win32_1.1.0.202410251130/tools/bin/../lib/gcc/arm-none-eabi/12.3.1/../../../../arm-none-eabi/lib/thumb/v7e-m+fp/hard\libc_nano.a(libc_a-init.o)
                0x080083ec                __libc_init_array
 *(.glue_7)
 .glue_7        0x08008434        0x0 linker stubs
 *(.glue_7t)
 .glue_7t       0x08008434        0x0 linker stubs
 *(.eh_frame)
 .eh_frame      0x08008434        0x0 C:/ST/STM32CubeIDE_1.17.0/STM32CubeIDE/plugins/com.st.stm32cube.ide.mcu.externaltools.gnu-tools-for-stm32.12.3.rel1.win32_1.1.0.202410251130/tools/bin/../lib/gcc/arm-none-eabi/12.3.1/thumb/v7e-m+fp/hard/crtbegin.o
 *(.init)
 .init          0x08008434        0x4 C:/ST/STM32CubeIDE_1.17.0/STM32CubeIDE/plugins/com.st.stm32cube.ide.mcu.externaltools.gnu-tools-for-stm32.12.3.rel1.win32_1.1.0.202410251130/tools/bin/../lib/gcc/arm-none-eabi/12.3.1/thumb/v7e-m+fp/hard/crti.o
                0x08008434                _init
 .init          0x08008438        0x8 C:/ST/STM32CubeIDE_1.17.0/STM32CubeIDE/plugins/com.st.stm32cube.ide.mcu.externaltools.gnu-tools-for-stm32.12.3.rel1.win32_1.1.0.202410251130/tools/bin/../lib/gcc/arm-none-eabi/12.3.1/thumb/v7e-m+fp/hard/crtn.o
 *(.fini)
 .fini          0x08008440        0x4 C:/ST/STM32CubeIDE_1.17.0/STM32CubeIDE/plugins/com.st.stm32cube.ide.mcu.externaltools.gnu-tools-for-stm32.12.3.rel1.win32_1.1.0.202410251130/tools/bin/../lib/gcc/arm-none-eabi/12.3.1/thumb/v7e-m+fp/hard/crti.o
                0x08008440                _fini
 .fini          0x08008444        0x8 C:/ST/STM32CubeIDE_1.17.0/STM32CubeIDE/plugins/com.st.stm32cube.ide.mcu.externaltools.gnu-tools-for-stm32.12.3.rel1.win32_1.1.0.202410251130/tools/bin/../lib/gcc/arm-none-eabi/12.3.1/thumb/v7e-m+fp/hard/crtn.o
                0x0800844c                        . = ALIGN (0x4)
                0x0800844c                        _etext = .

.vfp11_veneer   0x0800844c        0x0
 .vfp11_veneer  0x0800844c        0x0 linker stubs

.v4_bx          0x0800844c        0x0
 .v4_bx         0x0800844c        0x0 linker stubs

.iplt           0x0800844c        0x0
 .iplt          0x0800844c        0x0 C:/ST/STM32CubeIDE_1.17.0/STM32CubeIDE/plugins/com.st.stm32cube.ide.mcu.externaltools.gnu-tools-for-stm32.12.3.rel1.win32_1.1.0.202410251130/tools/bin/../lib/gcc/arm-none-eabi/12.3.1/thumb/v7e-m+fp/hard/crtbegin.o

.rodata         0x0800844c      0x118
                0x0800844c                        . = ALIGN (0x4)
 *(.rodata)
 .rodata        0x0800844c       0x90 ./Core/Src/main.o
 .rodata        0x080084dc       0x46 ./USB_DEVICE/App/usbd_desc.o
 *(.rodata*)
 *fill*         0x08008522        0x2 
 .rodata.AHBPrescTable
                0x08008524       0x10 ./Core/Src/system_stm32f4xx.o
                0x08008524                AHBPrescTable
 .rodata.APBPrescTable
                0x08008534        0x8 ./Core/Src/system_stm32f4xx.o
                0x08008534                APBPrescTable
 .rodata.__utoa.str1.1
                0x0800853c       0x25 C:/ST/STM32CubeIDE_1.17.0/STM32CubeIDE/plugins/com.st.stm32cube.ide.mcu.externaltools.gnu-tools-for-stm32.12.3.rel1.win32_1.1.0.202410251130/tools/bin/../lib/gcc/arm-none-eabi/12.3.1/../../../../arm-none-eabi/lib/thumb/v7e-m+fp/hard\libc_nano.a(libc_a-utoa.o)
                0x08008564                        . = ALIGN (0x4)
 *fill*         0x08008561        0x3 

.ARM.extab      0x08008564        0x0
                0x08008564                        . = ALIGN (0x4)
 *(.ARM.extab* .gnu.linkonce.armextab.*)
                0x08008564                        . = ALIGN (0x4)

.ARM            0x08008564        0x8
                0x08008564                        . = ALIGN (0x4)
                0x08008564                        __exidx_start = .
 *(.ARM.exidx*)
 .ARM.exidx     0x08008564        0x8 C:/ST/STM32CubeIDE_1.17.0/STM32CubeIDE/plugins/com.st.stm32cube.ide.mcu.externaltools.gnu-tools-for-stm32.12.3.rel1.win32_1.1.0.202410251130/tools/bin/../lib/gcc/arm-none-eabi/12.3.1/thumb/v7e-m+fp/hard\libgcc.a(_udivmoddi4.o)
                0x0800856c                        __exidx_end = .
                0x0800856c                        . = ALIGN (0x4)

.preinit_array  0x0800856c        0x0
                0x0800856c                        . = ALIGN (0x4)
                0x0800856c                        PROVIDE (__preinit_array_start = .)
 *(.preinit_array*)
                0x0800856c                        PROVIDE (__preinit_array_end = .)
                0x0800856c                        . = ALIGN (0x4)

.init_array     0x0800856c        0x4
                0x0800856c                        . = ALIGN (0x4)
                0x0800856c                        PROVIDE (__init_array_start = .)
 *(SORT_BY_NAME(.init_array.*))
 *(.init_array*)
 .init_array    0x0800856c        0x4 C:/ST/STM32CubeIDE_1.17.0/STM32CubeIDE/plugins/com.st.stm32cube.ide.mcu.externaltools.gnu-tools-for-stm32.12.3.rel1.win32_1.1.0.202410251130/tools/bin/../lib/gcc/arm-none-eabi/12.3.1/thumb/v7e-m+fp/hard/crtbegin.o
                0x08008570                        PROVIDE (__init_array_end = .)
                0x08008570                        . = ALIGN (0x4)

.fini_array     0x08008570        0x4
                0x08008570                        . = ALIGN (0x4)
                [!provide]                        PROVIDE (__fini_array_start = .)
 *(SORT_BY_NAME(.fini_array.*))
 *(.fini_array*)
 .fini_array    0x08008570        0x4 C:/ST/STM32CubeIDE_1.17.0/STM32CubeIDE/plugins/com.st.stm32cube.ide.mcu.externaltools.gnu-tools-for-stm32.12.3.rel1.win32_1.1.0.202410251130/tools/bin/../lib/gcc/arm-none-eabi/12.3.1/thumb/v7e-m+fp/hard/crtbegin.o
                [!provide]                        PROVIDE (__fini_array_end = .)
                0x08008574                        . = ALIGN (0x4)
                0x08008574                        _sidata = LOADADDR (.data)

.rel.dyn        0x08008574        0x0
 .rel.iplt      0x08008574        0x0 C:/ST/STM32CubeIDE_1.17.0/STM32CubeIDE/plugins/com.st.stm32cube.ide.mcu.externaltools.gnu-tools-for-stm32.12.3.rel1.win32_1.1.0.202410251130/tools/bin/../lib/gcc/arm-none-eabi/12.3.1/thumb/v7e-m+fp/hard/crtbegin.o

.data           0x20000000       0xfc load address 0x08008574
                0x20000000                        . = ALIGN (0x4)
                0x20000000                        _sdata = .
 *(.data)
 *(.data*)
 .data.SystemCoreClock
                0x20000000        0x4 ./Core/Src/system_stm32f4xx.o
                0x20000000                SystemCoreClock
 .data.uwTickPrio
                0x20000004        0x4 ./Drivers/STM32F4xx_HAL_Driver/stm32f4xx_hal.o
                0x20000004                uwTickPrio
 .data.uwTickFreq
                0x20000008        0x1 ./Drivers/STM32F4xx_HAL_Driver/stm32f4xx_hal.o
                0x20000008                uwTickFreq
 *fill*         0x20000009        0x3 
 .data.USBD_CDC_DeviceQualifierDesc
                0x2000000c        0xa ./Middlewares/USB_Device_Library/usbd_cdc.o
 *fill*         0x20000016        0x2 
 .data.USBD_CDC
                0x20000018       0x38 ./Middlewares/USB_Device_Library/usbd_cdc.o
                0x20000018                USBD_CDC
 .data.USBD_CDC_CfgDesc
                0x20000050       0x43 ./Middlewares/USB_Device_Library/usbd_cdc.o
 .data.CDCInEpAdd
                0x20000093        0x1 ./Middlewares/USB_Device_Library/usbd_cdc.o
 .data.CDCOutEpAdd
                0x20000094        0x1 ./Middlewares/USB_Device_Library/usbd_cdc.o
 .data.CDCCmdEpAdd
                0x20000095        0x1 ./Middlewares/USB_Device_Library/usbd_cdc.o
 *fill*         0x20000096        0x2 
 .data.USBD_Interface_fops_FS
                0x20000098       0x14 ./USB_DEVICE/App/usbd_cdc_if.o
                0x20000098                USBD_Interface_fops_FS
 .data.FS_Desc  0x200000ac       0x1c ./USB_DEVICE/App/usbd_desc.o
                0x200000ac                FS_Desc
 .data.USBD_FS_DeviceDesc
                0x200000c8       0x12 ./USB_DEVICE/App/usbd_desc.o
                0x200000c8                USBD_FS_DeviceDesc
 *fill*         0x200000da        0x2 
 .data.USBD_LangIDDesc
                0x200000dc        0x4 ./USB_DEVICE/App/usbd_desc.o
                0x200000dc                USBD_LangIDDesc
 .data.USBD_StringSerial
                0x200000e0       0x1a ./USB_DEVICE/App/usbd_desc.o
                0x200000e0                USBD_StringSerial
 *(.RamFunc)
 *(.RamFunc*)
                0x200000fc                        . = ALIGN (0x4)
 *fill*         0x200000fa        0x2 
                0x200000fc                        _edata = .

.igot.plt       0x200000fc        0x0 load address 0x08008670
 .igot.plt      0x200000fc        0x0 C:/ST/STM32CubeIDE_1.17.0/STM32CubeIDE/plugins/com.st.stm32cube.ide.mcu.externaltools.gnu-tools-for-stm32.12.3.rel1.win32_1.1.0.202410251130/tools/bin/../lib/gcc/arm-none-eabi/12.3.1/thumb/v7e-m+fp/hard/crtbegin.o
                0x200000fc                        . = ALIGN (0x4)

.bss            0x200000fc     0x1508 load address 0x08008670
                0x200000fc                        _sbss = .
                0x200000fc                        __bss_start__ = _sbss
 *(.bss)
 .bss           0x200000fc       0x1c C:/ST/STM32CubeIDE_1.17.0/STM32CubeIDE/plugins/com.st.stm32cube.ide.mcu.externaltools.gnu-tools-for-stm32.12.3.rel1.win32_1.1.0.202410251130/tools/bin/../lib/gcc/arm-none-eabi/12.3.1/thumb/v7e-m+fp/hard/crtbegin.o
 *(.bss*)
 .bss.hi2c1     0x20000118       0x54 ./Core/Src/i2c.o
                0x20000118                hi2c1
 .bss.hspi1     0x2000016c       0x58 ./Core/Src/spi.o
                0x2000016c                hspi1
 .bss.hspi2     0x200001c4       0x58 ./Core/Src/spi.o
                0x200001c4                hspi2
 .bss.uwTick    0x2000021c        0x4 ./Drivers/STM32F4xx_HAL_Driver/stm32f4xx_hal.o
                0x2000021c                uwTick
 .bss.cfgidx.0  0x20000220        0x1 ./Middlewares/USB_Device_Library/usbd_ctlreq.o
 *fill*         0x20000221        0x3 
 .bss.hUsbDeviceFS
                0x20000224      0x2dc ./USB_DEVICE/App/usb_device.o
                0x20000224                hUsbDeviceFS
 .bss.UserRxBufferFS
                0x20000500      0x400 ./USB_DEVICE/App/usbd_cdc_if.o
                0x20000500                UserRxBufferFS
 .bss.UserTxBufferFS
                0x20000900      0x400 ./USB_DEVICE/App/usbd_cdc_if.o
                0x20000900                UserTxBufferFS
 .bss.USBD_StrDesc
                0x20000d00      0x200 ./USB_DEVICE/App/usbd_desc.o
                0x20000d00                USBD_StrDesc
 .bss.hpcd_USB_OTG_FS
                0x20000f00      0x4e4 ./USB_DEVICE/Target/usbd_conf.o
                0x20000f00                hpcd_USB_OTG_FS
 .bss.mem.0     0x200013e4      0x220 ./USB_DEVICE/Target/usbd_conf.o
 *(COMMON)
                0x20001604                        . = ALIGN (0x4)
                0x20001604                        _ebss = .
                0x20001604                        __bss_end__ = _ebss

._user_heap_stack
                0x20001604      0x604 load address 0x08008670
                0x20001608                        . = ALIGN (0x8)
 *fill*         0x20001604        0x4 
                [!provide]                        PROVIDE (end = .)
                0x20001608                        PROVIDE (_end = .)
                0x20001808                        . = (. + _Min_Heap_Size)
 *fill*         0x20001608      0x200 
                0x20001c08                        . = (. + _Min_Stack_Size)
 *fill*         0x20001808      0x400 
                0x20001c08                        . = ALIGN (0x8)

/DISCARD/
 libc.a(*)
 libm.a(*)
 libgcc.a(*)

.ARM.attributes
                0x00000000       0x30
 *(.ARM.attributes)
 .ARM.attributes
                0x00000000       0x22 C:/ST/STM32CubeIDE_1.17.0/STM32CubeIDE/plugins/com.st.stm32cube.ide.mcu.externaltools.gnu-tools-for-stm32.12.3.rel1.win32_1.1.0.202410251130/tools/bin/../lib/gcc/arm-none-eabi/12.3.1/thumb/v7e-m+fp/hard/crti.o
 .ARM.attributes
                0x00000022       0x34 C:/ST/STM32CubeIDE_1.17.0/STM32CubeIDE/plugins/com.st.stm32cube.ide.mcu.externaltools.gnu-tools-for-stm32.12.3.rel1.win32_1.1.0.202410251130/tools/bin/../lib/gcc/arm-none-eabi/12.3.1/thumb/v7e-m+fp/hard/crtbegin.o
 .ARM.attributes
                0x00000056       0x34 ./Core/Src/gpio.o
 .ARM.attributes
                0x0000008a       0x34 ./Core/Src/i2c.o
 .ARM.attributes
                0x000000be       0x34 ./Core/Src/main.o
 .ARM.attributes
                0x000000f2       0x34 ./Core/Src/spi.o
 .ARM.attributes
                0x00000126       0x34 ./Core/Src/stm32f4xx_hal_msp.o
 .ARM.attributes
                0x0000015a       0x34 ./Core/Src/stm32f4xx_it.o
 .ARM.attributes
                0x0000018e       0x34 ./Core/Src/system_stm32f4xx.o
 .ARM.attributes
                0x000001c2       0x21 ./Core/Startup/startup_stm32f401ccux.o
 .ARM.attributes
                0x000001e3       0x34 ./Drivers/STM32F4xx_HAL_Driver/stm32f4xx_hal.o
 .ARM.attributes
                0x00000217       0x34 ./Drivers/STM32F4xx_HAL_Driver/stm32f4xx_hal_cortex.o
 .ARM.attributes
                0x0000024b       0x34 ./Drivers/STM32F4xx_HAL_Driver/stm32f4xx_hal_gpio.o
 .ARM.attributes
                0x0000027f       0x34 ./Drivers/STM32F4xx_HAL_Driver/stm32f4xx_hal_i2c.o
 .ARM.attributes
                0x000002b3       0x34 ./Drivers/STM32F4xx_HAL_Driver/stm32f4xx_hal_pcd.o
 .ARM.attributes
                0x000002e7       0x34 ./Drivers/STM32F4xx_HAL_Driver/stm32f4xx_hal_pcd_ex.o
 .ARM.attributes
                0x0000031b       0x34 ./Drivers/STM32F4xx_HAL_Driver/stm32f4xx_hal_rcc.o
 .ARM.attributes
                0x0000034f       0x34 ./Drivers/STM32F4xx_HAL_Driver/stm32f4xx_hal_spi.o
 .ARM.attributes
                0x00000383       0x34 ./Drivers/STM32F4xx_HAL_Driver/stm32f4xx_ll_usb.o
 .ARM.attributes
                0x000003b7       0x34 ./Middlewares/USB_Device_Library/usbd_cdc.o
 .ARM.attributes
                0x000003eb       0x34 ./Middlewares/USB_Device_Library/usbd_core.o
 .ARM.attributes
                0x0000041f       0x34 ./Middlewares/USB_Device_Library/usbd_ctlreq.o
 .ARM.attributes
                0x00000453       0x34 ./Middlewares/USB_Device_Library/usbd_ioreq.o
 .ARM.attributes
                0x00000487       0x34 ./USB_DEVICE/App/usb_device.o
 .ARM.attributes
                0x000004bb       0x34 ./USB_DEVICE/App/usbd_cdc_if.o
 .ARM.attributes
                0x000004ef       0x34 ./USB_DEVICE/App/usbd_desc.o
 .ARM.attributes
                0x00000523       0x34 ./USB_DEVICE/Target/usbd_conf.o
 .ARM.attributes
                0x00000557       0x34 C:/ST/STM32CubeIDE_1.17.0/STM32CubeIDE/plugins/com.st.stm32cube.ide.mcu.externaltools.gnu-tools-for-stm32.12.3.rel1.win32_1.1.0.202410251130/tools/bin/../lib/gcc/arm-none-eabi/12.3.1/../../../../arm-none-eabi/lib/thumb/v7e-m+fp/hard\libc_nano.a(libc_a-itoa.o)
 .ARM.attributes
                0x0000058b       0x34 C:/ST/STM32CubeIDE_1.17.0/STM32CubeIDE/plugins/com.st.stm32cube.ide.mcu.externaltools.gnu-tools-for-stm32.12.3.rel1.win32_1.1.0.202410251130/tools/bin/../lib/gcc/arm-none-eabi/12.3.1/../../../../arm-none-eabi/lib/thumb/v7e-m+fp/hard\libc_nano.a(libc_a-utoa.o)
 .ARM.attributes
                0x000005bf       0x34 C:/ST/STM32CubeIDE_1.17.0/STM32CubeIDE/plugins/com.st.stm32cube.ide.mcu.externaltools.gnu-tools-for-stm32.12.3.rel1.win32_1.1.0.202410251130/tools/bin/../lib/gcc/arm-none-eabi/12.3.1/../../../../arm-none-eabi/lib/thumb/v7e-m+fp/hard\libc_nano.a(libc_a-memset.o)
 .ARM.attributes
                0x000005f3       0x34 C:/ST/STM32CubeIDE_1.17.0/STM32CubeIDE/plugins/com.st.stm32cube.ide.mcu.externaltools.gnu-tools-for-stm32.12.3.rel1.win32_1.1.0.202410251130/tools/bin/../lib/gcc/arm-none-eabi/12.3.1/../../../../arm-none-eabi/lib/thumb/v7e-m+fp/hard\libc_nano.a(libc_a-init.o)
 .ARM.attributes
                0x00000627       0x22 C:/ST/STM32CubeIDE_1.17.0/STM32CubeIDE/plugins/com.st.stm32cube.ide.mcu.externaltools.gnu-tools-for-stm32.12.3.rel1.win32_1.1.0.202410251130/tools/bin/../lib/gcc/arm-none-eabi/12.3.1/thumb/v7e-m+fp/hard\libgcc.a(_aeabi_uldivmod.o)
 .ARM.attributes
                0x00000649       0x34 C:/ST/STM32CubeIDE_1.17.0/STM32CubeIDE/plugins/com.st.stm32cube.ide.mcu.externaltools.gnu-tools-for-stm32.12.3.rel1.win32_1.1.0.202410251130/tools/bin/../lib/gcc/arm-none-eabi/12.3.1/thumb/v7e-m+fp/hard\libgcc.a(_udivmoddi4.o)
 .ARM.attributes
                0x0000067d       0x22 C:/ST/STM32CubeIDE_1.17.0/STM32CubeIDE/plugins/com.st.stm32cube.ide.mcu.externaltools.gnu-tools-for-stm32.12.3.rel1.win32_1.1.0.202410251130/tools/bin/../lib/gcc/arm-none-eabi/12.3.1/thumb/v7e-m+fp/hard\libgcc.a(_dvmd_tls.o)
 .ARM.attributes
                0x0000069f       0x22 C:/ST/STM32CubeIDE_1.17.0/STM32CubeIDE/plugins/com.st.stm32cube.ide.mcu.externaltools.gnu-tools-for-stm32.12.3.rel1.win32_1.1.0.202410251130/tools/bin/../lib/gcc/arm-none-eabi/12.3.1/thumb/v7e-m+fp/hard/crtn.o
OUTPUT(stm-accelerometer.elf elf32-littlearm)
LOAD linker stubs
LOAD C:/ST/STM32CubeIDE_1.17.0/STM32CubeIDE/plugins/com.st.stm32cube.ide.mcu.externaltools.gnu-tools-for-stm32.12.3.rel1.win32_1.1.0.202410251130/tools/bin/../lib/gcc/arm-none-eabi/12.3.1/../../../../arm-none-eabi/lib/thumb/v7e-m+fp/hard\libc.a
LOAD C:/ST/STM32CubeIDE_1.17.0/STM32CubeIDE/plugins/com.st.stm32cube.ide.mcu.externaltools.gnu-tools-for-stm32.12.3.rel1.win32_1.1.0.202410251130/tools/bin/../lib/gcc/arm-none-eabi/12.3.1/../../../../arm-none-eabi/lib/thumb/v7e-m+fp/hard\libm.a
LOAD C:/ST/STM32CubeIDE_1.17.0/STM32CubeIDE/plugins/com.st.stm32cube.ide.mcu.externaltools.gnu-tools-for-stm32.12.3.rel1.win32_1.1.0.202410251130/tools/bin/../lib/gcc/arm-none-eabi/12.3.1/thumb/v7e-m+fp/hard\libgcc.a

.debug_info     0x00000000    0x12aef
 .debug_info    0x00000000      0x433 ./Core/Src/gpio.o
 .debug_info    0x00000433      0x9a5 ./Core/Src/i2c.o
 .debug_info    0x00000dd8      0xd07 ./Core/Src/main.o
 .debug_info    0x00001adf      0x9d8 ./Core/Src/spi.o
 .debug_info    0x000024b7      0x291 ./Core/Src/stm32f4xx_hal_msp.o
 .debug_info    0x00002748      0x627 ./Core/Src/stm32f4xx_it.o
 .debug_info    0x00002d6f      0x53e ./Core/Src/system_stm32f4xx.o
 .debug_info    0x000032ad       0x30 ./Core/Startup/startup_stm32f401ccux.o
 .debug_info    0x000032dd      0x8bb ./Drivers/STM32F4xx_HAL_Driver/stm32f4xx_hal.o
 .debug_info    0x00003b98      0xcf6 ./Drivers/STM32F4xx_HAL_Driver/stm32f4xx_hal_cortex.o
 .debug_info    0x0000488e      0x6f9 ./Drivers/STM32F4xx_HAL_Driver/stm32f4xx_hal_gpio.o
 .debug_info    0x00004f87     0x2426 ./Drivers/STM32F4xx_HAL_Driver/stm32f4xx_hal_i2c.o
 .debug_info    0x000073ad     0x1577 ./Drivers/STM32F4xx_HAL_Driver/stm32f4xx_hal_pcd.o
 .debug_info    0x00008924      0x6ea ./Drivers/STM32F4xx_HAL_Driver/stm32f4xx_hal_pcd_ex.o
 .debug_info    0x0000900e      0x8f1 ./Drivers/STM32F4xx_HAL_Driver/stm32f4xx_hal_rcc.o
 .debug_info    0x000098ff     0x1530 ./Drivers/STM32F4xx_HAL_Driver/stm32f4xx_hal_spi.o
 .debug_info    0x0000ae2f     0x1993 ./Drivers/STM32F4xx_HAL_Driver/stm32f4xx_ll_usb.o
 .debug_info    0x0000c7c2     0x12a3 ./Middlewares/USB_Device_Library/usbd_cdc.o
 .debug_info    0x0000da65      0xe05 ./Middlewares/USB_Device_Library/usbd_core.o
 .debug_info    0x0000e86a      0xade ./Middlewares/USB_Device_Library/usbd_ctlreq.o
 .debug_info    0x0000f348      0x755 ./Middlewares/USB_Device_Library/usbd_ioreq.o
 .debug_info    0x0000fa9d      0x701 ./USB_DEVICE/App/usb_device.o
 .debug_info    0x0001019e      0x8fa ./USB_DEVICE/App/usbd_cdc_if.o
 .debug_info    0x00010a98      0x458 ./USB_DEVICE/App/usbd_desc.o
 .debug_info    0x00010ef0     0x1bff ./USB_DEVICE/Target/usbd_conf.o

.debug_abbrev   0x00000000     0x3443
 .debug_abbrev  0x00000000      0x151 ./Core/Src/gpio.o
 .debug_abbrev  0x00000151      0x1f0 ./Core/Src/i2c.o
 .debug_abbrev  0x00000341      0x23b ./Core/Src/main.o
 .debug_abbrev  0x0000057c      0x1fe ./Core/Src/spi.o
 .debug_abbrev  0x0000077a       0xd8 ./Core/Src/stm32f4xx_hal_msp.o
 .debug_abbrev  0x00000852      0x1a4 ./Core/Src/stm32f4xx_it.o
 .debug_abbrev  0x000009f6      0x11a ./Core/Src/system_stm32f4xx.o
 .debug_abbrev  0x00000b10       0x24 ./Core/Startup/startup_stm32f401ccux.o
 .debug_abbrev  0x00000b34      0x24b ./Drivers/STM32F4xx_HAL_Driver/stm32f4xx_hal.o
 .debug_abbrev  0x00000d7f      0x31d ./Drivers/STM32F4xx_HAL_Driver/stm32f4xx_hal_cortex.o
 .debug_abbrev  0x0000109c      0x1d3 ./Drivers/STM32F4xx_HAL_Driver/stm32f4xx_hal_gpio.o
 .debug_abbrev  0x0000126f      0x2bc ./Drivers/STM32F4xx_HAL_Driver/stm32f4xx_hal_i2c.o
 .debug_abbrev  0x0000152b      0x2b6 ./Drivers/STM32F4xx_HAL_Driver/stm32f4xx_hal_pcd.o
 .debug_abbrev  0x000017e1      0x1da ./Drivers/STM32F4xx_HAL_Driver/stm32f4xx_hal_pcd_ex.o
 .debug_abbrev  0x000019bb      0x2b6 ./Drivers/STM32F4xx_HAL_Driver/stm32f4xx_hal_rcc.o
 .debug_abbrev  0x00001c71      0x276 ./Drivers/STM32F4xx_HAL_Driver/stm32f4xx_hal_spi.o
 .debug_abbrev  0x00001ee7      0x2b3 ./Drivers/STM32F4xx_HAL_Driver/stm32f4xx_ll_usb.o
 .debug_abbrev  0x0000219a      0x2d2 ./Middlewares/USB_Device_Library/usbd_cdc.o
 .debug_abbrev  0x0000246c      0x27c ./Middlewares/USB_Device_Library/usbd_core.o
 .debug_abbrev  0x000026e8      0x26f ./Middlewares/USB_Device_Library/usbd_ctlreq.o
 .debug_abbrev  0x00002957      0x19a ./Middlewares/USB_Device_Library/usbd_ioreq.o
 .debug_abbrev  0x00002af1      0x195 ./USB_DEVICE/App/usb_device.o
 .debug_abbrev  0x00002c86      0x29d ./USB_DEVICE/App/usbd_cdc_if.o
 .debug_abbrev  0x00002f23      0x1e1 ./USB_DEVICE/App/usbd_desc.o
 .debug_abbrev  0x00003104      0x33f ./USB_DEVICE/Target/usbd_conf.o

.debug_aranges  0x00000000     0x1048
 .debug_aranges
                0x00000000       0x20 ./Core/Src/gpio.o
 .debug_aranges
                0x00000020       0x30 ./Core/Src/i2c.o
 .debug_aranges
                0x00000050       0x30 ./Core/Src/main.o
 .debug_aranges
                0x00000080       0x38 ./Core/Src/spi.o
 .debug_aranges
                0x000000b8       0x20 ./Core/Src/stm32f4xx_hal_msp.o
 .debug_aranges
                0x000000d8       0x68 ./Core/Src/stm32f4xx_it.o
 .debug_aranges
                0x00000140       0x28 ./Core/Src/system_stm32f4xx.o
 .debug_aranges
                0x00000168       0x28 ./Core/Startup/startup_stm32f401ccux.o
 .debug_aranges
                0x00000190       0xf0 ./Drivers/STM32F4xx_HAL_Driver/stm32f4xx_hal.o
 .debug_aranges
                0x00000280      0x130 ./Drivers/STM32F4xx_HAL_Driver/stm32f4xx_hal_cortex.o
 .debug_aranges
                0x000003b0       0x58 ./Drivers/STM32F4xx_HAL_Driver/stm32f4xx_hal_gpio.o
 .debug_aranges
                0x00000408      0x2a8 ./Drivers/STM32F4xx_HAL_Driver/stm32f4xx_hal_i2c.o
 .debug_aranges
                0x000006b0      0x148 ./Drivers/STM32F4xx_HAL_Driver/stm32f4xx_hal_pcd.o
 .debug_aranges
                0x000007f8       0x38 ./Drivers/STM32F4xx_HAL_Driver/stm32f4xx_hal_pcd_ex.o
 .debug_aranges
                0x00000830       0x88 ./Drivers/STM32F4xx_HAL_Driver/stm32f4xx_hal_rcc.o
 .debug_aranges
                0x000008b8      0x1d0 ./Drivers/STM32F4xx_HAL_Driver/stm32f4xx_hal_spi.o
 .debug_aranges
                0x00000a88      0x1a0 ./Drivers/STM32F4xx_HAL_Driver/stm32f4xx_ll_usb.o
 .debug_aranges
                0x00000c28       0x90 ./Middlewares/USB_Device_Library/usbd_cdc.o
 .debug_aranges
                0x00000cb8       0xd8 ./Middlewares/USB_Device_Library/usbd_core.o
 .debug_aranges
                0x00000d90       0x90 ./Middlewares/USB_Device_Library/usbd_ctlreq.o
 .debug_aranges
                0x00000e20       0x50 ./Middlewares/USB_Device_Library/usbd_ioreq.o
 .debug_aranges
                0x00000e70       0x20 ./USB_DEVICE/App/usb_device.o
 .debug_aranges
                0x00000e90       0x48 ./USB_DEVICE/App/usbd_cdc_if.o
 .debug_aranges
                0x00000ed8       0x60 ./USB_DEVICE/App/usbd_desc.o
 .debug_aranges
                0x00000f38      0x110 ./USB_DEVICE/Target/usbd_conf.o

.debug_rnglists
                0x00000000      0xc53
 .debug_rnglists
                0x00000000       0x14 ./Core/Src/gpio.o
 .debug_rnglists
                0x00000014       0x20 ./Core/Src/i2c.o
 .debug_rnglists
                0x00000034       0x21 ./Core/Src/main.o
 .debug_rnglists
                0x00000055       0x26 ./Core/Src/spi.o
 .debug_rnglists
                0x0000007b       0x13 ./Core/Src/stm32f4xx_hal_msp.o
 .debug_rnglists
                0x0000008e       0x49 ./Core/Src/stm32f4xx_it.o
 .debug_rnglists
                0x000000d7       0x1a ./Core/Src/system_stm32f4xx.o
 .debug_rnglists
                0x000000f1       0x19 ./Core/Startup/startup_stm32f401ccux.o
 .debug_rnglists
                0x0000010a       0xaf ./Drivers/STM32F4xx_HAL_Driver/stm32f4xx_hal.o
 .debug_rnglists
                0x000001b9       0xe0 ./Drivers/STM32F4xx_HAL_Driver/stm32f4xx_hal_cortex.o
 .debug_rnglists
                0x00000299       0x3f ./Drivers/STM32F4xx_HAL_Driver/stm32f4xx_hal_gpio.o
 .debug_rnglists
                0x000002d8      0x23c ./Drivers/STM32F4xx_HAL_Driver/stm32f4xx_hal_i2c.o
 .debug_rnglists
                0x00000514       0xfa ./Drivers/STM32F4xx_HAL_Driver/stm32f4xx_hal_pcd.o
 .debug_rnglists
                0x0000060e       0x26 ./Drivers/STM32F4xx_HAL_Driver/stm32f4xx_hal_pcd_ex.o
 .debug_rnglists
                0x00000634       0x66 ./Drivers/STM32F4xx_HAL_Driver/stm32f4xx_hal_rcc.o
 .debug_rnglists
                0x0000069a      0x16f ./Drivers/STM32F4xx_HAL_Driver/stm32f4xx_hal_spi.o
 .debug_rnglists
                0x00000809      0x147 ./Drivers/STM32F4xx_HAL_Driver/stm32f4xx_ll_usb.o
 .debug_rnglists
                0x00000950       0x6c ./Middlewares/USB_Device_Library/usbd_cdc.o
 .debug_rnglists
                0x000009bc       0xa1 ./Middlewares/USB_Device_Library/usbd_core.o
 .debug_rnglists
                0x00000a5d       0x6e ./Middlewares/USB_Device_Library/usbd_ctlreq.o
 .debug_rnglists
                0x00000acb       0x37 ./Middlewares/USB_Device_Library/usbd_ioreq.o
 .debug_rnglists
                0x00000b02       0x13 ./USB_DEVICE/App/usb_device.o
 .debug_rnglists
                0x00000b15       0x32 ./USB_DEVICE/App/usbd_cdc_if.o
 .debug_rnglists
                0x00000b47       0x43 ./USB_DEVICE/App/usbd_desc.o
 .debug_rnglists
                0x00000b8a       0xc9 ./USB_DEVICE/Target/usbd_conf.o

.debug_macro    0x00000000    0x18cb0
 .debug_macro   0x00000000      0x210 ./Core/Src/gpio.o
 .debug_macro   0x00000210      0xab4 ./Core/Src/gpio.o
 .debug_macro   0x00000cc4      0x2a1 ./Core/Src/gpio.o
 .debug_macro   0x00000f65       0x2e ./Core/Src/gpio.o
 .debug_macro   0x00000f93       0x28 ./Core/Src/gpio.o
 .debug_macro   0x00000fbb       0x22 ./Core/Src/gpio.o
 .debug_macro   0x00000fdd       0x8e ./Core/Src/gpio.o
 .debug_macro   0x0000106b       0x51 ./Core/Src/gpio.o
 .debug_macro   0x000010bc      0x103 ./Core/Src/gpio.o
 .debug_macro   0x000011bf       0x6a ./Core/Src/gpio.o
 .debug_macro   0x00001229      0x1df ./Core/Src/gpio.o
 .debug_macro   0x00001408       0x1c ./Core/Src/gpio.o
 .debug_macro   0x00001424       0x22 ./Core/Src/gpio.o
 .debug_macro   0x00001446       0xfb ./Core/Src/gpio.o
 .debug_macro   0x00001541     0x1011 ./Core/Src/gpio.o
 .debug_macro   0x00002552      0x11f ./Core/Src/gpio.o
 .debug_macro   0x00002671     0xb86c ./Core/Src/gpio.o
 .debug_macro   0x0000dedd       0x6d ./Core/Src/gpio.o
 .debug_macro   0x0000df4a     0x369a ./Core/Src/gpio.o
 .debug_macro   0x000115e4      0x189 ./Core/Src/gpio.o
 .debug_macro   0x0001176d       0x5c ./Core/Src/gpio.o
 .debug_macro   0x000117c9      0x416 ./Core/Src/gpio.o
 .debug_macro   0x00011bdf      0x9e9 ./Core/Src/gpio.o
 .debug_macro   0x000125c8      0x115 ./Core/Src/gpio.o
 .debug_macro   0x000126dd       0xf8 ./Core/Src/gpio.o
 .debug_macro   0x000127d5       0xa5 ./Core/Src/gpio.o
 .debug_macro   0x0001287a      0x15f ./Core/Src/gpio.o
 .debug_macro   0x000129d9      0x287 ./Core/Src/gpio.o
 .debug_macro   0x00012c60       0x5f ./Core/Src/gpio.o
 .debug_macro   0x00012cbf      0x236 ./Core/Src/gpio.o
 .debug_macro   0x00012ef5      0x132 ./Core/Src/gpio.o
 .debug_macro   0x00013027      0x23a ./Core/Src/gpio.o
 .debug_macro   0x00013261       0x2e ./Core/Src/gpio.o
 .debug_macro   0x0001328f      0x1b5 ./Core/Src/gpio.o
 .debug_macro   0x00013444       0x22 ./Core/Src/gpio.o
 .debug_macro   0x00013466       0xd6 ./Core/Src/gpio.o
 .debug_macro   0x0001353c      0x127 ./Core/Src/gpio.o
 .debug_macro   0x00013663       0x85 ./Core/Src/gpio.o
 .debug_macro   0x000136e8       0x89 ./Core/Src/gpio.o
 .debug_macro   0x00013771      0x225 ./Core/Src/gpio.o
 .debug_macro   0x00013996      0x293 ./Core/Src/gpio.o
 .debug_macro   0x00013c29       0xba ./Core/Src/gpio.o
 .debug_macro   0x00013ce3      0x126 ./Core/Src/gpio.o
 .debug_macro   0x00013e09       0x10 ./Core/Src/gpio.o
 .debug_macro   0x00013e19      0x210 ./Core/Src/i2c.o
 .debug_macro   0x00014029      0x392 ./Core/Src/main.o
 .debug_macro   0x000143bb       0x61 ./Core/Src/main.o
 .debug_macro   0x0001441c       0x2a ./Core/Src/main.o
 .debug_macro   0x00014446       0x43 ./Core/Src/main.o
 .debug_macro   0x00014489       0x34 ./Core/Src/main.o
 .debug_macro   0x000144bd       0x16 ./Core/Src/main.o
 .debug_macro   0x000144d3       0x35 ./Core/Src/main.o
 .debug_macro   0x00014508      0x369 ./Core/Src/main.o
 .debug_macro   0x00014871       0x10 ./Core/Src/main.o
 .debug_macro   0x00014881       0x16 ./Core/Src/main.o
 .debug_macro   0x00014897       0x43 ./Core/Src/main.o
 .debug_macro   0x000148da       0x34 ./Core/Src/main.o
 .debug_macro   0x0001490e       0x10 ./Core/Src/main.o
 .debug_macro   0x0001491e       0x58 ./Core/Src/main.o
 .debug_macro   0x00014976       0x8e ./Core/Src/main.o
 .debug_macro   0x00014a04       0x1c ./Core/Src/main.o
 .debug_macro   0x00014a20      0x177 ./Core/Src/main.o
 .debug_macro   0x00014b97       0x16 ./Core/Src/main.o
 .debug_macro   0x00014bad       0x16 ./Core/Src/main.o
 .debug_macro   0x00014bc3      0x146 ./Core/Src/main.o
 .debug_macro   0x00014d09       0x16 ./Core/Src/main.o
 .debug_macro   0x00014d1f       0x16 ./Core/Src/main.o
 .debug_macro   0x00014d35       0x29 ./Core/Src/main.o
 .debug_macro   0x00014d5e       0x16 ./Core/Src/main.o
 .debug_macro   0x00014d74       0x20 ./Core/Src/main.o
 .debug_macro   0x00014d94       0x65 ./Core/Src/main.o
 .debug_macro   0x00014df9      0x20f ./Core/Src/main.o
 .debug_macro   0x00015008      0x210 ./Core/Src/spi.o
 .debug_macro   0x00015218      0x206 ./Core/Src/stm32f4xx_hal_msp.o
 .debug_macro   0x0001541e      0x210 ./Core/Src/stm32f4xx_it.o
 .debug_macro   0x0001562e      0x1f7 ./Core/Src/system_stm32f4xx.o
 .debug_macro   0x00015825      0x257 ./Drivers/STM32F4xx_HAL_Driver/stm32f4xx_hal.o
 .debug_macro   0x00015a7c      0x1f7 ./Drivers/STM32F4xx_HAL_Driver/stm32f4xx_hal_cortex.o
 .debug_macro   0x00015c73      0x1fd ./Drivers/STM32F4xx_HAL_Driver/stm32f4xx_hal_gpio.o
 .debug_macro   0x00015e70      0x245 ./Drivers/STM32F4xx_HAL_Driver/stm32f4xx_hal_i2c.o
 .debug_macro   0x000160b5      0x203 ./Drivers/STM32F4xx_HAL_Driver/stm32f4xx_hal_pcd.o
 .debug_macro   0x000162b8      0x1f7 ./Drivers/STM32F4xx_HAL_Driver/stm32f4xx_hal_pcd_ex.o
 .debug_macro   0x000164af      0x21b ./Drivers/STM32F4xx_HAL_Driver/stm32f4xx_hal_rcc.o
 .debug_macro   0x000166ca      0x206 ./Drivers/STM32F4xx_HAL_Driver/stm32f4xx_hal_spi.o
 .debug_macro   0x000168d0      0x1f7 ./Drivers/STM32F4xx_HAL_Driver/stm32f4xx_ll_usb.o
 .debug_macro   0x00016ac7      0x395 ./Middlewares/USB_Device_Library/usbd_cdc.o
 .debug_macro   0x00016e5c       0x9e ./Middlewares/USB_Device_Library/usbd_cdc.o
 .debug_macro   0x00016efa      0x10b ./Middlewares/USB_Device_Library/usbd_cdc.o
 .debug_macro   0x00017005       0x56 ./Middlewares/USB_Device_Library/usbd_cdc.o
 .debug_macro   0x0001705b       0x95 ./Middlewares/USB_Device_Library/usbd_cdc.o
 .debug_macro   0x000170f0      0x37c ./Middlewares/USB_Device_Library/usbd_core.o
 .debug_macro   0x0001746c      0x215 ./Middlewares/USB_Device_Library/usbd_core.o
 .debug_macro   0x00017681      0x386 ./Middlewares/USB_Device_Library/usbd_ctlreq.o
 .debug_macro   0x00017a07      0x382 ./Middlewares/USB_Device_Library/usbd_ioreq.o
 .debug_macro   0x00017d89      0x3b5 ./USB_DEVICE/App/usb_device.o
 .debug_macro   0x0001813e       0x16 ./USB_DEVICE/App/usb_device.o
 .debug_macro   0x00018154       0x22 ./USB_DEVICE/App/usb_device.o
 .debug_macro   0x00018176       0x16 ./USB_DEVICE/App/usb_device.o
 .debug_macro   0x0001818c      0x3a0 ./USB_DEVICE/App/usbd_cdc_if.o
 .debug_macro   0x0001852c       0x10 ./USB_DEVICE/App/usbd_cdc_if.o
 .debug_macro   0x0001853c      0x3bf ./USB_DEVICE/App/usbd_desc.o
 .debug_macro   0x000188fb       0x1c ./USB_DEVICE/App/usbd_desc.o
 .debug_macro   0x00018917      0x399 ./USB_DEVICE/Target/usbd_conf.o

.debug_line     0x00000000    0x1874b
 .debug_line    0x00000000      0x89c ./Core/Src/gpio.o
 .debug_line    0x0000089c      0x8da ./Core/Src/i2c.o
 .debug_line    0x00001176      0xc7d ./Core/Src/main.o
 .debug_line    0x00001df3      0x958 ./Core/Src/spi.o
 .debug_line    0x0000274b      0x870 ./Core/Src/stm32f4xx_hal_msp.o
 .debug_line    0x00002fbb      0x94b ./Core/Src/stm32f4xx_it.o
 .debug_line    0x00003906      0x8f5 ./Core/Src/system_stm32f4xx.o
 .debug_line    0x000041fb       0x7a ./Core/Startup/startup_stm32f401ccux.o
 .debug_line    0x00004275      0xb97 ./Drivers/STM32F4xx_HAL_Driver/stm32f4xx_hal.o
 .debug_line    0x00004e0c      0xe89 ./Drivers/STM32F4xx_HAL_Driver/stm32f4xx_hal_cortex.o
 .debug_line    0x00005c95      0xce7 ./Drivers/STM32F4xx_HAL_Driver/stm32f4xx_hal_gpio.o
 .debug_line    0x0000697c     0x3cdd ./Drivers/STM32F4xx_HAL_Driver/stm32f4xx_hal_i2c.o
 .debug_line    0x0000a659     0x1680 ./Drivers/STM32F4xx_HAL_Driver/stm32f4xx_hal_pcd.o
 .debug_line    0x0000bcd9      0x974 ./Drivers/STM32F4xx_HAL_Driver/stm32f4xx_hal_pcd_ex.o
 .debug_line    0x0000c64d      0xf20 ./Drivers/STM32F4xx_HAL_Driver/stm32f4xx_hal_rcc.o
 .debug_line    0x0000d56d     0x1eb5 ./Drivers/STM32F4xx_HAL_Driver/stm32f4xx_hal_spi.o
 .debug_line    0x0000f422     0x1f16 ./Drivers/STM32F4xx_HAL_Driver/stm32f4xx_ll_usb.o
 .debug_line    0x00011338     0x109f ./Middlewares/USB_Device_Library/usbd_cdc.o
 .debug_line    0x000123d7     0x10e0 ./Middlewares/USB_Device_Library/usbd_core.o
 .debug_line    0x000134b7     0x12f0 ./Middlewares/USB_Device_Library/usbd_ctlreq.o
 .debug_line    0x000147a7      0xbfa ./Middlewares/USB_Device_Library/usbd_ioreq.o
 .debug_line    0x000153a1      0xbb6 ./USB_DEVICE/App/usb_device.o
 .debug_line    0x00015f57      0xc19 ./USB_DEVICE/App/usbd_cdc_if.o
 .debug_line    0x00016b70      0xc46 ./USB_DEVICE/App/usbd_desc.o
 .debug_line    0x000177b6      0xf95 ./USB_DEVICE/Target/usbd_conf.o

.debug_str      0x00000000    0x8acdf
 .debug_str     0x00000000    0x81626 ./Core/Src/gpio.o
                              0x818b0 (size before relaxing)
 .debug_str     0x00081626      0x540 ./Core/Src/i2c.o
                              0x81de4 (size before relaxing)
 .debug_str     0x00081b66     0x44aa ./Core/Src/main.o
                              0x8627c (size before relaxing)
 .debug_str     0x00086010      0x1f6 ./Core/Src/spi.o
                              0x81d4f (size before relaxing)
 .debug_str     0x00086206       0x2c ./Core/Src/stm32f4xx_hal_msp.o
                              0x817e5 (size before relaxing)
 .debug_str     0x00086232      0x460 ./Core/Src/stm32f4xx_it.o
                              0x81b8c (size before relaxing)
 .debug_str     0x00086692       0xdb ./Core/Src/system_stm32f4xx.o
                              0x81863 (size before relaxing)
 .debug_str     0x0008676d       0x44 ./Core/Startup/startup_stm32f401ccux.o
                                 0x89 (size before relaxing)
 .debug_str     0x000867b1      0x9dd ./Drivers/STM32F4xx_HAL_Driver/stm32f4xx_hal.o
                              0x822be (size before relaxing)
 .debug_str     0x0008718e      0x3cb ./Drivers/STM32F4xx_HAL_Driver/stm32f4xx_hal_cortex.o
                              0x82028 (size before relaxing)
 .debug_str     0x00087559      0x147 ./Drivers/STM32F4xx_HAL_Driver/stm32f4xx_hal_gpio.o
                              0x81a17 (size before relaxing)
 .debug_str     0x000876a0      0xb60 ./Drivers/STM32F4xx_HAL_Driver/stm32f4xx_hal_i2c.o
                              0x828ad (size before relaxing)
 .debug_str     0x00088200      0x86a ./Drivers/STM32F4xx_HAL_Driver/stm32f4xx_hal_pcd.o
                              0x82368 (size before relaxing)
 .debug_str     0x00088a6a      0x14e ./Drivers/STM32F4xx_HAL_Driver/stm32f4xx_hal_pcd_ex.o
                              0x81c58 (size before relaxing)
 .debug_str     0x00088bb8      0x238 ./Drivers/STM32F4xx_HAL_Driver/stm32f4xx_hal_rcc.o
                              0x81cd0 (size before relaxing)
 .debug_str     0x00088df0      0x59e ./Drivers/STM32F4xx_HAL_Driver/stm32f4xx_hal_spi.o
                              0x82148 (size before relaxing)
 .debug_str     0x0008938e      0x4e9 ./Drivers/STM32F4xx_HAL_Driver/stm32f4xx_ll_usb.o
                              0x82243 (size before relaxing)
 .debug_str     0x00089877      0xa67 ./Middlewares/USB_Device_Library/usbd_cdc.o
                              0x8688d (size before relaxing)
 .debug_str     0x0008a2de      0x395 ./Middlewares/USB_Device_Library/usbd_core.o
                              0x861e6 (size before relaxing)
 .debug_str     0x0008a673      0x172 ./Middlewares/USB_Device_Library/usbd_ctlreq.o
                              0x86011 (size before relaxing)
 .debug_str     0x0008a7e5       0x8a ./Middlewares/USB_Device_Library/usbd_ioreq.o
                              0x85ee6 (size before relaxing)
 .debug_str     0x0008a86f      0x105 ./USB_DEVICE/App/usb_device.o
                              0x86260 (size before relaxing)
 .debug_str     0x0008a974       0x8a ./USB_DEVICE/App/usbd_cdc_if.o
                              0x862a0 (size before relaxing)
 .debug_str     0x0008a9fe      0x26e ./USB_DEVICE/App/usbd_desc.o
                              0x85dad (size before relaxing)
 .debug_str     0x0008ac6c       0x73 ./USB_DEVICE/Target/usbd_conf.o
                              0x86f52 (size before relaxing)

.comment        0x00000000       0x43
 .comment       0x00000000       0x43 ./Core/Src/gpio.o
                                 0x44 (size before relaxing)
 .comment       0x00000043       0x44 ./Core/Src/i2c.o
 .comment       0x00000043       0x44 ./Core/Src/main.o
 .comment       0x00000043       0x44 ./Core/Src/spi.o
 .comment       0x00000043       0x44 ./Core/Src/stm32f4xx_hal_msp.o
 .comment       0x00000043       0x44 ./Core/Src/stm32f4xx_it.o
 .comment       0x00000043       0x44 ./Core/Src/system_stm32f4xx.o
 .comment       0x00000043       0x44 ./Drivers/STM32F4xx_HAL_Driver/stm32f4xx_hal.o
 .comment       0x00000043       0x44 ./Drivers/STM32F4xx_HAL_Driver/stm32f4xx_hal_cortex.o
 .comment       0x00000043       0x44 ./Drivers/STM32F4xx_HAL_Driver/stm32f4xx_hal_gpio.o
 .comment       0x00000043       0x44 ./Drivers/STM32F4xx_HAL_Driver/stm32f4xx_hal_i2c.o
 .comment       0x00000043       0x44 ./Drivers/STM32F4xx_HAL_Driver/stm32f4xx_hal_pcd.o
 .comment       0x00000043       0x44 ./Drivers/STM32F4xx_HAL_Driver/stm32f4xx_hal_pcd_ex.o
 .comment       0x00000043       0x44 ./Drivers/STM32F4xx_HAL_Driver/stm32f4xx_hal_rcc.o
 .comment       0x00000043       0x44 ./Drivers/STM32F4xx_HAL_Driver/stm32f4xx_hal_spi.o
 .comment       0x00000043       0x44 ./Drivers/STM32F4xx_HAL_Driver/stm32f4xx_ll_usb.o
 .comment       0x00000043       0x44 ./Middlewares/USB_Device_Library/usbd_cdc.o
 .comment       0x00000043       0x44 ./Middlewares/USB_Device_Library/usbd_core.o
 .comment       0x00000043       0x44 ./Middlewares/USB_Device_Library/usbd_ctlreq.o
 .comment       0x00000043       0x44 ./Middlewares/USB_Device_Library/usbd_ioreq.o
 .comment       0x00000043       0x44 ./USB_DEVICE/App/usb_device.o
 .comment       0x00000043       0x44 ./USB_DEVICE/App/usbd_cdc_if.o
 .comment       0x00000043       0x44 ./USB_DEVICE/App/usbd_desc.o
 .comment       0x00000043       0x44 ./USB_DEVICE/Target/usbd_conf.o

.debug_frame    0x00000000     0x4314
 .debug_frame   0x00000000       0x34 ./Core/Src/gpio.o
 .debug_frame   0x00000034       0x74 ./Core/Src/i2c.o
 .debug_frame   0x000000a8       0x70 ./Core/Src/main.o
 .debug_frame   0x00000118       0x90 ./Core/Src/spi.o
 .debug_frame   0x000001a8       0x38 ./Core/Src/stm32f4xx_hal_msp.o
 .debug_frame   0x000001e0      0x120 ./Core/Src/stm32f4xx_it.o
 .debug_frame   0x00000300       0x58 ./Core/Src/system_stm32f4xx.o
 .debug_frame   0x00000358      0x374 ./Drivers/STM32F4xx_HAL_Driver/stm32f4xx_hal.o
 .debug_frame   0x000006cc      0x508 ./Drivers/STM32F4xx_HAL_Driver/stm32f4xx_hal_cortex.o
 .debug_frame   0x00000bd4      0x14c ./Drivers/STM32F4xx_HAL_Driver/stm32f4xx_hal_gpio.o
 .debug_frame   0x00000d20      0xc84 ./Drivers/STM32F4xx_HAL_Driver/stm32f4xx_hal_i2c.o
 .debug_frame   0x000019a4      0x5b8 ./Drivers/STM32F4xx_HAL_Driver/stm32f4xx_hal_pcd.o
 .debug_frame   0x00001f5c       0xb0 ./Drivers/STM32F4xx_HAL_Driver/stm32f4xx_hal_pcd_ex.o
 .debug_frame   0x0000200c      0x1f4 ./Drivers/STM32F4xx_HAL_Driver/stm32f4xx_hal_rcc.o
 .debug_frame   0x00002200      0x828 ./Drivers/STM32F4xx_HAL_Driver/stm32f4xx_hal_spi.o
 .debug_frame   0x00002a28      0x7c0 ./Drivers/STM32F4xx_HAL_Driver/stm32f4xx_ll_usb.o
 .debug_frame   0x000031e8      0x23c ./Middlewares/USB_Device_Library/usbd_cdc.o
 .debug_frame   0x00003424      0x390 ./Middlewares/USB_Device_Library/usbd_core.o
 .debug_frame   0x000037b4      0x23c ./Middlewares/USB_Device_Library/usbd_ctlreq.o
 .debug_frame   0x000039f0      0x10c ./Middlewares/USB_Device_Library/usbd_ioreq.o
 .debug_frame   0x00003afc       0x2c ./USB_DEVICE/App/usb_device.o
 .debug_frame   0x00003b28       0xe4 ./USB_DEVICE/App/usbd_cdc_if.o
 .debug_frame   0x00003c0c      0x160 ./USB_DEVICE/App/usbd_desc.o
 .debug_frame   0x00003d6c      0x47c ./USB_DEVICE/Target/usbd_conf.o
 .debug_frame   0x000041e8       0x38 C:/ST/STM32CubeIDE_1.17.0/STM32CubeIDE/plugins/com.st.stm32cube.ide.mcu.externaltools.gnu-tools-for-stm32.12.3.rel1.win32_1.1.0.202410251130/tools/bin/../lib/gcc/arm-none-eabi/12.3.1/../../../../arm-none-eabi/lib/thumb/v7e-m+fp/hard\libc_nano.a(libc_a-itoa.o)
 .debug_frame   0x00004220       0x48 C:/ST/STM32CubeIDE_1.17.0/STM32CubeIDE/plugins/com.st.stm32cube.ide.mcu.externaltools.gnu-tools-for-stm32.12.3.rel1.win32_1.1.0.202410251130/tools/bin/../lib/gcc/arm-none-eabi/12.3.1/../../../../arm-none-eabi/lib/thumb/v7e-m+fp/hard\libc_nano.a(libc_a-utoa.o)
 .debug_frame   0x00004268       0x20 C:/ST/STM32CubeIDE_1.17.0/STM32CubeIDE/plugins/com.st.stm32cube.ide.mcu.externaltools.gnu-tools-for-stm32.12.3.rel1.win32_1.1.0.202410251130/tools/bin/../lib/gcc/arm-none-eabi/12.3.1/../../../../arm-none-eabi/lib/thumb/v7e-m+fp/hard\libc_nano.a(libc_a-memset.o)
 .debug_frame   0x00004288       0x2c C:/ST/STM32CubeIDE_1.17.0/STM32CubeIDE/plugins/com.st.stm32cube.ide.mcu.externaltools.gnu-tools-for-stm32.12.3.rel1.win32_1.1.0.202410251130/tools/bin/../lib/gcc/arm-none-eabi/12.3.1/../../../../arm-none-eabi/lib/thumb/v7e-m+fp/hard\libc_nano.a(libc_a-init.o)
 .debug_frame   0x000042b4       0x2c C:/ST/STM32CubeIDE_1.17.0/STM32CubeIDE/plugins/com.st.stm32cube.ide.mcu.externaltools.gnu-tools-for-stm32.12.3.rel1.win32_1.1.0.202410251130/tools/bin/../lib/gcc/arm-none-eabi/12.3.1/thumb/v7e-m+fp/hard\libgcc.a(_aeabi_uldivmod.o)
 .debug_frame   0x000042e0       0x34 C:/ST/STM32CubeIDE_1.17.0/STM32CubeIDE/plugins/com.st.stm32cube.ide.mcu.externaltools.gnu-tools-for-stm32.12.3.rel1.win32_1.1.0.202410251130/tools/bin/../lib/gcc/arm-none-eabi/12.3.1/thumb/v7e-m+fp/hard\libgcc.a(_udivmoddi4.o)

.debug_line_str
                0x00000000       0x6d
 .debug_line_str
                0x00000000       0x6d ./Core/Startup/startup_stm32f401ccux.o
